Running tiny, run 01
Transcription saved to reproducibility_results/plenary_full/tiny/plenary_125.wav_whisper.txt
Debug saved to the debug file
Word Error Rate:0.207(20.67%)
Running tiny, run 02
Transcription saved to reproducibility_results/plenary_full/tiny/plenary_125.wav_whisper.txt
Debug saved to the debug file
Word Error Rate:0.209(20.85%)
Running tiny, run 03
Transcription saved to reproducibility_results/plenary_full/tiny/plenary_125.wav_whisper.txt
Debug saved to the debug file
Word Error Rate:0.199(19.93%)
Running tiny, run 04
Transcription saved to reproducibility_results/plenary_full/tiny/plenary_125.wav_whisper.txt
Debug saved to the debug file
Word Error Rate:0.208(20.78%)
Running tiny, run 05
Transcription saved to reproducibility_results/plenary_full/tiny/plenary_125.wav_whisper.txt
Debug saved to the debug file
Word Error Rate:0.212(21.19%)
Running tiny, run 06
Transcription saved to reproducibility_results/plenary_full/tiny/plenary_125.wav_whisper.txt
Debug saved to the debug file
Word Error Rate:0.215(21.48%)
Running tiny, run 07
Transcription saved to reproducibility_results/plenary_full/tiny/plenary_125.wav_whisper.txt
Debug saved to the debug file
Word Error Rate:0.210(20.98%)
Running tiny, run 08
Transcription saved to reproducibility_results/plenary_full/tiny/plenary_125.wav_whisper.txt
Debug saved to the debug file
Word Error Rate:0.216(21.57%)
Running tiny, run 09
Transcription saved to reproducibility_results/plenary_full/tiny/plenary_125.wav_whisper.txt
Debug saved to the debug file
Word Error Rate:0.209(20.88%)
Running tiny, run 10
Transcription saved to reproducibility_results/plenary_full/tiny/plenary_125.wav_whisper.txt
Debug saved to the debug file
Word Error Rate:0.210(20.98%)
Running tiny, run 11
Transcription saved to reproducibility_results/plenary_full/tiny/plenary_125.wav_whisper.txt
Debug saved to the debug file
Word Error Rate:0.206(20.58%)
Running tiny, run 12
Transcription saved to reproducibility_results/plenary_full/tiny/plenary_125.wav_whisper.txt
Debug saved to the debug file
Word Error Rate:0.200(19.96%)
Running tiny, run 13
Transcription saved to reproducibility_results/plenary_full/tiny/plenary_125.wav_whisper.txt
Debug saved to the debug file
Word Error Rate:0.215(21.54%)
Running tiny, run 14
Transcription saved to reproducibility_results/plenary_full/tiny/plenary_125.wav_whisper.txt
Debug saved to the debug file
Word Error Rate:0.202(20.23%)
Running tiny, run 15
Transcription saved to reproducibility_results/plenary_full/tiny/plenary_125.wav_whisper.txt
Debug saved to the debug file
Word Error Rate:0.212(21.20%)
Running tiny, run 16
Transcription saved to reproducibility_results/plenary_full/tiny/plenary_125.wav_whisper.txt
Debug saved to the debug file
Word Error Rate:0.217(21.70%)
Running tiny, run 17
Transcription saved to reproducibility_results/plenary_full/tiny/plenary_125.wav_whisper.txt
Debug saved to the debug file
Word Error Rate:0.217(21.70%)
Running tiny, run 18
Transcription saved to reproducibility_results/plenary_full/tiny/plenary_125.wav_whisper.txt
Debug saved to the debug file
Word Error Rate:0.206(20.61%)
Running tiny, run 19
Transcription saved to reproducibility_results/plenary_full/tiny/plenary_125.wav_whisper.txt
Debug saved to the debug file
Word Error Rate:0.210(20.98%)
Running tiny, run 20
Transcription saved to reproducibility_results/plenary_full/tiny/plenary_125.wav_whisper.txt
Debug saved to the debug file
Word Error Rate:0.208(20.80%)
Running tiny, run 21
Transcription saved to reproducibility_results/plenary_full/tiny/plenary_125.wav_whisper.txt
Debug saved to the debug file
Word Error Rate:0.215(21.47%)
Running tiny, run 22
Transcription saved to reproducibility_results/plenary_full/tiny/plenary_125.wav_whisper.txt
Debug saved to the debug file
Word Error Rate:0.212(21.21%)
Running tiny, run 23
Transcription saved to reproducibility_results/plenary_full/tiny/plenary_125.wav_whisper.txt
Debug saved to the debug file
Word Error Rate:0.214(21.39%)
Running tiny, run 24
Transcription saved to reproducibility_results/plenary_full/tiny/plenary_125.wav_whisper.txt
Debug saved to the debug file
Word Error Rate:0.210(20.96%)
Running tiny, run 25
Transcription saved to reproducibility_results/plenary_full/tiny/plenary_125.wav_whisper.txt
Debug saved to the debug file
Word Error Rate:0.217(21.75%)
Running tiny.en, run 01
Transcription saved to reproducibility_results/plenary_full/tiny.en/plenary_125.wav_whisper.txt
Debug saved to the debug file
Word Error Rate:0.187(18.73%)
Running tiny.en, run 02
