Running tiny, run 01
Transcription saved to reproducibility_results/netconf/tiny/netconf_tech.wav_whisper.txt
Debug saved to the debug file
Word Error Rate:0.380(37.96%)
Running tiny, run 02
Transcription saved to reproducibility_results/netconf/tiny/netconf_tech.wav_whisper.txt
Debug saved to the debug file
Word Error Rate:0.364(36.42%)
Running tiny, run 03
Transcription saved to reproducibility_results/netconf/tiny/netconf_tech.wav_whisper.txt
Debug saved to the debug file
Word Error Rate:0.380(37.96%)
Running tiny, run 04
Transcription saved to reproducibility_results/netconf/tiny/netconf_tech.wav_whisper.txt
Debug saved to the debug file
Word Error Rate:0.392(39.20%)
Running tiny, run 05
Transcription saved to reproducibility_results/netconf/tiny/netconf_tech.wav_whisper.txt
Debug saved to the debug file
Word Error Rate:0.377(37.65%)
Running tiny, run 06
Transcription saved to reproducibility_results/netconf/tiny/netconf_tech.wav_whisper.txt
Debug saved to the debug file
Word Error Rate:0.377(37.65%)
Running tiny, run 07
Transcription saved to reproducibility_results/netconf/tiny/netconf_tech.wav_whisper.txt
Debug saved to the debug file
Word Error Rate:0.389(38.89%)
Running tiny, run 08
Transcription saved to reproducibility_results/netconf/tiny/netconf_tech.wav_whisper.txt
Debug saved to the debug file
Word Error Rate:0.358(35.80%)
Running tiny, run 09
Transcription saved to reproducibility_results/netconf/tiny/netconf_tech.wav_whisper.txt
Debug saved to the debug file
Word Error Rate:0.373(37.35%)
Running tiny, run 10
Transcription saved to reproducibility_results/netconf/tiny/netconf_tech.wav_whisper.txt
Debug saved to the debug file
Word Error Rate:0.373(37.35%)
Running tiny, run 11
Transcription saved to reproducibility_results/netconf/tiny/netconf_tech.wav_whisper.txt
Debug saved to the debug file
Word Error Rate:0.290(29.01%)
Running tiny, run 12
Transcription saved to reproducibility_results/netconf/tiny/netconf_tech.wav_whisper.txt
Debug saved to the debug file
Word Error Rate:0.333(33.33%)
Running tiny, run 13
Transcription saved to reproducibility_results/netconf/tiny/netconf_tech.wav_whisper.txt
Debug saved to the debug file
Word Error Rate:0.340(33.95%)
Running tiny, run 14
Transcription saved to reproducibility_results/netconf/tiny/netconf_tech.wav_whisper.txt
Debug saved to the debug file
Word Error Rate:0.318(31.79%)
Running tiny, run 15
Transcription saved to reproducibility_results/netconf/tiny/netconf_tech.wav_whisper.txt
Debug saved to the debug file
Word Error Rate:0.377(37.65%)
Running tiny, run 16
Transcription saved to reproducibility_results/netconf/tiny/netconf_tech.wav_whisper.txt
Debug saved to the debug file
Word Error Rate:0.377(37.65%)
Running tiny, run 17
Transcription saved to reproducibility_results/netconf/tiny/netconf_tech.wav_whisper.txt
Debug saved to the debug file
Word Error Rate:0.377(37.65%)
Running tiny, run 18
Transcription saved to reproducibility_results/netconf/tiny/netconf_tech.wav_whisper.txt
Debug saved to the debug file
Word Error Rate:0.383(38.27%)
Running tiny, run 19
Transcription saved to reproducibility_results/netconf/tiny/netconf_tech.wav_whisper.txt
Debug saved to the debug file
Word Error Rate:0.343(34.26%)
Running tiny, run 20
Transcription saved to reproducibility_results/netconf/tiny/netconf_tech.wav_whisper.txt
Debug saved to the debug file
Word Error Rate:0.377(37.65%)
Running tiny, run 21
Transcription saved to reproducibility_results/netconf/tiny/netconf_tech.wav_whisper.txt
Debug saved to the debug file
Word Error Rate:0.383(38.27%)
Running tiny, run 22
Transcription saved to reproducibility_results/netconf/tiny/netconf_tech.wav_whisper.txt
Debug saved to the debug file
Word Error Rate:0.358(35.80%)
Running tiny, run 23
Transcription saved to reproducibility_results/netconf/tiny/netconf_tech.wav_whisper.txt
Debug saved to the debug file
Word Error Rate:0.315(31.48%)
Running tiny, run 24
Transcription saved to reproducibility_results/netconf/tiny/netconf_tech.wav_whisper.txt
Debug saved to the debug file
Word Error Rate:0.324(32.41%)
Running tiny, run 25
Transcription saved to reproducibility_results/netconf/tiny/netconf_tech.wav_whisper.txt
Debug saved to the debug file
Word Error Rate:0.299(29.94%)
Running tiny.en, run 01
Transcription saved to reproducibility_results/netconf/tiny.en/netconf_tech.wav_whisper.txt
Debug saved to the debug file
Word Error Rate:0.262(26.23%)
Running tiny.en, run 02
Transcription saved to reproducibility_results/netconf/tiny.en/netconf_tech.wav_whisper.txt
Debug saved to the debug file
Word Error Rate:0.262(26.23%)
Running tiny.en, run 03
Transcription saved to reproducibility_results/netconf/tiny.en/netconf_tech.wav_whisper.txt
Debug saved to the debug file
Word Error Rate:0.262(26.23%)
Running tiny.en, run 04
Transcription saved to reproducibility_results/netconf/tiny.en/netconf_tech.wav_whisper.txt
Debug saved to the debug file
Word Error Rate:0.262(26.23%)
Running tiny.en, run 05
Transcription saved to reproducibility_results/netconf/tiny.en/netconf_tech.wav_whisper.txt
Debug saved to the debug file
Word Error Rate:0.262(26.23%)
Running tiny.en, run 06
Transcription saved to reproducibility_results/netconf/tiny.en/netconf_tech.wav_whisper.txt
Debug saved to the debug file
Word Error Rate:0.262(26.23%)
Running tiny.en, run 07
Transcription saved to reproducibility_results/netconf/tiny.en/netconf_tech.wav_whisper.txt
Debug saved to the debug file
Word Error Rate:0.262(26.23%)
Running tiny.en, run 08
Transcription saved to reproducibility_results/netconf/tiny.en/netconf_tech.wav_whisper.txt
Debug saved to the debug file
Word Error Rate:0.262(26.23%)
Running tiny.en, run 09
Transcription saved to reproducibility_results/netconf/tiny.en/netconf_tech.wav_whisper.txt
Debug saved to the debug file
Word Error Rate:0.262(26.23%)
Running tiny.en, run 10
Transcription saved to reproducibility_results/netconf/tiny.en/netconf_tech.wav_whisper.txt
Debug saved to the debug file
Word Error Rate:0.262(26.23%)
Running tiny.en, run 11
Transcription saved to reproducibility_results/netconf/tiny.en/netconf_tech.wav_whisper.txt
Debug saved to the debug file
Word Error Rate:0.262(26.23%)
Running tiny.en, run 12
Transcription saved to reproducibility_results/netconf/tiny.en/netconf_tech.wav_whisper.txt
Debug saved to the debug file
Word Error Rate:0.262(26.23%)
Running tiny.en, run 13
Transcription saved to reproducibility_results/netconf/tiny.en/netconf_tech.wav_whisper.txt
Debug saved to the debug file
Word Error Rate:0.262(26.23%)
Running tiny.en, run 14
Transcription saved to reproducibility_results/netconf/tiny.en/netconf_tech.wav_whisper.txt
Debug saved to the debug file
Word Error Rate:0.262(26.23%)
Running tiny.en, run 15
Transcription saved to reproducibility_results/netconf/tiny.en/netconf_tech.wav_whisper.txt
Debug saved to the debug file
Word Error Rate:0.262(26.23%)
Running tiny.en, run 16
Transcription saved to reproducibility_results/netconf/tiny.en/netconf_tech.wav_whisper.txt
Debug saved to the debug file
Word Error Rate:0.262(26.23%)
Running tiny.en, run 17
Transcription saved to reproducibility_results/netconf/tiny.en/netconf_tech.wav_whisper.txt
Debug saved to the debug file
Word Error Rate:0.262(26.23%)
Running tiny.en, run 18
Transcription saved to reproducibility_results/netconf/tiny.en/netconf_tech.wav_whisper.txt
Debug saved to the debug file
Word Error Rate:0.262(26.23%)
Running tiny.en, run 19
Transcription saved to reproducibility_results/netconf/tiny.en/netconf_tech.wav_whisper.txt
Debug saved to the debug file
Word Error Rate:0.262(26.23%)
Running tiny.en, run 20
Transcription saved to reproducibility_results/netconf/tiny.en/netconf_tech.wav_whisper.txt
Debug saved to the debug file
Word Error Rate:0.262(26.23%)
Running tiny.en, run 21
Transcription saved to reproducibility_results/netconf/tiny.en/netconf_tech.wav_whisper.txt
Debug saved to the debug file
Word Error Rate:0.262(26.23%)
Running tiny.en, run 22
Transcription saved to reproducibility_results/netconf/tiny.en/netconf_tech.wav_whisper.txt
Debug saved to the debug file
Word Error Rate:0.262(26.23%)
Running tiny.en, run 23
Transcription saved to reproducibility_results/netconf/tiny.en/netconf_tech.wav_whisper.txt
Debug saved to the debug file
Word Error Rate:0.262(26.23%)
Running tiny.en, run 24
Transcription saved to reproducibility_results/netconf/tiny.en/netconf_tech.wav_whisper.txt
Debug saved to the debug file
Word Error Rate:0.262(26.23%)
Running tiny.en, run 25
Transcription saved to reproducibility_results/netconf/tiny.en/netconf_tech.wav_whisper.txt
Debug saved to the debug file
Word Error Rate:0.262(26.23%)
Running base, run 01
Transcription saved to reproducibility_results/netconf/base/netconf_tech.wav_whisper.txt
Debug saved to the debug file
Word Error Rate:0.330(33.02%)
Running base, run 02
Transcription saved to reproducibility_results/netconf/base/netconf_tech.wav_whisper.txt
Debug saved to the debug file
Word Error Rate:0.290(29.01%)
Running base, run 03
Transcription saved to reproducibility_results/netconf/base/netconf_tech.wav_whisper.txt
Debug saved to the debug file
Word Error Rate:0.364(36.42%)
Running base, run 04
Transcription saved to reproducibility_results/netconf/base/netconf_tech.wav_whisper.txt
Debug saved to the debug file
Word Error Rate:0.290(29.01%)
Running base, run 05
Transcription saved to reproducibility_results/netconf/base/netconf_tech.wav_whisper.txt
Debug saved to the debug file
Word Error Rate:0.373(37.35%)
Running base, run 06
Transcription saved to reproducibility_results/netconf/base/netconf_tech.wav_whisper.txt
Debug saved to the debug file
Word Error Rate:0.358(35.80%)
Running base, run 07
Transcription saved to reproducibility_results/netconf/base/netconf_tech.wav_whisper.txt
Debug saved to the debug file
Word Error Rate:0.358(35.80%)
Running base, run 08
Transcription saved to reproducibility_results/netconf/base/netconf_tech.wav_whisper.txt
Debug saved to the debug file
Word Error Rate:0.389(38.89%)
Running base, run 09
Transcription saved to reproducibility_results/netconf/base/netconf_tech.wav_whisper.txt
Debug saved to the debug file
Word Error Rate:0.352(35.19%)
Running base, run 10
Transcription saved to reproducibility_results/netconf/base/netconf_tech.wav_whisper.txt
Debug saved to the debug file
Word Error Rate:0.290(29.01%)
Running base, run 11
Transcription saved to reproducibility_results/netconf/base/netconf_tech.wav_whisper.txt
Debug saved to the debug file
Word Error Rate:0.370(37.04%)
Running base, run 12
Transcription saved to reproducibility_results/netconf/base/netconf_tech.wav_whisper.txt
Debug saved to the debug file
Word Error Rate:0.373(37.35%)
Running base, run 13
Transcription saved to reproducibility_results/netconf/base/netconf_tech.wav_whisper.txt
Debug saved to the debug file
Word Error Rate:0.355(35.49%)
Running base, run 14
Transcription saved to reproducibility_results/netconf/base/netconf_tech.wav_whisper.txt
Debug saved to the debug file
Word Error Rate:0.373(37.35%)
Running base, run 15
Transcription saved to reproducibility_results/netconf/base/netconf_tech.wav_whisper.txt
Debug saved to the debug file
Word Error Rate:0.327(32.72%)
Running base, run 16
Transcription saved to reproducibility_results/netconf/base/netconf_tech.wav_whisper.txt
Debug saved to the debug file
Word Error Rate:0.373(37.35%)
Running base, run 17
Transcription saved to reproducibility_results/netconf/base/netconf_tech.wav_whisper.txt
Debug saved to the debug file
Word Error Rate:0.330(33.02%)
Running base, run 18
Transcription saved to reproducibility_results/netconf/base/netconf_tech.wav_whisper.txt
Debug saved to the debug file
Word Error Rate:0.330(33.02%)
Running base, run 19
Transcription saved to reproducibility_results/netconf/base/netconf_tech.wav_whisper.txt
Debug saved to the debug file
Word Error Rate:0.367(36.73%)
Running base, run 20
Transcription saved to reproducibility_results/netconf/base/netconf_tech.wav_whisper.txt
Debug saved to the debug file
Word Error Rate:0.343(34.26%)
Running base, run 21
Transcription saved to reproducibility_results/netconf/base/netconf_tech.wav_whisper.txt
Debug saved to the debug file
Word Error Rate:0.315(31.48%)
Running base, run 22
Transcription saved to reproducibility_results/netconf/base/netconf_tech.wav_whisper.txt
Debug saved to the debug file
Word Error Rate:0.364(36.42%)
Running base, run 23
Transcription saved to reproducibility_results/netconf/base/netconf_tech.wav_whisper.txt
Debug saved to the debug file
Word Error Rate:0.340(33.95%)
Running base, run 24
Transcription saved to reproducibility_results/netconf/base/netconf_tech.wav_whisper.txt
Debug saved to the debug file
Word Error Rate:0.373(37.35%)
Running base, run 25
Transcription saved to reproducibility_results/netconf/base/netconf_tech.wav_whisper.txt
Debug saved to the debug file
Word Error Rate:0.448(44.75%)
Running base.en, run 01
Transcription saved to reproducibility_results/netconf/base.en/netconf_tech.wav_whisper.txt
Debug saved to the debug file
Word Error Rate:0.241(24.07%)
Running base.en, run 02
Transcription saved to reproducibility_results/netconf/base.en/netconf_tech.wav_whisper.txt
Debug saved to the debug file
Word Error Rate:0.324(32.41%)
Running base.en, run 03
Transcription saved to reproducibility_results/netconf/base.en/netconf_tech.wav_whisper.txt
Debug saved to the debug file
Word Error Rate:0.272(27.16%)
Running base.en, run 04
Transcription saved to reproducibility_results/netconf/base.en/netconf_tech.wav_whisper.txt
Debug saved to the debug file
Word Error Rate:0.315(31.48%)
Running base.en, run 05
Transcription saved to reproducibility_results/netconf/base.en/netconf_tech.wav_whisper.txt
Debug saved to the debug file
Word Error Rate:0.315(31.48%)
Running base.en, run 06
Transcription saved to reproducibility_results/netconf/base.en/netconf_tech.wav_whisper.txt
Debug saved to the debug file
Word Error Rate:0.336(33.64%)
Running base.en, run 07
Transcription saved to reproducibility_results/netconf/base.en/netconf_tech.wav_whisper.txt
Debug saved to the debug file
Word Error Rate:0.250(25.00%)
Running base.en, run 08
Transcription saved to reproducibility_results/netconf/base.en/netconf_tech.wav_whisper.txt
Debug saved to the debug file
Word Error Rate:0.318(31.79%)
Running base.en, run 09
Transcription saved to reproducibility_results/netconf/base.en/netconf_tech.wav_whisper.txt
Debug saved to the debug file
Word Error Rate:0.296(29.63%)
Running base.en, run 10
Transcription saved to reproducibility_results/netconf/base.en/netconf_tech.wav_whisper.txt
Debug saved to the debug file
Word Error Rate:0.281(28.09%)
Running base.en, run 11
Transcription saved to reproducibility_results/netconf/base.en/netconf_tech.wav_whisper.txt
Debug saved to the debug file
Word Error Rate:0.284(28.40%)
Running base.en, run 12
Transcription saved to reproducibility_results/netconf/base.en/netconf_tech.wav_whisper.txt
Debug saved to the debug file
Word Error Rate:0.256(25.62%)
Running base.en, run 13
Transcription saved to reproducibility_results/netconf/base.en/netconf_tech.wav_whisper.txt
Debug saved to the debug file
Word Error Rate:0.278(27.78%)
Running base.en, run 14
Transcription saved to reproducibility_results/netconf/base.en/netconf_tech.wav_whisper.txt
Debug saved to the debug file
Word Error Rate:0.269(26.85%)
Running base.en, run 15
Transcription saved to reproducibility_results/netconf/base.en/netconf_tech.wav_whisper.txt
Debug saved to the debug file
Word Error Rate:0.247(24.69%)
Running base.en, run 16
Transcription saved to reproducibility_results/netconf/base.en/netconf_tech.wav_whisper.txt
Debug saved to the debug file
Word Error Rate:0.349(34.88%)
Running base.en, run 17
Transcription saved to reproducibility_results/netconf/base.en/netconf_tech.wav_whisper.txt
Debug saved to the debug file
Word Error Rate:0.284(28.40%)
Running base.en, run 18
Transcription saved to reproducibility_results/netconf/base.en/netconf_tech.wav_whisper.txt
Debug saved to the debug file
Word Error Rate:0.247(24.69%)
Running base.en, run 19
Transcription saved to reproducibility_results/netconf/base.en/netconf_tech.wav_whisper.txt
Debug saved to the debug file
Word Error Rate:0.241(24.07%)
Running base.en, run 20
Transcription saved to reproducibility_results/netconf/base.en/netconf_tech.wav_whisper.txt
Debug saved to the debug file
Word Error Rate:0.275(27.47%)
Running base.en, run 21
Transcription saved to reproducibility_results/netconf/base.en/netconf_tech.wav_whisper.txt
Debug saved to the debug file
Word Error Rate:0.259(25.93%)
Running base.en, run 22
Transcription saved to reproducibility_results/netconf/base.en/netconf_tech.wav_whisper.txt
Debug saved to the debug file
Word Error Rate:0.256(25.62%)
Running base.en, run 23
Transcription saved to reproducibility_results/netconf/base.en/netconf_tech.wav_whisper.txt
Debug saved to the debug file
Word Error Rate:0.247(24.69%)
Running base.en, run 24
Transcription saved to reproducibility_results/netconf/base.en/netconf_tech.wav_whisper.txt
Debug saved to the debug file
Word Error Rate:0.287(28.70%)
Running base.en, run 25
Transcription saved to reproducibility_results/netconf/base.en/netconf_tech.wav_whisper.txt
Debug saved to the debug file
Word Error Rate:0.241(24.07%)
Running small, run 01
Transcription saved to reproducibility_results/netconf/small/netconf_tech.wav_whisper.txt
Debug saved to the debug file
Word Error Rate:0.364(36.42%)
Running small, run 02
Transcription saved to reproducibility_results/netconf/small/netconf_tech.wav_whisper.txt
Debug saved to the debug file
Word Error Rate:0.306(30.56%)
Running small, run 03
Transcription saved to reproducibility_results/netconf/small/netconf_tech.wav_whisper.txt
Debug saved to the debug file
Word Error Rate:0.349(34.88%)
Running small, run 04
Transcription saved to reproducibility_results/netconf/small/netconf_tech.wav_whisper.txt
Debug saved to the debug file
Word Error Rate:0.352(35.19%)
Running small, run 05
Transcription saved to reproducibility_results/netconf/small/netconf_tech.wav_whisper.txt
Debug saved to the debug file
Word Error Rate:0.219(21.91%)
Running small, run 06
Transcription saved to reproducibility_results/netconf/small/netconf_tech.wav_whisper.txt
Debug saved to the debug file
Word Error Rate:0.228(22.84%)
Running small, run 07
Transcription saved to reproducibility_results/netconf/small/netconf_tech.wav_whisper.txt
Debug saved to the debug file
Word Error Rate:0.235(23.46%)
Running small, run 08
Transcription saved to reproducibility_results/netconf/small/netconf_tech.wav_whisper.txt
Debug saved to the debug file
Word Error Rate:0.293(29.32%)
Running small, run 09
Transcription saved to reproducibility_results/netconf/small/netconf_tech.wav_whisper.txt
Debug saved to the debug file
Word Error Rate:0.346(34.57%)
Running small, run 10
Transcription saved to reproducibility_results/netconf/small/netconf_tech.wav_whisper.txt
Debug saved to the debug file
Word Error Rate:0.225(22.53%)
Running small, run 11
Transcription saved to reproducibility_results/netconf/small/netconf_tech.wav_whisper.txt
Debug saved to the debug file
Word Error Rate:0.231(23.15%)
Running small, run 12
Transcription saved to reproducibility_results/netconf/small/netconf_tech.wav_whisper.txt
Debug saved to the debug file
Word Error Rate:0.231(23.15%)
Running small, run 13
Transcription saved to reproducibility_results/netconf/small/netconf_tech.wav_whisper.txt
Debug saved to the debug file
Word Error Rate:0.293(29.32%)
Running small, run 14
Transcription saved to reproducibility_results/netconf/small/netconf_tech.wav_whisper.txt
Debug saved to the debug file
Word Error Rate:0.231(23.15%)
Running small, run 15
Transcription saved to reproducibility_results/netconf/small/netconf_tech.wav_whisper.txt
Debug saved to the debug file
Word Error Rate:0.336(33.64%)
Running small, run 16
Transcription saved to reproducibility_results/netconf/small/netconf_tech.wav_whisper.txt
Debug saved to the debug file
Word Error Rate:0.235(23.46%)
Running small, run 17
Transcription saved to reproducibility_results/netconf/small/netconf_tech.wav_whisper.txt
Debug saved to the debug file
Word Error Rate:0.336(33.64%)
Running small, run 18
Transcription saved to reproducibility_results/netconf/small/netconf_tech.wav_whisper.txt
Debug saved to the debug file
Word Error Rate:0.312(31.17%)
Running small, run 19
Transcription saved to reproducibility_results/netconf/small/netconf_tech.wav_whisper.txt
Debug saved to the debug file
Word Error Rate:0.377(37.65%)
Running small, run 20
Transcription saved to reproducibility_results/netconf/small/netconf_tech.wav_whisper.txt
Debug saved to the debug file
Word Error Rate:0.281(28.09%)
Running small, run 21
Transcription saved to reproducibility_results/netconf/small/netconf_tech.wav_whisper.txt
Debug saved to the debug file
Word Error Rate:0.355(35.49%)
Running small, run 22
Transcription saved to reproducibility_results/netconf/small/netconf_tech.wav_whisper.txt
Debug saved to the debug file
Word Error Rate:0.238(23.77%)
Running small, run 23
Transcription saved to reproducibility_results/netconf/small/netconf_tech.wav_whisper.txt
Debug saved to the debug file
Word Error Rate:0.238(23.77%)
Running small, run 24
Transcription saved to reproducibility_results/netconf/small/netconf_tech.wav_whisper.txt
Debug saved to the debug file
Word Error Rate:0.349(34.88%)
Running small, run 25
Transcription saved to reproducibility_results/netconf/small/netconf_tech.wav_whisper.txt
Debug saved to the debug file
Word Error Rate:0.269(26.85%)
Running small.en, run 01
Transcription saved to reproducibility_results/netconf/small.en/netconf_tech.wav_whisper.txt
Debug saved to the debug file
Word Error Rate:0.281(28.09%)
Running small.en, run 02
Transcription saved to reproducibility_results/netconf/small.en/netconf_tech.wav_whisper.txt
Debug saved to the debug file
Word Error Rate:0.253(25.31%)
Running small.en, run 03
Transcription saved to reproducibility_results/netconf/small.en/netconf_tech.wav_whisper.txt
Debug saved to the debug file
Word Error Rate:0.262(26.23%)
Running small.en, run 04
Transcription saved to reproducibility_results/netconf/small.en/netconf_tech.wav_whisper.txt
Debug saved to the debug file
Word Error Rate:0.349(34.88%)
Running small.en, run 05
Transcription saved to reproducibility_results/netconf/small.en/netconf_tech.wav_whisper.txt
Debug saved to the debug file
Word Error Rate:0.370(37.04%)
Running small.en, run 06
Transcription saved to reproducibility_results/netconf/small.en/netconf_tech.wav_whisper.txt
Debug saved to the debug file
Word Error Rate:0.299(29.94%)
Running small.en, run 07
Transcription saved to reproducibility_results/netconf/small.en/netconf_tech.wav_whisper.txt
Debug saved to the debug file
Word Error Rate:0.336(33.64%)
Running small.en, run 08
Transcription saved to reproducibility_results/netconf/small.en/netconf_tech.wav_whisper.txt
Debug saved to the debug file
Word Error Rate:0.287(28.70%)
Running small.en, run 09
Transcription saved to reproducibility_results/netconf/small.en/netconf_tech.wav_whisper.txt
Debug saved to the debug file
Word Error Rate:0.330(33.02%)
Running small.en, run 10
Transcription saved to reproducibility_results/netconf/small.en/netconf_tech.wav_whisper.txt
Debug saved to the debug file
Word Error Rate:0.346(34.57%)
Running small.en, run 11
Transcription saved to reproducibility_results/netconf/small.en/netconf_tech.wav_whisper.txt
Debug saved to the debug file
Word Error Rate:0.355(35.49%)
Running small.en, run 12
Transcription saved to reproducibility_results/netconf/small.en/netconf_tech.wav_whisper.txt
Debug saved to the debug file
Word Error Rate:0.327(32.72%)
Running small.en, run 13
Transcription saved to reproducibility_results/netconf/small.en/netconf_tech.wav_whisper.txt
Debug saved to the debug file
Word Error Rate:0.278(27.78%)
Running small.en, run 14
Transcription saved to reproducibility_results/netconf/small.en/netconf_tech.wav_whisper.txt
Debug saved to the debug file
Word Error Rate:0.315(31.48%)
Running small.en, run 15
Transcription saved to reproducibility_results/netconf/small.en/netconf_tech.wav_whisper.txt
Debug saved to the debug file
Word Error Rate:0.352(35.19%)
Running small.en, run 16
Transcription saved to reproducibility_results/netconf/small.en/netconf_tech.wav_whisper.txt
Debug saved to the debug file
Word Error Rate:0.250(25.00%)
Running small.en, run 17
Transcription saved to reproducibility_results/netconf/small.en/netconf_tech.wav_whisper.txt
Debug saved to the debug file
Word Error Rate:0.287(28.70%)
Running small.en, run 18
Transcription saved to reproducibility_results/netconf/small.en/netconf_tech.wav_whisper.txt
Debug saved to the debug file
Word Error Rate:0.333(33.33%)
Running small.en, run 19
Transcription saved to reproducibility_results/netconf/small.en/netconf_tech.wav_whisper.txt
Debug saved to the debug file
Word Error Rate:0.318(31.79%)
Running small.en, run 20
Transcription saved to reproducibility_results/netconf/small.en/netconf_tech.wav_whisper.txt
Debug saved to the debug file
Word Error Rate:0.315(31.48%)
Running small.en, run 21
Transcription saved to reproducibility_results/netconf/small.en/netconf_tech.wav_whisper.txt
Debug saved to the debug file
Word Error Rate:0.244(24.38%)
Running small.en, run 22
Transcription saved to reproducibility_results/netconf/small.en/netconf_tech.wav_whisper.txt
Debug saved to the debug file
Word Error Rate:0.352(35.19%)
Running small.en, run 23
Transcription saved to reproducibility_results/netconf/small.en/netconf_tech.wav_whisper.txt
Debug saved to the debug file
Word Error Rate:0.228(22.84%)
Running small.en, run 24
Transcription saved to reproducibility_results/netconf/small.en/netconf_tech.wav_whisper.txt
Debug saved to the debug file
Word Error Rate:0.250(25.00%)
Running small.en, run 25
Transcription saved to reproducibility_results/netconf/small.en/netconf_tech.wav_whisper.txt
Debug saved to the debug file
Word Error Rate:0.244(24.38%)
Running medium, run 01
Transcription saved to reproducibility_results/netconf/medium/netconf_tech.wav_whisper.txt
Debug saved to the debug file
Word Error Rate:0.975(97.53%)
Running medium, run 02
Transcription saved to reproducibility_results/netconf/medium/netconf_tech.wav_whisper.txt
Debug saved to the debug file
Word Error Rate:0.985(98.46%)
Running medium, run 03
Transcription saved to reproducibility_results/netconf/medium/netconf_tech.wav_whisper.txt
Debug saved to the debug file
Word Error Rate:0.985(98.46%)
Running medium, run 04
Transcription saved to reproducibility_results/netconf/medium/netconf_tech.wav_whisper.txt
Debug saved to the debug file
Word Error Rate:1.108(110.80%)
Running medium, run 05
Transcription saved to reproducibility_results/netconf/medium/netconf_tech.wav_whisper.txt
Debug saved to the debug file
Word Error Rate:0.981(98.15%)
Running medium, run 06
Transcription saved to reproducibility_results/netconf/medium/netconf_tech.wav_whisper.txt
Debug saved to the debug file
Word Error Rate:1.117(111.73%)
Running medium, run 07
Transcription saved to reproducibility_results/netconf/medium/netconf_tech.wav_whisper.txt
Debug saved to the debug file
Word Error Rate:0.988(98.77%)
Running medium, run 08
Transcription saved to reproducibility_results/netconf/medium/netconf_tech.wav_whisper.txt
Debug saved to the debug file
Word Error Rate:1.093(109.26%)
Running medium, run 09
Transcription saved to reproducibility_results/netconf/medium/netconf_tech.wav_whisper.txt
Debug saved to the debug file
Word Error Rate:0.981(98.15%)
Running medium, run 10
Transcription saved to reproducibility_results/netconf/medium/netconf_tech.wav_whisper.txt
Debug saved to the debug file
Word Error Rate:1.287(128.70%)
Running medium, run 11
Transcription saved to reproducibility_results/netconf/medium/netconf_tech.wav_whisper.txt
Debug saved to the debug file
Word Error Rate:0.981(98.15%)
Running medium, run 12
Transcription saved to reproducibility_results/netconf/medium/netconf_tech.wav_whisper.txt
Debug saved to the debug file
Word Error Rate:0.991(99.07%)
Running medium, run 13
Transcription saved to reproducibility_results/netconf/medium/netconf_tech.wav_whisper.txt
Debug saved to the debug file
Word Error Rate:0.975(97.53%)
Running medium, run 14
Transcription saved to reproducibility_results/netconf/medium/netconf_tech.wav_whisper.txt
Debug saved to the debug file
Word Error Rate:0.985(98.46%)
Running medium, run 15
Transcription saved to reproducibility_results/netconf/medium/netconf_tech.wav_whisper.txt
Debug saved to the debug file
Word Error Rate:0.988(98.77%)
Running medium, run 16
Transcription saved to reproducibility_results/netconf/medium/netconf_tech.wav_whisper.txt
Debug saved to the debug file
Word Error Rate:0.981(98.15%)
Running medium, run 17
Transcription saved to reproducibility_results/netconf/medium/netconf_tech.wav_whisper.txt
Debug saved to the debug file
Word Error Rate:0.978(97.84%)
Running medium, run 18
Transcription saved to reproducibility_results/netconf/medium/netconf_tech.wav_whisper.txt
Debug saved to the debug file
Word Error Rate:1.049(104.94%)
Running medium, run 19
Transcription saved to reproducibility_results/netconf/medium/netconf_tech.wav_whisper.txt
Debug saved to the debug file
Word Error Rate:1.000(100.00%)
Running medium, run 20
Transcription saved to reproducibility_results/netconf/medium/netconf_tech.wav_whisper.txt
Debug saved to the debug file
Word Error Rate:1.006(100.62%)
Running medium, run 21
Transcription saved to reproducibility_results/netconf/medium/netconf_tech.wav_whisper.txt
Debug saved to the debug file
Word Error Rate:1.015(101.54%)
Running medium, run 22
Transcription saved to reproducibility_results/netconf/medium/netconf_tech.wav_whisper.txt
Debug saved to the debug file
Word Error Rate:0.988(98.77%)
Running medium, run 23
Transcription saved to reproducibility_results/netconf/medium/netconf_tech.wav_whisper.txt
Debug saved to the debug file
Word Error Rate:0.975(97.53%)
Running medium, run 24
Transcription saved to reproducibility_results/netconf/medium/netconf_tech.wav_whisper.txt
Debug saved to the debug file
Word Error Rate:0.975(97.53%)
Running medium, run 25
Transcription saved to reproducibility_results/netconf/medium/netconf_tech.wav_whisper.txt
Debug saved to the debug file
Word Error Rate:0.981(98.15%)
Running medium.en, run 01
Transcription saved to reproducibility_results/netconf/medium.en/netconf_tech.wav_whisper.txt
Debug saved to the debug file
Word Error Rate:0.994(99.38%)
Running medium.en, run 02
Transcription saved to reproducibility_results/netconf/medium.en/netconf_tech.wav_whisper.txt
Debug saved to the debug file
Word Error Rate:0.994(99.38%)
Running medium.en, run 03
Transcription saved to reproducibility_results/netconf/medium.en/netconf_tech.wav_whisper.txt
Debug saved to the debug file
Word Error Rate:0.994(99.38%)
Running medium.en, run 04
Transcription saved to reproducibility_results/netconf/medium.en/netconf_tech.wav_whisper.txt
Debug saved to the debug file
Word Error Rate:0.994(99.38%)
Running medium.en, run 05
Transcription saved to reproducibility_results/netconf/medium.en/netconf_tech.wav_whisper.txt
Debug saved to the debug file
Word Error Rate:0.994(99.38%)
Running medium.en, run 06
Transcription saved to reproducibility_results/netconf/medium.en/netconf_tech.wav_whisper.txt
Debug saved to the debug file
Word Error Rate:0.994(99.38%)
Running medium.en, run 07
Transcription saved to reproducibility_results/netconf/medium.en/netconf_tech.wav_whisper.txt
Debug saved to the debug file
Word Error Rate:0.994(99.38%)
Running medium.en, run 08
Transcription saved to reproducibility_results/netconf/medium.en/netconf_tech.wav_whisper.txt
Debug saved to the debug file
Word Error Rate:0.994(99.38%)
Running medium.en, run 09
Transcription saved to reproducibility_results/netconf/medium.en/netconf_tech.wav_whisper.txt
Debug saved to the debug file
Word Error Rate:0.994(99.38%)
Running medium.en, run 10
Transcription saved to reproducibility_results/netconf/medium.en/netconf_tech.wav_whisper.txt
Debug saved to the debug file
Word Error Rate:0.994(99.38%)
Running medium.en, run 11
Transcription saved to reproducibility_results/netconf/medium.en/netconf_tech.wav_whisper.txt
Debug saved to the debug file
Word Error Rate:0.994(99.38%)
Running medium.en, run 12
Transcription saved to reproducibility_results/netconf/medium.en/netconf_tech.wav_whisper.txt
Debug saved to the debug file
Word Error Rate:0.994(99.38%)
Running medium.en, run 13
Transcription saved to reproducibility_results/netconf/medium.en/netconf_tech.wav_whisper.txt
Debug saved to the debug file
Word Error Rate:0.994(99.38%)
Running medium.en, run 14
Transcription saved to reproducibility_results/netconf/medium.en/netconf_tech.wav_whisper.txt
Debug saved to the debug file
Word Error Rate:0.994(99.38%)
Running medium.en, run 15
Transcription saved to reproducibility_results/netconf/medium.en/netconf_tech.wav_whisper.txt
Debug saved to the debug file
Word Error Rate:0.994(99.38%)
Running medium.en, run 16
Transcription saved to reproducibility_results/netconf/medium.en/netconf_tech.wav_whisper.txt
Debug saved to the debug file
Word Error Rate:0.994(99.38%)
Running medium.en, run 17
Transcription saved to reproducibility_results/netconf/medium.en/netconf_tech.wav_whisper.txt
Debug saved to the debug file
Word Error Rate:0.994(99.38%)
Running medium.en, run 18
Transcription saved to reproducibility_results/netconf/medium.en/netconf_tech.wav_whisper.txt
Debug saved to the debug file
Word Error Rate:0.994(99.38%)
Running medium.en, run 19
Transcription saved to reproducibility_results/netconf/medium.en/netconf_tech.wav_whisper.txt
Debug saved to the debug file
Word Error Rate:0.994(99.38%)
Running medium.en, run 20
Transcription saved to reproducibility_results/netconf/medium.en/netconf_tech.wav_whisper.txt
Debug saved to the debug file
Word Error Rate:0.994(99.38%)
Running medium.en, run 21
Transcription saved to reproducibility_results/netconf/medium.en/netconf_tech.wav_whisper.txt
Debug saved to the debug file
Word Error Rate:0.994(99.38%)
Running medium.en, run 22
Transcription saved to reproducibility_results/netconf/medium.en/netconf_tech.wav_whisper.txt
Debug saved to the debug file
Word Error Rate:0.994(99.38%)
Running medium.en, run 23
Transcription saved to reproducibility_results/netconf/medium.en/netconf_tech.wav_whisper.txt
Debug saved to the debug file
Word Error Rate:0.994(99.38%)
Running medium.en, run 24
Transcription saved to reproducibility_results/netconf/medium.en/netconf_tech.wav_whisper.txt
Debug saved to the debug file
Word Error Rate:0.994(99.38%)
Running medium.en, run 25
Transcription saved to reproducibility_results/netconf/medium.en/netconf_tech.wav_whisper.txt
Debug saved to the debug file
Word Error Rate:0.994(99.38%)
Running large-v3, run 01
Transcription saved to reproducibility_results/netconf/large-v3/netconf_tech.wav_whisper.txt
Debug saved to the debug file
Word Error Rate:0.250(25.00%)
Running large-v3, run 02
Transcription saved to reproducibility_results/netconf/large-v3/netconf_tech.wav_whisper.txt
Debug saved to the debug file
Word Error Rate:0.324(32.41%)
Running large-v3, run 03
Transcription saved to reproducibility_results/netconf/large-v3/netconf_tech.wav_whisper.txt
Debug saved to the debug file
Word Error Rate:0.278(27.78%)
Running large-v3, run 04
Transcription saved to reproducibility_results/netconf/large-v3/netconf_tech.wav_whisper.txt
Debug saved to the debug file
Word Error Rate:0.278(27.78%)
Running large-v3, run 05
Transcription saved to reproducibility_results/netconf/large-v3/netconf_tech.wav_whisper.txt
Debug saved to the debug file
Word Error Rate:0.228(22.84%)
Running large-v3, run 06
Transcription saved to reproducibility_results/netconf/large-v3/netconf_tech.wav_whisper.txt
Debug saved to the debug file
Word Error Rate:0.247(24.69%)
Running large-v3, run 07
Transcription saved to reproducibility_results/netconf/large-v3/netconf_tech.wav_whisper.txt
Debug saved to the debug file
Word Error Rate:0.309(30.86%)
Running large-v3, run 08
Transcription saved to reproducibility_results/netconf/large-v3/netconf_tech.wav_whisper.txt
Debug saved to the debug file
Word Error Rate:0.306(30.56%)
Running large-v3, run 09
Transcription saved to reproducibility_results/netconf/large-v3/netconf_tech.wav_whisper.txt
Debug saved to the debug file
Word Error Rate:0.414(41.36%)
Running large-v3, run 10
Transcription saved to reproducibility_results/netconf/large-v3/netconf_tech.wav_whisper.txt
Debug saved to the debug file
Word Error Rate:0.349(34.88%)
Running large-v3, run 11
Transcription saved to reproducibility_results/netconf/large-v3/netconf_tech.wav_whisper.txt
Debug saved to the debug file
Word Error Rate:0.241(24.07%)
Running large-v3, run 12
Transcription saved to reproducibility_results/netconf/large-v3/netconf_tech.wav_whisper.txt
Debug saved to the debug file
Word Error Rate:0.259(25.93%)
Running large-v3, run 13
Transcription saved to reproducibility_results/netconf/large-v3/netconf_tech.wav_whisper.txt
Debug saved to the debug file
Word Error Rate:0.309(30.86%)
Running large-v3, run 14
Transcription saved to reproducibility_results/netconf/large-v3/netconf_tech.wav_whisper.txt
Debug saved to the debug file
Word Error Rate:0.364(36.42%)
Running large-v3, run 15
Transcription saved to reproducibility_results/netconf/large-v3/netconf_tech.wav_whisper.txt
Debug saved to the debug file
Word Error Rate:0.296(29.63%)
Running large-v3, run 16
Transcription saved to reproducibility_results/netconf/large-v3/netconf_tech.wav_whisper.txt
Debug saved to the debug file
Word Error Rate:0.315(31.48%)
Running large-v3, run 17
Transcription saved to reproducibility_results/netconf/large-v3/netconf_tech.wav_whisper.txt
Debug saved to the debug file
Word Error Rate:0.377(37.65%)
Running large-v3, run 18
Transcription saved to reproducibility_results/netconf/large-v3/netconf_tech.wav_whisper.txt
Debug saved to the debug file
Word Error Rate:0.324(32.41%)
Running large-v3, run 19
Transcription saved to reproducibility_results/netconf/large-v3/netconf_tech.wav_whisper.txt
Debug saved to the debug file
Word Error Rate:0.244(24.38%)
Running large-v3, run 20
Transcription saved to reproducibility_results/netconf/large-v3/netconf_tech.wav_whisper.txt
Debug saved to the debug file
Word Error Rate:0.228(22.84%)
Running large-v3, run 21
Transcription saved to reproducibility_results/netconf/large-v3/netconf_tech.wav_whisper.txt
Debug saved to the debug file
Word Error Rate:0.247(24.69%)
Running large-v3, run 22
Transcription saved to reproducibility_results/netconf/large-v3/netconf_tech.wav_whisper.txt
Debug saved to the debug file
Word Error Rate:0.253(25.31%)
Running large-v3, run 23
Transcription saved to reproducibility_results/netconf/large-v3/netconf_tech.wav_whisper.txt
Debug saved to the debug file
Word Error Rate:0.290(29.01%)
Running large-v3, run 24
Transcription saved to reproducibility_results/netconf/large-v3/netconf_tech.wav_whisper.txt
Debug saved to the debug file
Word Error Rate:0.235(23.46%)
Running large-v3, run 25
Transcription saved to reproducibility_results/netconf/large-v3/netconf_tech.wav_whisper.txt
Debug saved to the debug file
Word Error Rate:0.475(47.53%)
Running turbo, run 01
Transcription saved to reproducibility_results/netconf/turbo/netconf_tech.wav_whisper.txt
Debug saved to the debug file
Word Error Rate:0.417(41.67%)
Running turbo, run 02
Transcription saved to reproducibility_results/netconf/turbo/netconf_tech.wav_whisper.txt
Debug saved to the debug file
Word Error Rate:0.373(37.35%)
Running turbo, run 03
Transcription saved to reproducibility_results/netconf/turbo/netconf_tech.wav_whisper.txt
Debug saved to the debug file
Word Error Rate:0.420(41.98%)
Running turbo, run 04
Transcription saved to reproducibility_results/netconf/turbo/netconf_tech.wav_whisper.txt
Debug saved to the debug file
Word Error Rate:0.414(41.36%)
Running turbo, run 05
Transcription saved to reproducibility_results/netconf/turbo/netconf_tech.wav_whisper.txt
Debug saved to the debug file
Word Error Rate:0.333(33.33%)
Running turbo, run 06
Transcription saved to reproducibility_results/netconf/turbo/netconf_tech.wav_whisper.txt
Debug saved to the debug file
Word Error Rate:0.364(36.42%)
Running turbo, run 07
Transcription saved to reproducibility_results/netconf/turbo/netconf_tech.wav_whisper.txt
Debug saved to the debug file
Word Error Rate:0.435(43.52%)
Running turbo, run 08
Transcription saved to reproducibility_results/netconf/turbo/netconf_tech.wav_whisper.txt
Debug saved to the debug file
Word Error Rate:0.494(49.38%)
Running turbo, run 09
Transcription saved to reproducibility_results/netconf/turbo/netconf_tech.wav_whisper.txt
Debug saved to the debug file
Word Error Rate:0.380(37.96%)
Running turbo, run 10
Transcription saved to reproducibility_results/netconf/turbo/netconf_tech.wav_whisper.txt
Debug saved to the debug file
Word Error Rate:0.417(41.67%)
Running turbo, run 11
Transcription saved to reproducibility_results/netconf/turbo/netconf_tech.wav_whisper.txt
Debug saved to the debug file
Word Error Rate:0.401(40.12%)
Running turbo, run 12
Transcription saved to reproducibility_results/netconf/turbo/netconf_tech.wav_whisper.txt
Debug saved to the debug file
Word Error Rate:0.420(41.98%)
Running turbo, run 13
Transcription saved to reproducibility_results/netconf/turbo/netconf_tech.wav_whisper.txt
Debug saved to the debug file
Word Error Rate:0.401(40.12%)
Running turbo, run 14
Transcription saved to reproducibility_results/netconf/turbo/netconf_tech.wav_whisper.txt
Debug saved to the debug file
Word Error Rate:0.531(53.09%)
Running turbo, run 15
Transcription saved to reproducibility_results/netconf/turbo/netconf_tech.wav_whisper.txt
Debug saved to the debug file
Word Error Rate:0.478(47.84%)
Running turbo, run 16
Transcription saved to reproducibility_results/netconf/turbo/netconf_tech.wav_whisper.txt
Debug saved to the debug file
Word Error Rate:0.460(45.99%)
Running turbo, run 17
Transcription saved to reproducibility_results/netconf/turbo/netconf_tech.wav_whisper.txt
Debug saved to the debug file
Word Error Rate:0.401(40.12%)
Running turbo, run 18
Transcription saved to reproducibility_results/netconf/turbo/netconf_tech.wav_whisper.txt
Debug saved to the debug file
Word Error Rate:0.370(37.04%)
Running turbo, run 19
Transcription saved to reproducibility_results/netconf/turbo/netconf_tech.wav_whisper.txt
Debug saved to the debug file
Word Error Rate:0.574(57.41%)
Running turbo, run 20
Transcription saved to reproducibility_results/netconf/turbo/netconf_tech.wav_whisper.txt
Debug saved to the debug file
Word Error Rate:0.429(42.90%)
Running turbo, run 21
Transcription saved to reproducibility_results/netconf/turbo/netconf_tech.wav_whisper.txt
Debug saved to the debug file
Word Error Rate:0.407(40.74%)
Running turbo, run 22
Transcription saved to reproducibility_results/netconf/turbo/netconf_tech.wav_whisper.txt
Debug saved to the debug file
Word Error Rate:0.417(41.67%)
Running turbo, run 23
Transcription saved to reproducibility_results/netconf/turbo/netconf_tech.wav_whisper.txt
Debug saved to the debug file
Word Error Rate:0.392(39.20%)
Running turbo, run 24
Transcription saved to reproducibility_results/netconf/turbo/netconf_tech.wav_whisper.txt
Debug saved to the debug file
Word Error Rate:0.373(37.35%)
Running turbo, run 25
Transcription saved to reproducibility_results/netconf/turbo/netconf_tech.wav_whisper.txt
Debug saved to the debug file
Word Error Rate:0.395(39.51%)
netconf done
