Running tiny, run 01
Transcription saved to reproducibility_results/lamps/tiny/lamps_tech.wav_whisper.txt
Debug saved to the debug file
Word Error Rate:0.216(21.57%)
Running tiny, run 02
Transcription saved to reproducibility_results/lamps/tiny/lamps_tech.wav_whisper.txt
Debug saved to the debug file
Word Error Rate:0.216(21.57%)
Running tiny, run 03
Transcription saved to reproducibility_results/lamps/tiny/lamps_tech.wav_whisper.txt
Debug saved to the debug file
Word Error Rate:0.216(21.57%)
Running tiny, run 04
Transcription saved to reproducibility_results/lamps/tiny/lamps_tech.wav_whisper.txt
Debug saved to the debug file
Word Error Rate:0.216(21.57%)
Running tiny, run 05
Transcription saved to reproducibility_results/lamps/tiny/lamps_tech.wav_whisper.txt
Debug saved to the debug file
Word Error Rate:0.216(21.57%)
Running tiny, run 06
Transcription saved to reproducibility_results/lamps/tiny/lamps_tech.wav_whisper.txt
Debug saved to the debug file
Word Error Rate:0.216(21.57%)
Running tiny, run 07
Transcription saved to reproducibility_results/lamps/tiny/lamps_tech.wav_whisper.txt
Debug saved to the debug file
Word Error Rate:0.216(21.57%)
Running tiny, run 08
Transcription saved to reproducibility_results/lamps/tiny/lamps_tech.wav_whisper.txt
Debug saved to the debug file
Word Error Rate:0.216(21.57%)
Running tiny, run 09
Transcription saved to reproducibility_results/lamps/tiny/lamps_tech.wav_whisper.txt
Debug saved to the debug file
Word Error Rate:0.216(21.57%)
Running tiny, run 10
Transcription saved to reproducibility_results/lamps/tiny/lamps_tech.wav_whisper.txt
Debug saved to the debug file
Word Error Rate:0.216(21.57%)
Running tiny, run 11
Transcription saved to reproducibility_results/lamps/tiny/lamps_tech.wav_whisper.txt
Debug saved to the debug file
Word Error Rate:0.216(21.57%)
Running tiny, run 12
Transcription saved to reproducibility_results/lamps/tiny/lamps_tech.wav_whisper.txt
Debug saved to the debug file
Word Error Rate:0.216(21.57%)
Running tiny, run 13
Transcription saved to reproducibility_results/lamps/tiny/lamps_tech.wav_whisper.txt
Debug saved to the debug file
Word Error Rate:0.216(21.57%)
Running tiny, run 14
Transcription saved to reproducibility_results/lamps/tiny/lamps_tech.wav_whisper.txt
Debug saved to the debug file
Word Error Rate:0.216(21.57%)
Running tiny, run 15
Transcription saved to reproducibility_results/lamps/tiny/lamps_tech.wav_whisper.txt
Debug saved to the debug file
Word Error Rate:0.216(21.57%)
Running tiny, run 16
Transcription saved to reproducibility_results/lamps/tiny/lamps_tech.wav_whisper.txt
Debug saved to the debug file
Word Error Rate:0.216(21.57%)
Running tiny, run 17
Transcription saved to reproducibility_results/lamps/tiny/lamps_tech.wav_whisper.txt
Debug saved to the debug file
Word Error Rate:0.216(21.57%)
Running tiny, run 18
Transcription saved to reproducibility_results/lamps/tiny/lamps_tech.wav_whisper.txt
Debug saved to the debug file
Word Error Rate:0.216(21.57%)
Running tiny, run 19
Transcription saved to reproducibility_results/lamps/tiny/lamps_tech.wav_whisper.txt
Debug saved to the debug file
Word Error Rate:0.216(21.57%)
Running tiny, run 20
Transcription saved to reproducibility_results/lamps/tiny/lamps_tech.wav_whisper.txt
Debug saved to the debug file
Word Error Rate:0.216(21.57%)
Running tiny, run 21
Transcription saved to reproducibility_results/lamps/tiny/lamps_tech.wav_whisper.txt
Debug saved to the debug file
Word Error Rate:0.216(21.57%)
Running tiny, run 22
Transcription saved to reproducibility_results/lamps/tiny/lamps_tech.wav_whisper.txt
Debug saved to the debug file
Word Error Rate:0.216(21.57%)
Running tiny, run 23
Transcription saved to reproducibility_results/lamps/tiny/lamps_tech.wav_whisper.txt
Debug saved to the debug file
Word Error Rate:0.216(21.57%)
Running tiny, run 24
Transcription saved to reproducibility_results/lamps/tiny/lamps_tech.wav_whisper.txt
Debug saved to the debug file
Word Error Rate:0.216(21.57%)
Running tiny, run 25
Transcription saved to reproducibility_results/lamps/tiny/lamps_tech.wav_whisper.txt
Debug saved to the debug file
Word Error Rate:0.216(21.57%)
Running tiny.en, run 01
Transcription saved to reproducibility_results/lamps/tiny.en/lamps_tech.wav_whisper.txt
Debug saved to the debug file
Word Error Rate:0.202(20.16%)
Running tiny.en, run 02
Transcription saved to reproducibility_results/lamps/tiny.en/lamps_tech.wav_whisper.txt
Debug saved to the debug file
Word Error Rate:0.202(20.16%)
Running tiny.en, run 03
Transcription saved to reproducibility_results/lamps/tiny.en/lamps_tech.wav_whisper.txt
Debug saved to the debug file
Word Error Rate:0.202(20.16%)
Running tiny.en, run 04
Transcription saved to reproducibility_results/lamps/tiny.en/lamps_tech.wav_whisper.txt
Debug saved to the debug file
Word Error Rate:0.202(20.16%)
Running tiny.en, run 05
Transcription saved to reproducibility_results/lamps/tiny.en/lamps_tech.wav_whisper.txt
Debug saved to the debug file
Word Error Rate:0.202(20.16%)
Running tiny.en, run 06
Transcription saved to reproducibility_results/lamps/tiny.en/lamps_tech.wav_whisper.txt
Debug saved to the debug file
Word Error Rate:0.202(20.16%)
Running tiny.en, run 07
Transcription saved to reproducibility_results/lamps/tiny.en/lamps_tech.wav_whisper.txt
Debug saved to the debug file
Word Error Rate:0.202(20.16%)
Running tiny.en, run 08
Transcription saved to reproducibility_results/lamps/tiny.en/lamps_tech.wav_whisper.txt
Debug saved to the debug file
Word Error Rate:0.202(20.16%)
Running tiny.en, run 09
Transcription saved to reproducibility_results/lamps/tiny.en/lamps_tech.wav_whisper.txt
Debug saved to the debug file
Word Error Rate:0.202(20.16%)
Running tiny.en, run 10
Transcription saved to reproducibility_results/lamps/tiny.en/lamps_tech.wav_whisper.txt
Debug saved to the debug file
Word Error Rate:0.202(20.16%)
Running tiny.en, run 11
Transcription saved to reproducibility_results/lamps/tiny.en/lamps_tech.wav_whisper.txt
Debug saved to the debug file
Word Error Rate:0.202(20.16%)
Running tiny.en, run 12
Transcription saved to reproducibility_results/lamps/tiny.en/lamps_tech.wav_whisper.txt
Debug saved to the debug file
Word Error Rate:0.202(20.16%)
Running tiny.en, run 13
Transcription saved to reproducibility_results/lamps/tiny.en/lamps_tech.wav_whisper.txt
Debug saved to the debug file
Word Error Rate:0.202(20.16%)
Running tiny.en, run 14
Transcription saved to reproducibility_results/lamps/tiny.en/lamps_tech.wav_whisper.txt
Debug saved to the debug file
Word Error Rate:0.202(20.16%)
Running tiny.en, run 15
Transcription saved to reproducibility_results/lamps/tiny.en/lamps_tech.wav_whisper.txt
Debug saved to the debug file
Word Error Rate:0.202(20.16%)
Running tiny.en, run 16
Transcription saved to reproducibility_results/lamps/tiny.en/lamps_tech.wav_whisper.txt
Debug saved to the debug file
Word Error Rate:0.202(20.16%)
Running tiny.en, run 17
Transcription saved to reproducibility_results/lamps/tiny.en/lamps_tech.wav_whisper.txt
Debug saved to the debug file
Word Error Rate:0.202(20.16%)
Running tiny.en, run 18
Transcription saved to reproducibility_results/lamps/tiny.en/lamps_tech.wav_whisper.txt
Debug saved to the debug file
Word Error Rate:0.202(20.16%)
Running tiny.en, run 19
Transcription saved to reproducibility_results/lamps/tiny.en/lamps_tech.wav_whisper.txt
Debug saved to the debug file
Word Error Rate:0.202(20.16%)
Running tiny.en, run 20
Transcription saved to reproducibility_results/lamps/tiny.en/lamps_tech.wav_whisper.txt
Debug saved to the debug file
Word Error Rate:0.202(20.16%)
Running tiny.en, run 21
Transcription saved to reproducibility_results/lamps/tiny.en/lamps_tech.wav_whisper.txt
Debug saved to the debug file
Word Error Rate:0.202(20.16%)
Running tiny.en, run 22
Transcription saved to reproducibility_results/lamps/tiny.en/lamps_tech.wav_whisper.txt
Debug saved to the debug file
Word Error Rate:0.202(20.16%)
Running tiny.en, run 23
Transcription saved to reproducibility_results/lamps/tiny.en/lamps_tech.wav_whisper.txt
Debug saved to the debug file
Word Error Rate:0.202(20.16%)
Running tiny.en, run 24
Transcription saved to reproducibility_results/lamps/tiny.en/lamps_tech.wav_whisper.txt
Debug saved to the debug file
Word Error Rate:0.202(20.16%)
Running tiny.en, run 25
Transcription saved to reproducibility_results/lamps/tiny.en/lamps_tech.wav_whisper.txt
Debug saved to the debug file
Word Error Rate:0.202(20.16%)
Running base, run 01
Transcription saved to reproducibility_results/lamps/base/lamps_tech.wav_whisper.txt
Debug saved to the debug file
Word Error Rate:0.170(17.01%)
Running base, run 02
Transcription saved to reproducibility_results/lamps/base/lamps_tech.wav_whisper.txt
Debug saved to the debug file
Word Error Rate:0.170(17.01%)
Running base, run 03
Transcription saved to reproducibility_results/lamps/base/lamps_tech.wav_whisper.txt
Debug saved to the debug file
Word Error Rate:0.170(17.01%)
Running base, run 04
Transcription saved to reproducibility_results/lamps/base/lamps_tech.wav_whisper.txt
Debug saved to the debug file
Word Error Rate:0.170(17.01%)
Running base, run 05
Transcription saved to reproducibility_results/lamps/base/lamps_tech.wav_whisper.txt
Debug saved to the debug file
Word Error Rate:0.170(17.01%)
Running base, run 06
Transcription saved to reproducibility_results/lamps/base/lamps_tech.wav_whisper.txt
Debug saved to the debug file
Word Error Rate:0.170(17.01%)
Running base, run 07
Transcription saved to reproducibility_results/lamps/base/lamps_tech.wav_whisper.txt
Debug saved to the debug file
Word Error Rate:0.170(17.01%)
Running base, run 08
Transcription saved to reproducibility_results/lamps/base/lamps_tech.wav_whisper.txt
Debug saved to the debug file
Word Error Rate:0.170(17.01%)
Running base, run 09
Transcription saved to reproducibility_results/lamps/base/lamps_tech.wav_whisper.txt
Debug saved to the debug file
Word Error Rate:0.170(17.01%)
Running base, run 10
Transcription saved to reproducibility_results/lamps/base/lamps_tech.wav_whisper.txt
Debug saved to the debug file
Word Error Rate:0.170(17.01%)
Running base, run 11
Transcription saved to reproducibility_results/lamps/base/lamps_tech.wav_whisper.txt
Debug saved to the debug file
Word Error Rate:0.170(17.01%)
Running base, run 12
Transcription saved to reproducibility_results/lamps/base/lamps_tech.wav_whisper.txt
Debug saved to the debug file
Word Error Rate:0.170(17.01%)
Running base, run 13
Transcription saved to reproducibility_results/lamps/base/lamps_tech.wav_whisper.txt
Debug saved to the debug file
Word Error Rate:0.170(17.01%)
Running base, run 14
Transcription saved to reproducibility_results/lamps/base/lamps_tech.wav_whisper.txt
Debug saved to the debug file
Word Error Rate:0.170(17.01%)
Running base, run 15
Transcription saved to reproducibility_results/lamps/base/lamps_tech.wav_whisper.txt
Debug saved to the debug file
Word Error Rate:0.170(17.01%)
Running base, run 16
Transcription saved to reproducibility_results/lamps/base/lamps_tech.wav_whisper.txt
Debug saved to the debug file
Word Error Rate:0.170(17.01%)
Running base, run 17
Transcription saved to reproducibility_results/lamps/base/lamps_tech.wav_whisper.txt
Debug saved to the debug file
Word Error Rate:0.170(17.01%)
Running base, run 18
Transcription saved to reproducibility_results/lamps/base/lamps_tech.wav_whisper.txt
Debug saved to the debug file
Word Error Rate:0.170(17.01%)
Running base, run 19
Transcription saved to reproducibility_results/lamps/base/lamps_tech.wav_whisper.txt
Debug saved to the debug file
Word Error Rate:0.170(17.01%)
Running base, run 20
Transcription saved to reproducibility_results/lamps/base/lamps_tech.wav_whisper.txt
Debug saved to the debug file
Word Error Rate:0.170(17.01%)
Running base, run 21
Transcription saved to reproducibility_results/lamps/base/lamps_tech.wav_whisper.txt
Debug saved to the debug file
Word Error Rate:0.170(17.01%)
Running base, run 22
Transcription saved to reproducibility_results/lamps/base/lamps_tech.wav_whisper.txt
Debug saved to the debug file
Word Error Rate:0.170(17.01%)
Running base, run 23
Transcription saved to reproducibility_results/lamps/base/lamps_tech.wav_whisper.txt
Debug saved to the debug file
Word Error Rate:0.170(17.01%)
Running base, run 24
Transcription saved to reproducibility_results/lamps/base/lamps_tech.wav_whisper.txt
Debug saved to the debug file
Word Error Rate:0.170(17.01%)
Running base, run 25
Transcription saved to reproducibility_results/lamps/base/lamps_tech.wav_whisper.txt
Debug saved to the debug file
Word Error Rate:0.170(17.01%)
Running base.en, run 01
Transcription saved to reproducibility_results/lamps/base.en/lamps_tech.wav_whisper.txt
Debug saved to the debug file
Word Error Rate:0.146(14.65%)
Running base.en, run 02
Transcription saved to reproducibility_results/lamps/base.en/lamps_tech.wav_whisper.txt
Debug saved to the debug file
Word Error Rate:0.146(14.65%)
Running base.en, run 03
Transcription saved to reproducibility_results/lamps/base.en/lamps_tech.wav_whisper.txt
Debug saved to the debug file
Word Error Rate:0.146(14.65%)
Running base.en, run 04
Transcription saved to reproducibility_results/lamps/base.en/lamps_tech.wav_whisper.txt
Debug saved to the debug file
Word Error Rate:0.146(14.65%)
Running base.en, run 05
Transcription saved to reproducibility_results/lamps/base.en/lamps_tech.wav_whisper.txt
Debug saved to the debug file
Word Error Rate:0.146(14.65%)
Running base.en, run 06
Transcription saved to reproducibility_results/lamps/base.en/lamps_tech.wav_whisper.txt
Debug saved to the debug file
Word Error Rate:0.146(14.65%)
Running base.en, run 07
Transcription saved to reproducibility_results/lamps/base.en/lamps_tech.wav_whisper.txt
Debug saved to the debug file
Word Error Rate:0.146(14.65%)
Running base.en, run 08
Transcription saved to reproducibility_results/lamps/base.en/lamps_tech.wav_whisper.txt
Debug saved to the debug file
Word Error Rate:0.146(14.65%)
Running base.en, run 09
Transcription saved to reproducibility_results/lamps/base.en/lamps_tech.wav_whisper.txt
Debug saved to the debug file
Word Error Rate:0.146(14.65%)
Running base.en, run 10
Transcription saved to reproducibility_results/lamps/base.en/lamps_tech.wav_whisper.txt
Debug saved to the debug file
Word Error Rate:0.146(14.65%)
Running base.en, run 11
Transcription saved to reproducibility_results/lamps/base.en/lamps_tech.wav_whisper.txt
Debug saved to the debug file
Word Error Rate:0.146(14.65%)
Running base.en, run 12
Transcription saved to reproducibility_results/lamps/base.en/lamps_tech.wav_whisper.txt
Debug saved to the debug file
Word Error Rate:0.146(14.65%)
Running base.en, run 13
Transcription saved to reproducibility_results/lamps/base.en/lamps_tech.wav_whisper.txt
Debug saved to the debug file
Word Error Rate:0.146(14.65%)
Running base.en, run 14
Transcription saved to reproducibility_results/lamps/base.en/lamps_tech.wav_whisper.txt
Debug saved to the debug file
Word Error Rate:0.146(14.65%)
Running base.en, run 15
Transcription saved to reproducibility_results/lamps/base.en/lamps_tech.wav_whisper.txt
Debug saved to the debug file
Word Error Rate:0.146(14.65%)
Running base.en, run 16
Transcription saved to reproducibility_results/lamps/base.en/lamps_tech.wav_whisper.txt
Debug saved to the debug file
Word Error Rate:0.146(14.65%)
Running base.en, run 17
Transcription saved to reproducibility_results/lamps/base.en/lamps_tech.wav_whisper.txt
Debug saved to the debug file
Word Error Rate:0.146(14.65%)
Running base.en, run 18
Transcription saved to reproducibility_results/lamps/base.en/lamps_tech.wav_whisper.txt
Debug saved to the debug file
Word Error Rate:0.146(14.65%)
Running base.en, run 19
Transcription saved to reproducibility_results/lamps/base.en/lamps_tech.wav_whisper.txt
Debug saved to the debug file
Word Error Rate:0.146(14.65%)
Running base.en, run 20
Transcription saved to reproducibility_results/lamps/base.en/lamps_tech.wav_whisper.txt
Debug saved to the debug file
Word Error Rate:0.146(14.65%)
Running base.en, run 21
Transcription saved to reproducibility_results/lamps/base.en/lamps_tech.wav_whisper.txt
Debug saved to the debug file
Word Error Rate:0.146(14.65%)
Running base.en, run 22
Transcription saved to reproducibility_results/lamps/base.en/lamps_tech.wav_whisper.txt
Debug saved to the debug file
Word Error Rate:0.146(14.65%)
Running base.en, run 23
Transcription saved to reproducibility_results/lamps/base.en/lamps_tech.wav_whisper.txt
Debug saved to the debug file
Word Error Rate:0.146(14.65%)
Running base.en, run 24
Transcription saved to reproducibility_results/lamps/base.en/lamps_tech.wav_whisper.txt
Debug saved to the debug file
Word Error Rate:0.146(14.65%)
Running base.en, run 25
Transcription saved to reproducibility_results/lamps/base.en/lamps_tech.wav_whisper.txt
Debug saved to the debug file
Word Error Rate:0.146(14.65%)
Running small, run 01
Transcription saved to reproducibility_results/lamps/small/lamps_tech.wav_whisper.txt
Debug saved to the debug file
Word Error Rate:0.148(14.80%)
Running small, run 02
Transcription saved to reproducibility_results/lamps/small/lamps_tech.wav_whisper.txt
Debug saved to the debug file
Word Error Rate:0.148(14.80%)
Running small, run 03
Transcription saved to reproducibility_results/lamps/small/lamps_tech.wav_whisper.txt
Debug saved to the debug file
Word Error Rate:0.148(14.80%)
Running small, run 04
Transcription saved to reproducibility_results/lamps/small/lamps_tech.wav_whisper.txt
Debug saved to the debug file
Word Error Rate:0.148(14.80%)
Running small, run 05
Transcription saved to reproducibility_results/lamps/small/lamps_tech.wav_whisper.txt
Debug saved to the debug file
Word Error Rate:0.148(14.80%)
Running small, run 06
Transcription saved to reproducibility_results/lamps/small/lamps_tech.wav_whisper.txt
Debug saved to the debug file
Word Error Rate:0.148(14.80%)
Running small, run 07
Transcription saved to reproducibility_results/lamps/small/lamps_tech.wav_whisper.txt
Debug saved to the debug file
Word Error Rate:0.148(14.80%)
Running small, run 08
Transcription saved to reproducibility_results/lamps/small/lamps_tech.wav_whisper.txt
Debug saved to the debug file
Word Error Rate:0.148(14.80%)
Running small, run 09
Transcription saved to reproducibility_results/lamps/small/lamps_tech.wav_whisper.txt
Debug saved to the debug file
Word Error Rate:0.148(14.80%)
Running small, run 10
Transcription saved to reproducibility_results/lamps/small/lamps_tech.wav_whisper.txt
Debug saved to the debug file
Word Error Rate:0.148(14.80%)
Running small, run 11
Transcription saved to reproducibility_results/lamps/small/lamps_tech.wav_whisper.txt
Debug saved to the debug file
Word Error Rate:0.148(14.80%)
Running small, run 12
Transcription saved to reproducibility_results/lamps/small/lamps_tech.wav_whisper.txt
Debug saved to the debug file
Word Error Rate:0.148(14.80%)
Running small, run 13
Transcription saved to reproducibility_results/lamps/small/lamps_tech.wav_whisper.txt
Debug saved to the debug file
Word Error Rate:0.148(14.80%)
Running small, run 14
Transcription saved to reproducibility_results/lamps/small/lamps_tech.wav_whisper.txt
Debug saved to the debug file
Word Error Rate:0.148(14.80%)
Running small, run 15
Transcription saved to reproducibility_results/lamps/small/lamps_tech.wav_whisper.txt
Debug saved to the debug file
Word Error Rate:0.148(14.80%)
Running small, run 16
Transcription saved to reproducibility_results/lamps/small/lamps_tech.wav_whisper.txt
Debug saved to the debug file
Word Error Rate:0.148(14.80%)
Running small, run 17
Transcription saved to reproducibility_results/lamps/small/lamps_tech.wav_whisper.txt
Debug saved to the debug file
Word Error Rate:0.148(14.80%)
Running small, run 18
Transcription saved to reproducibility_results/lamps/small/lamps_tech.wav_whisper.txt
Debug saved to the debug file
Word Error Rate:0.148(14.80%)
Running small, run 19
Transcription saved to reproducibility_results/lamps/small/lamps_tech.wav_whisper.txt
Debug saved to the debug file
Word Error Rate:0.148(14.80%)
Running small, run 20
Transcription saved to reproducibility_results/lamps/small/lamps_tech.wav_whisper.txt
Debug saved to the debug file
Word Error Rate:0.148(14.80%)
Running small, run 21
Transcription saved to reproducibility_results/lamps/small/lamps_tech.wav_whisper.txt
Debug saved to the debug file
Word Error Rate:0.148(14.80%)
Running small, run 22
Transcription saved to reproducibility_results/lamps/small/lamps_tech.wav_whisper.txt
Debug saved to the debug file
Word Error Rate:0.148(14.80%)
Running small, run 23
Transcription saved to reproducibility_results/lamps/small/lamps_tech.wav_whisper.txt
Debug saved to the debug file
Word Error Rate:0.148(14.80%)
Running small, run 24
Transcription saved to reproducibility_results/lamps/small/lamps_tech.wav_whisper.txt
Debug saved to the debug file
Word Error Rate:0.148(14.80%)
Running small, run 25
Transcription saved to reproducibility_results/lamps/small/lamps_tech.wav_whisper.txt
Debug saved to the debug file
Word Error Rate:0.148(14.80%)
Running small.en, run 01
Transcription saved to reproducibility_results/lamps/small.en/lamps_tech.wav_whisper.txt
Debug saved to the debug file
Word Error Rate:0.134(13.39%)
Running small.en, run 02
Transcription saved to reproducibility_results/lamps/small.en/lamps_tech.wav_whisper.txt
Debug saved to the debug file
Word Error Rate:0.134(13.39%)
Running small.en, run 03
Transcription saved to reproducibility_results/lamps/small.en/lamps_tech.wav_whisper.txt
Debug saved to the debug file
Word Error Rate:0.134(13.39%)
Running small.en, run 04
Transcription saved to reproducibility_results/lamps/small.en/lamps_tech.wav_whisper.txt
Debug saved to the debug file
Word Error Rate:0.134(13.39%)
Running small.en, run 05
Transcription saved to reproducibility_results/lamps/small.en/lamps_tech.wav_whisper.txt
Debug saved to the debug file
Word Error Rate:0.134(13.39%)
Running small.en, run 06
Transcription saved to reproducibility_results/lamps/small.en/lamps_tech.wav_whisper.txt
Debug saved to the debug file
Word Error Rate:0.134(13.39%)
Running small.en, run 07
Transcription saved to reproducibility_results/lamps/small.en/lamps_tech.wav_whisper.txt
Debug saved to the debug file
Word Error Rate:0.134(13.39%)
Running small.en, run 08
Transcription saved to reproducibility_results/lamps/small.en/lamps_tech.wav_whisper.txt
Debug saved to the debug file
Word Error Rate:0.134(13.39%)
Running small.en, run 09
Transcription saved to reproducibility_results/lamps/small.en/lamps_tech.wav_whisper.txt
Debug saved to the debug file
Word Error Rate:0.134(13.39%)
Running small.en, run 10
Transcription saved to reproducibility_results/lamps/small.en/lamps_tech.wav_whisper.txt
Debug saved to the debug file
Word Error Rate:0.134(13.39%)
Running small.en, run 11
Transcription saved to reproducibility_results/lamps/small.en/lamps_tech.wav_whisper.txt
Debug saved to the debug file
Word Error Rate:0.134(13.39%)
Running small.en, run 12
Transcription saved to reproducibility_results/lamps/small.en/lamps_tech.wav_whisper.txt
Debug saved to the debug file
Word Error Rate:0.134(13.39%)
Running small.en, run 13
Transcription saved to reproducibility_results/lamps/small.en/lamps_tech.wav_whisper.txt
Debug saved to the debug file
Word Error Rate:0.134(13.39%)
Running small.en, run 14
Transcription saved to reproducibility_results/lamps/small.en/lamps_tech.wav_whisper.txt
Debug saved to the debug file
Word Error Rate:0.134(13.39%)
Running small.en, run 15
Transcription saved to reproducibility_results/lamps/small.en/lamps_tech.wav_whisper.txt
Debug saved to the debug file
Word Error Rate:0.134(13.39%)
Running small.en, run 16
Transcription saved to reproducibility_results/lamps/small.en/lamps_tech.wav_whisper.txt
Debug saved to the debug file
Word Error Rate:0.134(13.39%)
Running small.en, run 17
Transcription saved to reproducibility_results/lamps/small.en/lamps_tech.wav_whisper.txt
Debug saved to the debug file
Word Error Rate:0.134(13.39%)
Running small.en, run 18
Transcription saved to reproducibility_results/lamps/small.en/lamps_tech.wav_whisper.txt
Debug saved to the debug file
Word Error Rate:0.134(13.39%)
Running small.en, run 19
Transcription saved to reproducibility_results/lamps/small.en/lamps_tech.wav_whisper.txt
Debug saved to the debug file
Word Error Rate:0.134(13.39%)
Running small.en, run 20
Transcription saved to reproducibility_results/lamps/small.en/lamps_tech.wav_whisper.txt
Debug saved to the debug file
Word Error Rate:0.134(13.39%)
Running small.en, run 21
Transcription saved to reproducibility_results/lamps/small.en/lamps_tech.wav_whisper.txt
Debug saved to the debug file
Word Error Rate:0.134(13.39%)
Running small.en, run 22
Transcription saved to reproducibility_results/lamps/small.en/lamps_tech.wav_whisper.txt
Debug saved to the debug file
Word Error Rate:0.134(13.39%)
Running small.en, run 23
Transcription saved to reproducibility_results/lamps/small.en/lamps_tech.wav_whisper.txt
Debug saved to the debug file
Word Error Rate:0.134(13.39%)
Running small.en, run 24
Transcription saved to reproducibility_results/lamps/small.en/lamps_tech.wav_whisper.txt
Debug saved to the debug file
Word Error Rate:0.134(13.39%)
Running small.en, run 25
Transcription saved to reproducibility_results/lamps/small.en/lamps_tech.wav_whisper.txt
Debug saved to the debug file
Word Error Rate:0.134(13.39%)
Running medium, run 01
Transcription saved to reproducibility_results/lamps/medium/lamps_tech.wav_whisper.txt
Debug saved to the debug file
Word Error Rate:0.128(12.76%)
Running medium, run 02
Transcription saved to reproducibility_results/lamps/medium/lamps_tech.wav_whisper.txt
Debug saved to the debug file
Word Error Rate:0.128(12.76%)
Running medium, run 03
Transcription saved to reproducibility_results/lamps/medium/lamps_tech.wav_whisper.txt
Debug saved to the debug file
Word Error Rate:0.128(12.76%)
Running medium, run 04
Transcription saved to reproducibility_results/lamps/medium/lamps_tech.wav_whisper.txt
Debug saved to the debug file
Word Error Rate:0.128(12.76%)
Running medium, run 05
Transcription saved to reproducibility_results/lamps/medium/lamps_tech.wav_whisper.txt
Debug saved to the debug file
Word Error Rate:0.128(12.76%)
Running medium, run 06
Transcription saved to reproducibility_results/lamps/medium/lamps_tech.wav_whisper.txt
Debug saved to the debug file
Word Error Rate:0.128(12.76%)
Running medium, run 07
Transcription saved to reproducibility_results/lamps/medium/lamps_tech.wav_whisper.txt
Debug saved to the debug file
Word Error Rate:0.128(12.76%)
Running medium, run 08
Transcription saved to reproducibility_results/lamps/medium/lamps_tech.wav_whisper.txt
Debug saved to the debug file
Word Error Rate:0.128(12.76%)
Running medium, run 09
Transcription saved to reproducibility_results/lamps/medium/lamps_tech.wav_whisper.txt
Debug saved to the debug file
Word Error Rate:0.128(12.76%)
Running medium, run 10
Transcription saved to reproducibility_results/lamps/medium/lamps_tech.wav_whisper.txt
Debug saved to the debug file
Word Error Rate:0.128(12.76%)
Running medium, run 11
Transcription saved to reproducibility_results/lamps/medium/lamps_tech.wav_whisper.txt
Debug saved to the debug file
Word Error Rate:0.128(12.76%)
Running medium, run 12
Transcription saved to reproducibility_results/lamps/medium/lamps_tech.wav_whisper.txt
Debug saved to the debug file
Word Error Rate:0.128(12.76%)
Running medium, run 13
Transcription saved to reproducibility_results/lamps/medium/lamps_tech.wav_whisper.txt
Debug saved to the debug file
Word Error Rate:0.128(12.76%)
Running medium, run 14
Transcription saved to reproducibility_results/lamps/medium/lamps_tech.wav_whisper.txt
Debug saved to the debug file
Word Error Rate:0.128(12.76%)
Running medium, run 15
Transcription saved to reproducibility_results/lamps/medium/lamps_tech.wav_whisper.txt
Debug saved to the debug file
Word Error Rate:0.128(12.76%)
Running medium, run 16
Transcription saved to reproducibility_results/lamps/medium/lamps_tech.wav_whisper.txt
Debug saved to the debug file
Word Error Rate:0.128(12.76%)
Running medium, run 17
Transcription saved to reproducibility_results/lamps/medium/lamps_tech.wav_whisper.txt
Debug saved to the debug file
Word Error Rate:0.128(12.76%)
Running medium, run 18
Transcription saved to reproducibility_results/lamps/medium/lamps_tech.wav_whisper.txt
Debug saved to the debug file
Word Error Rate:0.128(12.76%)
Running medium, run 19
Transcription saved to reproducibility_results/lamps/medium/lamps_tech.wav_whisper.txt
Debug saved to the debug file
Word Error Rate:0.128(12.76%)
Running medium, run 20
Transcription saved to reproducibility_results/lamps/medium/lamps_tech.wav_whisper.txt
Debug saved to the debug file
Word Error Rate:0.128(12.76%)
Running medium, run 21
Transcription saved to reproducibility_results/lamps/medium/lamps_tech.wav_whisper.txt
Debug saved to the debug file
Word Error Rate:0.128(12.76%)
Running medium, run 22
Transcription saved to reproducibility_results/lamps/medium/lamps_tech.wav_whisper.txt
Debug saved to the debug file
Word Error Rate:0.128(12.76%)
Running medium, run 23
Transcription saved to reproducibility_results/lamps/medium/lamps_tech.wav_whisper.txt
Debug saved to the debug file
Word Error Rate:0.128(12.76%)
Running medium, run 24
Transcription saved to reproducibility_results/lamps/medium/lamps_tech.wav_whisper.txt
Debug saved to the debug file
Word Error Rate:0.128(12.76%)
Running medium, run 25
Transcription saved to reproducibility_results/lamps/medium/lamps_tech.wav_whisper.txt
Debug saved to the debug file
Word Error Rate:0.128(12.76%)
Running medium.en, run 01
Transcription saved to reproducibility_results/lamps/medium.en/lamps_tech.wav_whisper.txt
Debug saved to the debug file
Word Error Rate:0.146(14.65%)
Running medium.en, run 02
Transcription saved to reproducibility_results/lamps/medium.en/lamps_tech.wav_whisper.txt
Debug saved to the debug file
Word Error Rate:0.146(14.65%)
Running medium.en, run 03
Transcription saved to reproducibility_results/lamps/medium.en/lamps_tech.wav_whisper.txt
Debug saved to the debug file
Word Error Rate:0.146(14.65%)
Running medium.en, run 04
Transcription saved to reproducibility_results/lamps/medium.en/lamps_tech.wav_whisper.txt
Debug saved to the debug file
Word Error Rate:0.146(14.65%)
Running medium.en, run 05
Transcription saved to reproducibility_results/lamps/medium.en/lamps_tech.wav_whisper.txt
Debug saved to the debug file
Word Error Rate:0.146(14.65%)
Running medium.en, run 06
Transcription saved to reproducibility_results/lamps/medium.en/lamps_tech.wav_whisper.txt
Debug saved to the debug file
Word Error Rate:0.146(14.65%)
Running medium.en, run 07
Transcription saved to reproducibility_results/lamps/medium.en/lamps_tech.wav_whisper.txt
Debug saved to the debug file
Word Error Rate:0.146(14.65%)
Running medium.en, run 08
Transcription saved to reproducibility_results/lamps/medium.en/lamps_tech.wav_whisper.txt
Debug saved to the debug file
Word Error Rate:0.146(14.65%)
Running medium.en, run 09
Transcription saved to reproducibility_results/lamps/medium.en/lamps_tech.wav_whisper.txt
Debug saved to the debug file
Word Error Rate:0.146(14.65%)
Running medium.en, run 10
Transcription saved to reproducibility_results/lamps/medium.en/lamps_tech.wav_whisper.txt
Debug saved to the debug file
Word Error Rate:0.146(14.65%)
Running medium.en, run 11
Transcription saved to reproducibility_results/lamps/medium.en/lamps_tech.wav_whisper.txt
Debug saved to the debug file
Word Error Rate:0.146(14.65%)
Running medium.en, run 12
Transcription saved to reproducibility_results/lamps/medium.en/lamps_tech.wav_whisper.txt
Debug saved to the debug file
Word Error Rate:0.146(14.65%)
Running medium.en, run 13
Transcription saved to reproducibility_results/lamps/medium.en/lamps_tech.wav_whisper.txt
Debug saved to the debug file
Word Error Rate:0.146(14.65%)
Running medium.en, run 14
Transcription saved to reproducibility_results/lamps/medium.en/lamps_tech.wav_whisper.txt
Debug saved to the debug file
Word Error Rate:0.146(14.65%)
Running medium.en, run 15
Transcription saved to reproducibility_results/lamps/medium.en/lamps_tech.wav_whisper.txt
Debug saved to the debug file
Word Error Rate:0.146(14.65%)
Running medium.en, run 16
Transcription saved to reproducibility_results/lamps/medium.en/lamps_tech.wav_whisper.txt
Debug saved to the debug file
Word Error Rate:0.146(14.65%)
Running medium.en, run 17
Transcription saved to reproducibility_results/lamps/medium.en/lamps_tech.wav_whisper.txt
Debug saved to the debug file
Word Error Rate:0.146(14.65%)
Running medium.en, run 18
Transcription saved to reproducibility_results/lamps/medium.en/lamps_tech.wav_whisper.txt
Debug saved to the debug file
Word Error Rate:0.146(14.65%)
Running medium.en, run 19
Transcription saved to reproducibility_results/lamps/medium.en/lamps_tech.wav_whisper.txt
Debug saved to the debug file
Word Error Rate:0.146(14.65%)
Running medium.en, run 20
Transcription saved to reproducibility_results/lamps/medium.en/lamps_tech.wav_whisper.txt
Debug saved to the debug file
Word Error Rate:0.146(14.65%)
Running medium.en, run 21
Transcription saved to reproducibility_results/lamps/medium.en/lamps_tech.wav_whisper.txt
Debug saved to the debug file
Word Error Rate:0.146(14.65%)
Running medium.en, run 22
Transcription saved to reproducibility_results/lamps/medium.en/lamps_tech.wav_whisper.txt
Debug saved to the debug file
Word Error Rate:0.146(14.65%)
Running medium.en, run 23
Transcription saved to reproducibility_results/lamps/medium.en/lamps_tech.wav_whisper.txt
Debug saved to the debug file
Word Error Rate:0.146(14.65%)
Running medium.en, run 24
Transcription saved to reproducibility_results/lamps/medium.en/lamps_tech.wav_whisper.txt
Debug saved to the debug file
Word Error Rate:0.146(14.65%)
Running medium.en, run 25
Transcription saved to reproducibility_results/lamps/medium.en/lamps_tech.wav_whisper.txt
Debug saved to the debug file
Word Error Rate:0.146(14.65%)
Running large-v3, run 01
Transcription saved to reproducibility_results/lamps/large-v3/lamps_tech.wav_whisper.txt
Debug saved to the debug file
Word Error Rate:0.369(36.85%)
Running large-v3, run 02
Transcription saved to reproducibility_results/lamps/large-v3/lamps_tech.wav_whisper.txt
Debug saved to the debug file
Word Error Rate:0.269(26.93%)
Running large-v3, run 03
Transcription saved to reproducibility_results/lamps/large-v3/lamps_tech.wav_whisper.txt
Debug saved to the debug file
Word Error Rate:0.276(27.56%)
Running large-v3, run 04
Transcription saved to reproducibility_results/lamps/large-v3/lamps_tech.wav_whisper.txt
Debug saved to the debug file
Word Error Rate:0.225(22.52%)
Running large-v3, run 05
Transcription saved to reproducibility_results/lamps/large-v3/lamps_tech.wav_whisper.txt
Debug saved to the debug file
Word Error Rate:0.285(28.50%)
Running large-v3, run 06
Transcription saved to reproducibility_results/lamps/large-v3/lamps_tech.wav_whisper.txt
Debug saved to the debug file
Word Error Rate:0.320(31.97%)
Running large-v3, run 07
Transcription saved to reproducibility_results/lamps/large-v3/lamps_tech.wav_whisper.txt
Debug saved to the debug file
Word Error Rate:0.365(36.54%)
Running large-v3, run 08
Transcription saved to reproducibility_results/lamps/large-v3/lamps_tech.wav_whisper.txt
Debug saved to the debug file
Word Error Rate:0.334(33.39%)
Running large-v3, run 09
Transcription saved to reproducibility_results/lamps/large-v3/lamps_tech.wav_whisper.txt
Debug saved to the debug file
Word Error Rate:0.408(40.79%)
Running large-v3, run 10
Transcription saved to reproducibility_results/lamps/large-v3/lamps_tech.wav_whisper.txt
Debug saved to the debug file
Word Error Rate:0.277(27.72%)
Running large-v3, run 11
Transcription saved to reproducibility_results/lamps/large-v3/lamps_tech.wav_whisper.txt
Debug saved to the debug file
Word Error Rate:0.288(28.82%)
Running large-v3, run 12
Transcription saved to reproducibility_results/lamps/large-v3/lamps_tech.wav_whisper.txt
Debug saved to the debug file
Word Error Rate:0.387(38.74%)
Running large-v3, run 13
Transcription saved to reproducibility_results/lamps/large-v3/lamps_tech.wav_whisper.txt
Debug saved to the debug file
Word Error Rate:0.236(23.62%)
Running large-v3, run 14
Transcription saved to reproducibility_results/lamps/large-v3/lamps_tech.wav_whisper.txt
Debug saved to the debug file
Word Error Rate:0.376(37.64%)
Running large-v3, run 15
Transcription saved to reproducibility_results/lamps/large-v3/lamps_tech.wav_whisper.txt
Debug saved to the debug file
Word Error Rate:0.228(22.83%)
Running large-v3, run 16
Transcription saved to reproducibility_results/lamps/large-v3/lamps_tech.wav_whisper.txt
Debug saved to the debug file
Word Error Rate:0.180(17.95%)
Running large-v3, run 17
Transcription saved to reproducibility_results/lamps/large-v3/lamps_tech.wav_whisper.txt
Debug saved to the debug file
Word Error Rate:0.375(37.48%)
Running large-v3, run 18
Transcription saved to reproducibility_results/lamps/large-v3/lamps_tech.wav_whisper.txt
Debug saved to the debug file
Word Error Rate:0.277(27.72%)
Running large-v3, run 19
Transcription saved to reproducibility_results/lamps/large-v3/lamps_tech.wav_whisper.txt
Debug saved to the debug file
Word Error Rate:0.288(28.82%)
Running large-v3, run 20
Transcription saved to reproducibility_results/lamps/large-v3/lamps_tech.wav_whisper.txt
Debug saved to the debug file
Word Error Rate:0.217(21.73%)
Running large-v3, run 21
Transcription saved to reproducibility_results/lamps/large-v3/lamps_tech.wav_whisper.txt
Debug saved to the debug file
Word Error Rate:0.356(35.59%)
Running large-v3, run 22
Transcription saved to reproducibility_results/lamps/large-v3/lamps_tech.wav_whisper.txt
Debug saved to the debug file
Word Error Rate:0.186(18.58%)
Running large-v3, run 23
Transcription saved to reproducibility_results/lamps/large-v3/lamps_tech.wav_whisper.txt
Debug saved to the debug file
Word Error Rate:0.290(28.98%)
Running large-v3, run 24
Transcription saved to reproducibility_results/lamps/large-v3/lamps_tech.wav_whisper.txt
Debug saved to the debug file
Word Error Rate:0.246(24.57%)
Running large-v3, run 25
Transcription saved to reproducibility_results/lamps/large-v3/lamps_tech.wav_whisper.txt
Debug saved to the debug file
Word Error Rate:0.272(27.24%)
Running turbo, run 01
Transcription saved to reproducibility_results/lamps/turbo/lamps_tech.wav_whisper.txt
Debug saved to the debug file
Word Error Rate:0.128(12.76%)
Running turbo, run 02
Transcription saved to reproducibility_results/lamps/turbo/lamps_tech.wav_whisper.txt
Debug saved to the debug file
Word Error Rate:0.128(12.76%)
Running turbo, run 03
Transcription saved to reproducibility_results/lamps/turbo/lamps_tech.wav_whisper.txt
Debug saved to the debug file
Word Error Rate:0.128(12.76%)
Running turbo, run 04
Transcription saved to reproducibility_results/lamps/turbo/lamps_tech.wav_whisper.txt
Debug saved to the debug file
Word Error Rate:0.128(12.76%)
Running turbo, run 05
Transcription saved to reproducibility_results/lamps/turbo/lamps_tech.wav_whisper.txt
Debug saved to the debug file
Word Error Rate:0.128(12.76%)
Running turbo, run 06
Transcription saved to reproducibility_results/lamps/turbo/lamps_tech.wav_whisper.txt
Debug saved to the debug file
Word Error Rate:0.128(12.76%)
Running turbo, run 07
Transcription saved to reproducibility_results/lamps/turbo/lamps_tech.wav_whisper.txt
Debug saved to the debug file
Word Error Rate:0.128(12.76%)
Running turbo, run 08
Transcription saved to reproducibility_results/lamps/turbo/lamps_tech.wav_whisper.txt
Debug saved to the debug file
Word Error Rate:0.128(12.76%)
Running turbo, run 09
Transcription saved to reproducibility_results/lamps/turbo/lamps_tech.wav_whisper.txt
Debug saved to the debug file
Word Error Rate:0.128(12.76%)
Running turbo, run 10
Transcription saved to reproducibility_results/lamps/turbo/lamps_tech.wav_whisper.txt
Debug saved to the debug file
Word Error Rate:0.128(12.76%)
Running turbo, run 11
Transcription saved to reproducibility_results/lamps/turbo/lamps_tech.wav_whisper.txt
Debug saved to the debug file
Word Error Rate:0.128(12.76%)
Running turbo, run 12
Transcription saved to reproducibility_results/lamps/turbo/lamps_tech.wav_whisper.txt
Debug saved to the debug file
Word Error Rate:0.128(12.76%)
Running turbo, run 13
Transcription saved to reproducibility_results/lamps/turbo/lamps_tech.wav_whisper.txt
Debug saved to the debug file
Word Error Rate:0.128(12.76%)
Running turbo, run 14
Transcription saved to reproducibility_results/lamps/turbo/lamps_tech.wav_whisper.txt
Debug saved to the debug file
Word Error Rate:0.128(12.76%)
Running turbo, run 15
Transcription saved to reproducibility_results/lamps/turbo/lamps_tech.wav_whisper.txt
Debug saved to the debug file
Word Error Rate:0.128(12.76%)
Running turbo, run 16
Transcription saved to reproducibility_results/lamps/turbo/lamps_tech.wav_whisper.txt
Debug saved to the debug file
Word Error Rate:0.128(12.76%)
Running turbo, run 17
Transcription saved to reproducibility_results/lamps/turbo/lamps_tech.wav_whisper.txt
Debug saved to the debug file
Word Error Rate:0.128(12.76%)
Running turbo, run 18
Transcription saved to reproducibility_results/lamps/turbo/lamps_tech.wav_whisper.txt
Debug saved to the debug file
Word Error Rate:0.128(12.76%)
Running turbo, run 19
Transcription saved to reproducibility_results/lamps/turbo/lamps_tech.wav_whisper.txt
Debug saved to the debug file
Word Error Rate:0.128(12.76%)
Running turbo, run 20
Transcription saved to reproducibility_results/lamps/turbo/lamps_tech.wav_whisper.txt
Debug saved to the debug file
Word Error Rate:0.128(12.76%)
Running turbo, run 21
Transcription saved to reproducibility_results/lamps/turbo/lamps_tech.wav_whisper.txt
Debug saved to the debug file
Word Error Rate:0.128(12.76%)
Running turbo, run 22
Transcription saved to reproducibility_results/lamps/turbo/lamps_tech.wav_whisper.txt
Debug saved to the debug file
Word Error Rate:0.128(12.76%)
Running turbo, run 23
