Running tiny, run 01
Transcription saved to reproducibility_results/plenary_openmic/tiny/plenary_openmic.wav_whisper.txt
Debug saved to the debug file
Word Error Rate:0.219(21.88%)
Running tiny, run 02
Transcription saved to reproducibility_results/plenary_openmic/tiny/plenary_openmic.wav_whisper.txt
Debug saved to the debug file
Word Error Rate:0.226(22.64%)
Running tiny, run 03
Transcription saved to reproducibility_results/plenary_openmic/tiny/plenary_openmic.wav_whisper.txt
Debug saved to the debug file
Word Error Rate:0.226(22.64%)
Running tiny, run 04
Transcription saved to reproducibility_results/plenary_openmic/tiny/plenary_openmic.wav_whisper.txt
Debug saved to the debug file
Word Error Rate:0.217(21.74%)
Running tiny, run 05
Transcription saved to reproducibility_results/plenary_openmic/tiny/plenary_openmic.wav_whisper.txt
Debug saved to the debug file
Word Error Rate:0.212(21.25%)
Running tiny, run 06
Transcription saved to reproducibility_results/plenary_openmic/tiny/plenary_openmic.wav_whisper.txt
Debug saved to the debug file
Word Error Rate:0.216(21.63%)
Running tiny, run 07
Transcription saved to reproducibility_results/plenary_openmic/tiny/plenary_openmic.wav_whisper.txt
Debug saved to the debug file
Word Error Rate:0.223(22.26%)
Running tiny, run 08
Transcription saved to reproducibility_results/plenary_openmic/tiny/plenary_openmic.wav_whisper.txt
Debug saved to the debug file
Word Error Rate:0.219(21.94%)
Running tiny, run 09
Transcription saved to reproducibility_results/plenary_openmic/tiny/plenary_openmic.wav_whisper.txt
Debug saved to the debug file
Word Error Rate:0.234(23.37%)
Running tiny, run 10
Transcription saved to reproducibility_results/plenary_openmic/tiny/plenary_openmic.wav_whisper.txt
Debug saved to the debug file
Word Error Rate:0.214(21.39%)
Running tiny, run 11
Transcription saved to reproducibility_results/plenary_openmic/tiny/plenary_openmic.wav_whisper.txt
Debug saved to the debug file
Word Error Rate:0.213(21.28%)
Running tiny, run 12
Transcription saved to reproducibility_results/plenary_openmic/tiny/plenary_openmic.wav_whisper.txt
Debug saved to the debug file
Word Error Rate:0.221(22.12%)
Running tiny, run 13
Transcription saved to reproducibility_results/plenary_openmic/tiny/plenary_openmic.wav_whisper.txt
Debug saved to the debug file
Word Error Rate:0.193(19.34%)
Running tiny, run 14
Transcription saved to reproducibility_results/plenary_openmic/tiny/plenary_openmic.wav_whisper.txt
Debug saved to the debug file
Word Error Rate:0.195(19.55%)
Running tiny, run 15
Transcription saved to reproducibility_results/plenary_openmic/tiny/plenary_openmic.wav_whisper.txt
Debug saved to the debug file
Word Error Rate:0.214(21.39%)
Running tiny, run 16
Transcription saved to reproducibility_results/plenary_openmic/tiny/plenary_openmic.wav_whisper.txt
Debug saved to the debug file
Word Error Rate:0.220(22.01%)
Running tiny, run 17
Transcription saved to reproducibility_results/plenary_openmic/tiny/plenary_openmic.wav_whisper.txt
Debug saved to the debug file
Word Error Rate:0.212(21.25%)
Running tiny, run 18
Transcription saved to reproducibility_results/plenary_openmic/tiny/plenary_openmic.wav_whisper.txt
Debug saved to the debug file
Word Error Rate:0.195(19.51%)
Running tiny, run 19
Transcription saved to reproducibility_results/plenary_openmic/tiny/plenary_openmic.wav_whisper.txt
Debug saved to the debug file
Word Error Rate:0.223(22.33%)
Running tiny, run 20
Transcription saved to reproducibility_results/plenary_openmic/tiny/plenary_openmic.wav_whisper.txt
Debug saved to the debug file
Word Error Rate:0.215(21.53%)
Running tiny, run 21
Transcription saved to reproducibility_results/plenary_openmic/tiny/plenary_openmic.wav_whisper.txt
Debug saved to the debug file
Word Error Rate:0.208(20.83%)
Running tiny, run 22
Transcription saved to reproducibility_results/plenary_openmic/tiny/plenary_openmic.wav_whisper.txt
Debug saved to the debug file
Word Error Rate:0.225(22.47%)
Running tiny, run 23
Transcription saved to reproducibility_results/plenary_openmic/tiny/plenary_openmic.wav_whisper.txt
Debug saved to the debug file
Word Error Rate:0.217(21.74%)
Running tiny, run 24
Transcription saved to reproducibility_results/plenary_openmic/tiny/plenary_openmic.wav_whisper.txt
Debug saved to the debug file
Word Error Rate:0.203(20.31%)
Running tiny, run 25
Transcription saved to reproducibility_results/plenary_openmic/tiny/plenary_openmic.wav_whisper.txt
Debug saved to the debug file
Word Error Rate:0.214(21.39%)
Running tiny.en, run 01
Transcription saved to reproducibility_results/plenary_openmic/tiny.en/plenary_openmic.wav_whisper.txt
Debug saved to the debug file
Word Error Rate:0.253(25.35%)
Running tiny.en, run 02
Transcription saved to reproducibility_results/plenary_openmic/tiny.en/plenary_openmic.wav_whisper.txt
Debug saved to the debug file
Word Error Rate:0.208(20.76%)
Running tiny.en, run 03
Transcription saved to reproducibility_results/plenary_openmic/tiny.en/plenary_openmic.wav_whisper.txt
Debug saved to the debug file
Word Error Rate:0.210(20.97%)
Running tiny.en, run 04
Transcription saved to reproducibility_results/plenary_openmic/tiny.en/plenary_openmic.wav_whisper.txt
Debug saved to the debug file
Word Error Rate:0.216(21.63%)
Running tiny.en, run 05
Transcription saved to reproducibility_results/plenary_openmic/tiny.en/plenary_openmic.wav_whisper.txt
Debug saved to the debug file
Word Error Rate:0.218(21.77%)
Running tiny.en, run 06
Transcription saved to reproducibility_results/plenary_openmic/tiny.en/plenary_openmic.wav_whisper.txt
Debug saved to the debug file
Word Error Rate:0.202(20.21%)
Running tiny.en, run 07
Transcription saved to reproducibility_results/plenary_openmic/tiny.en/plenary_openmic.wav_whisper.txt
Debug saved to the debug file
Word Error Rate:0.229(22.88%)
Running tiny.en, run 08
Transcription saved to reproducibility_results/plenary_openmic/tiny.en/plenary_openmic.wav_whisper.txt
Debug saved to the debug file
Word Error Rate:0.230(22.99%)
Running tiny.en, run 09
Transcription saved to reproducibility_results/plenary_openmic/tiny.en/plenary_openmic.wav_whisper.txt
Debug saved to the debug file
Word Error Rate:0.226(22.64%)
Running tiny.en, run 10
Transcription saved to reproducibility_results/plenary_openmic/tiny.en/plenary_openmic.wav_whisper.txt
Debug saved to the debug file
Word Error Rate:0.218(21.81%)
Running tiny.en, run 11
Transcription saved to reproducibility_results/plenary_openmic/tiny.en/plenary_openmic.wav_whisper.txt
Debug saved to the debug file
Word Error Rate:0.214(21.39%)
Running tiny.en, run 12
Transcription saved to reproducibility_results/plenary_openmic/tiny.en/plenary_openmic.wav_whisper.txt
Debug saved to the debug file
Word Error Rate:0.261(26.15%)
Running tiny.en, run 13
Transcription saved to reproducibility_results/plenary_openmic/tiny.en/plenary_openmic.wav_whisper.txt
Debug saved to the debug file
Word Error Rate:0.220(22.05%)
Running tiny.en, run 14
Transcription saved to reproducibility_results/plenary_openmic/tiny.en/plenary_openmic.wav_whisper.txt
Debug saved to the debug file
Word Error Rate:0.219(21.91%)
Running tiny.en, run 15
Transcription saved to reproducibility_results/plenary_openmic/tiny.en/plenary_openmic.wav_whisper.txt
Debug saved to the debug file
Word Error Rate:0.183(18.30%)
Running tiny.en, run 16
Transcription saved to reproducibility_results/plenary_openmic/tiny.en/plenary_openmic.wav_whisper.txt
Debug saved to the debug file
Word Error Rate:0.213(21.28%)
Running tiny.en, run 17
Transcription saved to reproducibility_results/plenary_openmic/tiny.en/plenary_openmic.wav_whisper.txt
Debug saved to the debug file
Word Error Rate:0.214(21.35%)
Running tiny.en, run 18
Transcription saved to reproducibility_results/plenary_openmic/tiny.en/plenary_openmic.wav_whisper.txt
Debug saved to the debug file
Word Error Rate:0.219(21.94%)
Running tiny.en, run 19
Transcription saved to reproducibility_results/plenary_openmic/tiny.en/plenary_openmic.wav_whisper.txt
Debug saved to the debug file
Word Error Rate:0.220(21.98%)
Running tiny.en, run 20
Transcription saved to reproducibility_results/plenary_openmic/tiny.en/plenary_openmic.wav_whisper.txt
Debug saved to the debug file
Word Error Rate:0.218(21.84%)
Running tiny.en, run 21
Transcription saved to reproducibility_results/plenary_openmic/tiny.en/plenary_openmic.wav_whisper.txt
Debug saved to the debug file
Word Error Rate:0.209(20.94%)
Running tiny.en, run 22
Transcription saved to reproducibility_results/plenary_openmic/tiny.en/plenary_openmic.wav_whisper.txt
Debug saved to the debug file
Word Error Rate:0.213(21.32%)
Running tiny.en, run 23
Transcription saved to reproducibility_results/plenary_openmic/tiny.en/plenary_openmic.wav_whisper.txt
Debug saved to the debug file
Word Error Rate:0.218(21.84%)
Running tiny.en, run 24
Transcription saved to reproducibility_results/plenary_openmic/tiny.en/plenary_openmic.wav_whisper.txt
Debug saved to the debug file
Word Error Rate:0.217(21.74%)
Running tiny.en, run 25
Transcription saved to reproducibility_results/plenary_openmic/tiny.en/plenary_openmic.wav_whisper.txt
Debug saved to the debug file
Word Error Rate:0.226(22.57%)
Running base, run 01
Transcription saved to reproducibility_results/plenary_openmic/base/plenary_openmic.wav_whisper.txt
Debug saved to the debug file
Word Error Rate:0.177(17.71%)
Running base, run 02
Transcription saved to reproducibility_results/plenary_openmic/base/plenary_openmic.wav_whisper.txt
Debug saved to the debug file
Word Error Rate:0.177(17.71%)
Running base, run 03
Transcription saved to reproducibility_results/plenary_openmic/base/plenary_openmic.wav_whisper.txt
Debug saved to the debug file
Word Error Rate:0.177(17.71%)
Running base, run 04
Transcription saved to reproducibility_results/plenary_openmic/base/plenary_openmic.wav_whisper.txt
Debug saved to the debug file
Word Error Rate:0.177(17.71%)
Running base, run 05
Transcription saved to reproducibility_results/plenary_openmic/base/plenary_openmic.wav_whisper.txt
Debug saved to the debug file
Word Error Rate:0.177(17.71%)
Running base, run 06
Transcription saved to reproducibility_results/plenary_openmic/base/plenary_openmic.wav_whisper.txt
Debug saved to the debug file
Word Error Rate:0.177(17.71%)
Running base, run 07
Transcription saved to reproducibility_results/plenary_openmic/base/plenary_openmic.wav_whisper.txt
Debug saved to the debug file
Word Error Rate:0.177(17.71%)
Running base, run 08
Transcription saved to reproducibility_results/plenary_openmic/base/plenary_openmic.wav_whisper.txt
Debug saved to the debug file
Word Error Rate:0.177(17.71%)
Running base, run 09
Transcription saved to reproducibility_results/plenary_openmic/base/plenary_openmic.wav_whisper.txt
Debug saved to the debug file
Word Error Rate:0.177(17.71%)
Running base, run 10
Transcription saved to reproducibility_results/plenary_openmic/base/plenary_openmic.wav_whisper.txt
Debug saved to the debug file
Word Error Rate:0.177(17.71%)
Running base, run 11
Transcription saved to reproducibility_results/plenary_openmic/base/plenary_openmic.wav_whisper.txt
Debug saved to the debug file
Word Error Rate:0.177(17.71%)
Running base, run 12
Transcription saved to reproducibility_results/plenary_openmic/base/plenary_openmic.wav_whisper.txt
Debug saved to the debug file
Word Error Rate:0.177(17.71%)
Running base, run 13
Transcription saved to reproducibility_results/plenary_openmic/base/plenary_openmic.wav_whisper.txt
Debug saved to the debug file
Word Error Rate:0.177(17.71%)
Running base, run 14
Transcription saved to reproducibility_results/plenary_openmic/base/plenary_openmic.wav_whisper.txt
Debug saved to the debug file
Word Error Rate:0.177(17.71%)
Running base, run 15
Transcription saved to reproducibility_results/plenary_openmic/base/plenary_openmic.wav_whisper.txt
Debug saved to the debug file
Word Error Rate:0.177(17.71%)
Running base, run 16
Transcription saved to reproducibility_results/plenary_openmic/base/plenary_openmic.wav_whisper.txt
Debug saved to the debug file
Word Error Rate:0.177(17.71%)
Running base, run 17
Transcription saved to reproducibility_results/plenary_openmic/base/plenary_openmic.wav_whisper.txt
Debug saved to the debug file
Word Error Rate:0.177(17.71%)
Running base, run 18
Transcription saved to reproducibility_results/plenary_openmic/base/plenary_openmic.wav_whisper.txt
Debug saved to the debug file
Word Error Rate:0.177(17.71%)
Running base, run 19
Transcription saved to reproducibility_results/plenary_openmic/base/plenary_openmic.wav_whisper.txt
Debug saved to the debug file
Word Error Rate:0.177(17.71%)
Running base, run 20
Transcription saved to reproducibility_results/plenary_openmic/base/plenary_openmic.wav_whisper.txt
Debug saved to the debug file
Word Error Rate:0.177(17.71%)
Running base, run 21
Transcription saved to reproducibility_results/plenary_openmic/base/plenary_openmic.wav_whisper.txt
Debug saved to the debug file
Word Error Rate:0.177(17.71%)
Running base, run 22
Transcription saved to reproducibility_results/plenary_openmic/base/plenary_openmic.wav_whisper.txt
Debug saved to the debug file
Word Error Rate:0.177(17.71%)
Running base, run 23
Transcription saved to reproducibility_results/plenary_openmic/base/plenary_openmic.wav_whisper.txt
Debug saved to the debug file
Word Error Rate:0.177(17.71%)
Running base, run 24
Transcription saved to reproducibility_results/plenary_openmic/base/plenary_openmic.wav_whisper.txt
Debug saved to the debug file
Word Error Rate:0.177(17.71%)
Running base, run 25
Transcription saved to reproducibility_results/plenary_openmic/base/plenary_openmic.wav_whisper.txt
Debug saved to the debug file
Word Error Rate:0.177(17.71%)
Running base.en, run 01
Transcription saved to reproducibility_results/plenary_openmic/base.en/plenary_openmic.wav_whisper.txt
Debug saved to the debug file
Word Error Rate:0.209(20.90%)
Running base.en, run 02
Transcription saved to reproducibility_results/plenary_openmic/base.en/plenary_openmic.wav_whisper.txt
Debug saved to the debug file
Word Error Rate:0.209(20.90%)
Running base.en, run 03
Transcription saved to reproducibility_results/plenary_openmic/base.en/plenary_openmic.wav_whisper.txt
Debug saved to the debug file
Word Error Rate:0.209(20.90%)
Running base.en, run 04
Transcription saved to reproducibility_results/plenary_openmic/base.en/plenary_openmic.wav_whisper.txt
Debug saved to the debug file
Word Error Rate:0.209(20.90%)
Running base.en, run 05
Transcription saved to reproducibility_results/plenary_openmic/base.en/plenary_openmic.wav_whisper.txt
Debug saved to the debug file
Word Error Rate:0.209(20.90%)
Running base.en, run 06
Transcription saved to reproducibility_results/plenary_openmic/base.en/plenary_openmic.wav_whisper.txt
Debug saved to the debug file
Word Error Rate:0.209(20.90%)
Running base.en, run 07
Transcription saved to reproducibility_results/plenary_openmic/base.en/plenary_openmic.wav_whisper.txt
Debug saved to the debug file
Word Error Rate:0.209(20.90%)
Running base.en, run 08
Transcription saved to reproducibility_results/plenary_openmic/base.en/plenary_openmic.wav_whisper.txt
Debug saved to the debug file
Word Error Rate:0.209(20.90%)
Running base.en, run 09
Transcription saved to reproducibility_results/plenary_openmic/base.en/plenary_openmic.wav_whisper.txt
Debug saved to the debug file
Word Error Rate:0.209(20.90%)
Running base.en, run 10
Transcription saved to reproducibility_results/plenary_openmic/base.en/plenary_openmic.wav_whisper.txt
Debug saved to the debug file
Word Error Rate:0.209(20.90%)
Running base.en, run 11
Transcription saved to reproducibility_results/plenary_openmic/base.en/plenary_openmic.wav_whisper.txt
Debug saved to the debug file
Word Error Rate:0.209(20.90%)
Running base.en, run 12
Transcription saved to reproducibility_results/plenary_openmic/base.en/plenary_openmic.wav_whisper.txt
Debug saved to the debug file
Word Error Rate:0.209(20.90%)
Running base.en, run 13
Transcription saved to reproducibility_results/plenary_openmic/base.en/plenary_openmic.wav_whisper.txt
Debug saved to the debug file
Word Error Rate:0.209(20.90%)
Running base.en, run 14
Transcription saved to reproducibility_results/plenary_openmic/base.en/plenary_openmic.wav_whisper.txt
Debug saved to the debug file
Word Error Rate:0.209(20.90%)
Running base.en, run 15
Transcription saved to reproducibility_results/plenary_openmic/base.en/plenary_openmic.wav_whisper.txt
Debug saved to the debug file
Word Error Rate:0.209(20.90%)
Running base.en, run 16
Transcription saved to reproducibility_results/plenary_openmic/base.en/plenary_openmic.wav_whisper.txt
Debug saved to the debug file
Word Error Rate:0.209(20.90%)
Running base.en, run 17
Transcription saved to reproducibility_results/plenary_openmic/base.en/plenary_openmic.wav_whisper.txt
Debug saved to the debug file
Word Error Rate:0.209(20.90%)
Running base.en, run 18
Transcription saved to reproducibility_results/plenary_openmic/base.en/plenary_openmic.wav_whisper.txt
Debug saved to the debug file
Word Error Rate:0.209(20.90%)
Running base.en, run 19
Transcription saved to reproducibility_results/plenary_openmic/base.en/plenary_openmic.wav_whisper.txt
Debug saved to the debug file
Word Error Rate:0.209(20.90%)
Running base.en, run 20
Transcription saved to reproducibility_results/plenary_openmic/base.en/plenary_openmic.wav_whisper.txt
Debug saved to the debug file
Word Error Rate:0.209(20.90%)
Running base.en, run 21
Transcription saved to reproducibility_results/plenary_openmic/base.en/plenary_openmic.wav_whisper.txt
Debug saved to the debug file
Word Error Rate:0.209(20.90%)
Running base.en, run 22
Transcription saved to reproducibility_results/plenary_openmic/base.en/plenary_openmic.wav_whisper.txt
Debug saved to the debug file
Word Error Rate:0.209(20.90%)
Running base.en, run 23
Transcription saved to reproducibility_results/plenary_openmic/base.en/plenary_openmic.wav_whisper.txt
Debug saved to the debug file
Word Error Rate:0.209(20.90%)
Running base.en, run 24
Transcription saved to reproducibility_results/plenary_openmic/base.en/plenary_openmic.wav_whisper.txt
Debug saved to the debug file
Word Error Rate:0.209(20.90%)
Running base.en, run 25
Transcription saved to reproducibility_results/plenary_openmic/base.en/plenary_openmic.wav_whisper.txt
Debug saved to the debug file
Word Error Rate:0.209(20.90%)
Running small, run 01
Transcription saved to reproducibility_results/plenary_openmic/small/plenary_openmic.wav_whisper.txt
Debug saved to the debug file
Word Error Rate:0.157(15.73%)
Running small, run 02
Transcription saved to reproducibility_results/plenary_openmic/small/plenary_openmic.wav_whisper.txt
Debug saved to the debug file
Word Error Rate:0.202(20.24%)
Running small, run 03
Transcription saved to reproducibility_results/plenary_openmic/small/plenary_openmic.wav_whisper.txt
Debug saved to the debug file
Word Error Rate:0.180(17.99%)
Running small, run 04
Transcription saved to reproducibility_results/plenary_openmic/small/plenary_openmic.wav_whisper.txt
Debug saved to the debug file
Word Error Rate:0.180(17.99%)
Running small, run 05
Transcription saved to reproducibility_results/plenary_openmic/small/plenary_openmic.wav_whisper.txt
Debug saved to the debug file
Word Error Rate:0.680(67.99%)
Running small, run 06
Transcription saved to reproducibility_results/plenary_openmic/small/plenary_openmic.wav_whisper.txt
Debug saved to the debug file
Word Error Rate:0.148(14.76%)
Running small, run 07
Transcription saved to reproducibility_results/plenary_openmic/small/plenary_openmic.wav_whisper.txt
Debug saved to the debug file
Word Error Rate:0.180(17.99%)
Running small, run 08
Transcription saved to reproducibility_results/plenary_openmic/small/plenary_openmic.wav_whisper.txt
Debug saved to the debug file
Word Error Rate:0.180(17.99%)
Running small, run 09
Transcription saved to reproducibility_results/plenary_openmic/small/plenary_openmic.wav_whisper.txt
Debug saved to the debug file
Word Error Rate:0.180(17.99%)
Running small, run 10
Transcription saved to reproducibility_results/plenary_openmic/small/plenary_openmic.wav_whisper.txt
Debug saved to the debug file
Word Error Rate:0.179(17.88%)
Running small, run 11
Transcription saved to reproducibility_results/plenary_openmic/small/plenary_openmic.wav_whisper.txt
Debug saved to the debug file
Word Error Rate:0.175(17.53%)
Running small, run 12
Transcription saved to reproducibility_results/plenary_openmic/small/plenary_openmic.wav_whisper.txt
Debug saved to the debug file
Word Error Rate:0.186(18.65%)
Running small, run 13
Transcription saved to reproducibility_results/plenary_openmic/small/plenary_openmic.wav_whisper.txt
Debug saved to the debug file
Word Error Rate:0.184(18.40%)
Running small, run 14
Transcription saved to reproducibility_results/plenary_openmic/small/plenary_openmic.wav_whisper.txt
Debug saved to the debug file
Word Error Rate:0.180(18.02%)
Running small, run 15
Transcription saved to reproducibility_results/plenary_openmic/small/plenary_openmic.wav_whisper.txt
Debug saved to the debug file
Word Error Rate:0.151(15.10%)
Running small, run 16
Transcription saved to reproducibility_results/plenary_openmic/small/plenary_openmic.wav_whisper.txt
Debug saved to the debug file
Word Error Rate:0.147(14.69%)
Running small, run 17
Transcription saved to reproducibility_results/plenary_openmic/small/plenary_openmic.wav_whisper.txt
Debug saved to the debug file
Word Error Rate:0.187(18.72%)
Running small, run 18
Transcription saved to reproducibility_results/plenary_openmic/small/plenary_openmic.wav_whisper.txt
Debug saved to the debug file
Word Error Rate:0.205(20.52%)
Running small, run 19
Transcription saved to reproducibility_results/plenary_openmic/small/plenary_openmic.wav_whisper.txt
Debug saved to the debug file
Word Error Rate:0.180(18.02%)
Running small, run 20
Transcription saved to reproducibility_results/plenary_openmic/small/plenary_openmic.wav_whisper.txt
Debug saved to the debug file
Word Error Rate:0.180(17.99%)
Running small, run 21
Transcription saved to reproducibility_results/plenary_openmic/small/plenary_openmic.wav_whisper.txt
Debug saved to the debug file
Word Error Rate:0.174(17.40%)
Running small, run 22
Transcription saved to reproducibility_results/plenary_openmic/small/plenary_openmic.wav_whisper.txt
Debug saved to the debug file
Word Error Rate:0.145(14.48%)
Running small, run 23
Transcription saved to reproducibility_results/plenary_openmic/small/plenary_openmic.wav_whisper.txt
Debug saved to the debug file
Word Error Rate:0.159(15.87%)
Running small, run 24
Transcription saved to reproducibility_results/plenary_openmic/small/plenary_openmic.wav_whisper.txt
Debug saved to the debug file
Word Error Rate:0.184(18.37%)
Running small, run 25
Transcription saved to reproducibility_results/plenary_openmic/small/plenary_openmic.wav_whisper.txt
Debug saved to the debug file
Word Error Rate:0.180(17.99%)
Running small.en, run 01
Transcription saved to reproducibility_results/plenary_openmic/small.en/plenary_openmic.wav_whisper.txt
Debug saved to the debug file
Word Error Rate:0.134(13.37%)
Running small.en, run 02
Transcription saved to reproducibility_results/plenary_openmic/small.en/plenary_openmic.wav_whisper.txt
Debug saved to the debug file
Word Error Rate:0.134(13.37%)
Running small.en, run 03
Transcription saved to reproducibility_results/plenary_openmic/small.en/plenary_openmic.wav_whisper.txt
Debug saved to the debug file
Word Error Rate:0.134(13.37%)
Running small.en, run 04
Transcription saved to reproducibility_results/plenary_openmic/small.en/plenary_openmic.wav_whisper.txt
Debug saved to the debug file
Word Error Rate:0.134(13.37%)
Running small.en, run 05
Transcription saved to reproducibility_results/plenary_openmic/small.en/plenary_openmic.wav_whisper.txt
Debug saved to the debug file
Word Error Rate:0.134(13.37%)
Running small.en, run 06
Transcription saved to reproducibility_results/plenary_openmic/small.en/plenary_openmic.wav_whisper.txt
Debug saved to the debug file
Word Error Rate:0.134(13.37%)
Running small.en, run 07
Transcription saved to reproducibility_results/plenary_openmic/small.en/plenary_openmic.wav_whisper.txt
Debug saved to the debug file
Word Error Rate:0.134(13.37%)
Running small.en, run 08
Transcription saved to reproducibility_results/plenary_openmic/small.en/plenary_openmic.wav_whisper.txt
Debug saved to the debug file
Word Error Rate:0.134(13.37%)
Running small.en, run 09
Transcription saved to reproducibility_results/plenary_openmic/small.en/plenary_openmic.wav_whisper.txt
Debug saved to the debug file
Word Error Rate:0.134(13.37%)
Running small.en, run 10
Transcription saved to reproducibility_results/plenary_openmic/small.en/plenary_openmic.wav_whisper.txt
Debug saved to the debug file
Word Error Rate:0.134(13.37%)
Running small.en, run 11
Transcription saved to reproducibility_results/plenary_openmic/small.en/plenary_openmic.wav_whisper.txt
Debug saved to the debug file
Word Error Rate:0.134(13.37%)
Running small.en, run 12
Transcription saved to reproducibility_results/plenary_openmic/small.en/plenary_openmic.wav_whisper.txt
Debug saved to the debug file
Word Error Rate:0.134(13.37%)
Running small.en, run 13
Transcription saved to reproducibility_results/plenary_openmic/small.en/plenary_openmic.wav_whisper.txt
Debug saved to the debug file
Word Error Rate:0.134(13.37%)
Running small.en, run 14
Transcription saved to reproducibility_results/plenary_openmic/small.en/plenary_openmic.wav_whisper.txt
Debug saved to the debug file
Word Error Rate:0.134(13.37%)
Running small.en, run 15
Transcription saved to reproducibility_results/plenary_openmic/small.en/plenary_openmic.wav_whisper.txt
Debug saved to the debug file
Word Error Rate:0.134(13.37%)
Running small.en, run 16
Transcription saved to reproducibility_results/plenary_openmic/small.en/plenary_openmic.wav_whisper.txt
Debug saved to the debug file
Word Error Rate:0.134(13.37%)
Running small.en, run 17
Transcription saved to reproducibility_results/plenary_openmic/small.en/plenary_openmic.wav_whisper.txt
Debug saved to the debug file
Word Error Rate:0.134(13.37%)
Running small.en, run 18
Transcription saved to reproducibility_results/plenary_openmic/small.en/plenary_openmic.wav_whisper.txt
Debug saved to the debug file
Word Error Rate:0.134(13.37%)
Running small.en, run 19
Transcription saved to reproducibility_results/plenary_openmic/small.en/plenary_openmic.wav_whisper.txt
Debug saved to the debug file
Word Error Rate:0.134(13.37%)
Running small.en, run 20
Transcription saved to reproducibility_results/plenary_openmic/small.en/plenary_openmic.wav_whisper.txt
Debug saved to the debug file
Word Error Rate:0.134(13.37%)
Running small.en, run 21
Transcription saved to reproducibility_results/plenary_openmic/small.en/plenary_openmic.wav_whisper.txt
Debug saved to the debug file
Word Error Rate:0.134(13.37%)
Running small.en, run 22
Transcription saved to reproducibility_results/plenary_openmic/small.en/plenary_openmic.wav_whisper.txt
Debug saved to the debug file
Word Error Rate:0.134(13.37%)
Running small.en, run 23
Transcription saved to reproducibility_results/plenary_openmic/small.en/plenary_openmic.wav_whisper.txt
Debug saved to the debug file
Word Error Rate:0.134(13.37%)
Running small.en, run 24
Transcription saved to reproducibility_results/plenary_openmic/small.en/plenary_openmic.wav_whisper.txt
Debug saved to the debug file
Word Error Rate:0.134(13.37%)
Running small.en, run 25
Transcription saved to reproducibility_results/plenary_openmic/small.en/plenary_openmic.wav_whisper.txt
Debug saved to the debug file
Word Error Rate:0.134(13.37%)
Running medium, run 01
Transcription saved to reproducibility_results/plenary_openmic/medium/plenary_openmic.wav_whisper.txt
Debug saved to the debug file
Word Error Rate:0.204(20.42%)
Running medium, run 02
Transcription saved to reproducibility_results/plenary_openmic/medium/plenary_openmic.wav_whisper.txt
Debug saved to the debug file
Word Error Rate:0.196(19.58%)
Running medium, run 03
Transcription saved to reproducibility_results/plenary_openmic/medium/plenary_openmic.wav_whisper.txt
Debug saved to the debug file
Word Error Rate:0.162(16.18%)
Running medium, run 04
Transcription saved to reproducibility_results/plenary_openmic/medium/plenary_openmic.wav_whisper.txt
Debug saved to the debug file
Word Error Rate:0.196(19.58%)
Running medium, run 05
Transcription saved to reproducibility_results/plenary_openmic/medium/plenary_openmic.wav_whisper.txt
Debug saved to the debug file
Word Error Rate:0.198(19.79%)
Running medium, run 06
Transcription saved to reproducibility_results/plenary_openmic/medium/plenary_openmic.wav_whisper.txt
Debug saved to the debug file
Word Error Rate:0.166(16.60%)
Running medium, run 07
Transcription saved to reproducibility_results/plenary_openmic/medium/plenary_openmic.wav_whisper.txt
Debug saved to the debug file
Word Error Rate:0.193(19.27%)
Running medium, run 08
Transcription saved to reproducibility_results/plenary_openmic/medium/plenary_openmic.wav_whisper.txt
Debug saved to the debug file
Word Error Rate:0.177(17.71%)
Running medium, run 09
Transcription saved to reproducibility_results/plenary_openmic/medium/plenary_openmic.wav_whisper.txt
Debug saved to the debug file
Word Error Rate:0.217(21.70%)
Running medium, run 10
Transcription saved to reproducibility_results/plenary_openmic/medium/plenary_openmic.wav_whisper.txt
Debug saved to the debug file
Word Error Rate:0.196(19.58%)
Running medium, run 11
Transcription saved to reproducibility_results/plenary_openmic/medium/plenary_openmic.wav_whisper.txt
Debug saved to the debug file
Word Error Rate:0.207(20.69%)
Running medium, run 12
Transcription saved to reproducibility_results/plenary_openmic/medium/plenary_openmic.wav_whisper.txt
Debug saved to the debug file
Word Error Rate:0.188(18.75%)
Running medium, run 13
Transcription saved to reproducibility_results/plenary_openmic/medium/plenary_openmic.wav_whisper.txt
Debug saved to the debug file
Word Error Rate:0.200(20.03%)
Running medium, run 14
Transcription saved to reproducibility_results/plenary_openmic/medium/plenary_openmic.wav_whisper.txt
Debug saved to the debug file
Word Error Rate:0.223(22.33%)
Running medium, run 15
Transcription saved to reproducibility_results/plenary_openmic/medium/plenary_openmic.wav_whisper.txt
Debug saved to the debug file
Word Error Rate:0.178(17.78%)
Running medium, run 16
Transcription saved to reproducibility_results/plenary_openmic/medium/plenary_openmic.wav_whisper.txt
Debug saved to the debug file
Word Error Rate:0.196(19.58%)
Running medium, run 17
Transcription saved to reproducibility_results/plenary_openmic/medium/plenary_openmic.wav_whisper.txt
Debug saved to the debug file
Word Error Rate:0.195(19.55%)
Running medium, run 18
Transcription saved to reproducibility_results/plenary_openmic/medium/plenary_openmic.wav_whisper.txt
Debug saved to the debug file
Word Error Rate:0.168(16.84%)
Running medium, run 19
Transcription saved to reproducibility_results/plenary_openmic/medium/plenary_openmic.wav_whisper.txt
Debug saved to the debug file
Word Error Rate:0.196(19.58%)
Running medium, run 20
Transcription saved to reproducibility_results/plenary_openmic/medium/plenary_openmic.wav_whisper.txt
Debug saved to the debug file
Word Error Rate:0.203(20.28%)
Running medium, run 21
Transcription saved to reproducibility_results/plenary_openmic/medium/plenary_openmic.wav_whisper.txt
Debug saved to the debug file
Word Error Rate:0.191(19.13%)
Running medium, run 22
Transcription saved to reproducibility_results/plenary_openmic/medium/plenary_openmic.wav_whisper.txt
Debug saved to the debug file
Word Error Rate:0.151(15.14%)
Running medium, run 23
Transcription saved to reproducibility_results/plenary_openmic/medium/plenary_openmic.wav_whisper.txt
Debug saved to the debug file
Word Error Rate:0.210(20.97%)
Running medium, run 24
Transcription saved to reproducibility_results/plenary_openmic/medium/plenary_openmic.wav_whisper.txt
Debug saved to the debug file
Word Error Rate:0.170(17.05%)
Running medium, run 25
Transcription saved to reproducibility_results/plenary_openmic/medium/plenary_openmic.wav_whisper.txt
Debug saved to the debug file
Word Error Rate:0.206(20.56%)
Running medium.en, run 01
Transcription saved to reproducibility_results/plenary_openmic/medium.en/plenary_openmic.wav_whisper.txt
Debug saved to the debug file
Word Error Rate:0.148(14.76%)
Running medium.en, run 02
Transcription saved to reproducibility_results/plenary_openmic/medium.en/plenary_openmic.wav_whisper.txt
Debug saved to the debug file
Word Error Rate:0.148(14.76%)
Running medium.en, run 03
Transcription saved to reproducibility_results/plenary_openmic/medium.en/plenary_openmic.wav_whisper.txt
Debug saved to the debug file
Word Error Rate:0.148(14.76%)
Running medium.en, run 04
Transcription saved to reproducibility_results/plenary_openmic/medium.en/plenary_openmic.wav_whisper.txt
Debug saved to the debug file
Word Error Rate:0.148(14.76%)
Running medium.en, run 05
Transcription saved to reproducibility_results/plenary_openmic/medium.en/plenary_openmic.wav_whisper.txt
Debug saved to the debug file
Word Error Rate:0.148(14.76%)
Running medium.en, run 06
Transcription saved to reproducibility_results/plenary_openmic/medium.en/plenary_openmic.wav_whisper.txt
Debug saved to the debug file
Word Error Rate:0.148(14.76%)
Running medium.en, run 07
Transcription saved to reproducibility_results/plenary_openmic/medium.en/plenary_openmic.wav_whisper.txt
Debug saved to the debug file
Word Error Rate:0.148(14.76%)
Running medium.en, run 08
Transcription saved to reproducibility_results/plenary_openmic/medium.en/plenary_openmic.wav_whisper.txt
Debug saved to the debug file
Word Error Rate:0.148(14.76%)
Running medium.en, run 09
Transcription saved to reproducibility_results/plenary_openmic/medium.en/plenary_openmic.wav_whisper.txt
Debug saved to the debug file
Word Error Rate:0.148(14.76%)
Running medium.en, run 10
Transcription saved to reproducibility_results/plenary_openmic/medium.en/plenary_openmic.wav_whisper.txt
Debug saved to the debug file
Word Error Rate:0.148(14.76%)
Running medium.en, run 11
Transcription saved to reproducibility_results/plenary_openmic/medium.en/plenary_openmic.wav_whisper.txt
Debug saved to the debug file
Word Error Rate:0.148(14.76%)
Running medium.en, run 12
Transcription saved to reproducibility_results/plenary_openmic/medium.en/plenary_openmic.wav_whisper.txt
Debug saved to the debug file
Word Error Rate:0.148(14.76%)
Running medium.en, run 13
Transcription saved to reproducibility_results/plenary_openmic/medium.en/plenary_openmic.wav_whisper.txt
Debug saved to the debug file
Word Error Rate:0.148(14.76%)
Running medium.en, run 14
Transcription saved to reproducibility_results/plenary_openmic/medium.en/plenary_openmic.wav_whisper.txt
Debug saved to the debug file
Word Error Rate:0.148(14.76%)
Running medium.en, run 15
Transcription saved to reproducibility_results/plenary_openmic/medium.en/plenary_openmic.wav_whisper.txt
Debug saved to the debug file
Word Error Rate:0.148(14.76%)
Running medium.en, run 16
Transcription saved to reproducibility_results/plenary_openmic/medium.en/plenary_openmic.wav_whisper.txt
Debug saved to the debug file
Word Error Rate:0.148(14.76%)
Running medium.en, run 17
Transcription saved to reproducibility_results/plenary_openmic/medium.en/plenary_openmic.wav_whisper.txt
Debug saved to the debug file
Word Error Rate:0.148(14.76%)
Running medium.en, run 18
