Running tiny, run 01
Transcription saved to reproducibility_results/idr/tiny/idr_tech.wav_whisper.txt
Debug saved to the debug file
Word Error Rate:0.377(37.67%)
Running tiny, run 02
Transcription saved to reproducibility_results/idr/tiny/idr_tech.wav_whisper.txt
Debug saved to the debug file
Word Error Rate:0.361(36.15%)
Running tiny, run 03
Transcription saved to reproducibility_results/idr/tiny/idr_tech.wav_whisper.txt
Debug saved to the debug file
Word Error Rate:0.410(41.05%)
Running tiny, run 04
Transcription saved to reproducibility_results/idr/tiny/idr_tech.wav_whisper.txt
Debug saved to the debug file
Word Error Rate:0.400(40.03%)
Running tiny, run 05
Transcription saved to reproducibility_results/idr/tiny/idr_tech.wav_whisper.txt
Debug saved to the debug file
Word Error Rate:0.348(34.80%)
Running tiny, run 06
Transcription saved to reproducibility_results/idr/tiny/idr_tech.wav_whisper.txt
Debug saved to the debug file
Word Error Rate:0.356(35.64%)
Running tiny, run 07
Transcription saved to reproducibility_results/idr/tiny/idr_tech.wav_whisper.txt
Debug saved to the debug file
Word Error Rate:0.355(35.47%)
Running tiny, run 08
Transcription saved to reproducibility_results/idr/tiny/idr_tech.wav_whisper.txt
Debug saved to the debug file
Word Error Rate:0.353(35.30%)
Running tiny, run 09
Transcription saved to reproducibility_results/idr/tiny/idr_tech.wav_whisper.txt
Debug saved to the debug file
Word Error Rate:0.390(39.02%)
Running tiny, run 10
Transcription saved to reproducibility_results/idr/tiny/idr_tech.wav_whisper.txt
Debug saved to the debug file
Word Error Rate:0.394(39.36%)
Running tiny, run 11
Transcription saved to reproducibility_results/idr/tiny/idr_tech.wav_whisper.txt
Debug saved to the debug file
Word Error Rate:0.368(36.82%)
Running tiny, run 12
Transcription saved to reproducibility_results/idr/tiny/idr_tech.wav_whisper.txt
Debug saved to the debug file
Word Error Rate:0.394(39.36%)
Running tiny, run 13
Transcription saved to reproducibility_results/idr/tiny/idr_tech.wav_whisper.txt
Debug saved to the debug file
Word Error Rate:0.383(38.34%)
Running tiny, run 14
Transcription saved to reproducibility_results/idr/tiny/idr_tech.wav_whisper.txt
Debug saved to the debug file
Word Error Rate:0.407(40.71%)
Running tiny, run 15
Transcription saved to reproducibility_results/idr/tiny/idr_tech.wav_whisper.txt
Debug saved to the debug file
Word Error Rate:0.390(39.02%)
Running tiny, run 16
Transcription saved to reproducibility_results/idr/tiny/idr_tech.wav_whisper.txt
Debug saved to the debug file
Word Error Rate:0.346(34.63%)
Running tiny, run 17
Transcription saved to reproducibility_results/idr/tiny/idr_tech.wav_whisper.txt
Debug saved to the debug file
Word Error Rate:0.402(40.20%)
Running tiny, run 18
Transcription saved to reproducibility_results/idr/tiny/idr_tech.wav_whisper.txt
Debug saved to the debug file
Word Error Rate:0.490(48.99%)
Running tiny, run 19
Transcription saved to reproducibility_results/idr/tiny/idr_tech.wav_whisper.txt
Debug saved to the debug file
Word Error Rate:0.387(38.68%)
Running tiny, run 20
Transcription saved to reproducibility_results/idr/tiny/idr_tech.wav_whisper.txt
Debug saved to the debug file
Word Error Rate:0.392(39.19%)
Running tiny, run 21
Transcription saved to reproducibility_results/idr/tiny/idr_tech.wav_whisper.txt
Debug saved to the debug file
Word Error Rate:0.410(41.05%)
Running tiny, run 22
Transcription saved to reproducibility_results/idr/tiny/idr_tech.wav_whisper.txt
Debug saved to the debug file
Word Error Rate:0.497(49.66%)
Running tiny, run 23
Transcription saved to reproducibility_results/idr/tiny/idr_tech.wav_whisper.txt
Debug saved to the debug file
Word Error Rate:0.394(39.36%)
Running tiny, run 24
Transcription saved to reproducibility_results/idr/tiny/idr_tech.wav_whisper.txt
Debug saved to the debug file
Word Error Rate:0.465(46.45%)
Running tiny, run 25
Transcription saved to reproducibility_results/idr/tiny/idr_tech.wav_whisper.txt
Debug saved to the debug file
Word Error Rate:0.458(45.78%)
Running tiny.en, run 01
Transcription saved to reproducibility_results/idr/tiny.en/idr_tech.wav_whisper.txt
Debug saved to the debug file
Word Error Rate:0.318(31.76%)
Running tiny.en, run 02
Transcription saved to reproducibility_results/idr/tiny.en/idr_tech.wav_whisper.txt
Debug saved to the debug file
Word Error Rate:0.318(31.76%)
Running tiny.en, run 03
Transcription saved to reproducibility_results/idr/tiny.en/idr_tech.wav_whisper.txt
Debug saved to the debug file
Word Error Rate:0.318(31.76%)
Running tiny.en, run 04
Transcription saved to reproducibility_results/idr/tiny.en/idr_tech.wav_whisper.txt
Debug saved to the debug file
Word Error Rate:0.318(31.76%)
Running tiny.en, run 05
Transcription saved to reproducibility_results/idr/tiny.en/idr_tech.wav_whisper.txt
Debug saved to the debug file
Word Error Rate:0.318(31.76%)
Running tiny.en, run 06
Transcription saved to reproducibility_results/idr/tiny.en/idr_tech.wav_whisper.txt
Debug saved to the debug file
Word Error Rate:0.318(31.76%)
Running tiny.en, run 07
Transcription saved to reproducibility_results/idr/tiny.en/idr_tech.wav_whisper.txt
Debug saved to the debug file
Word Error Rate:0.318(31.76%)
Running tiny.en, run 08
Transcription saved to reproducibility_results/idr/tiny.en/idr_tech.wav_whisper.txt
Debug saved to the debug file
Word Error Rate:0.318(31.76%)
Running tiny.en, run 09
Transcription saved to reproducibility_results/idr/tiny.en/idr_tech.wav_whisper.txt
Debug saved to the debug file
Word Error Rate:0.318(31.76%)
Running tiny.en, run 10
Transcription saved to reproducibility_results/idr/tiny.en/idr_tech.wav_whisper.txt
Debug saved to the debug file
Word Error Rate:0.318(31.76%)
Running tiny.en, run 11
Transcription saved to reproducibility_results/idr/tiny.en/idr_tech.wav_whisper.txt
Debug saved to the debug file
Word Error Rate:0.318(31.76%)
Running tiny.en, run 12
Transcription saved to reproducibility_results/idr/tiny.en/idr_tech.wav_whisper.txt
Debug saved to the debug file
Word Error Rate:0.318(31.76%)
Running tiny.en, run 13
Transcription saved to reproducibility_results/idr/tiny.en/idr_tech.wav_whisper.txt
Debug saved to the debug file
Word Error Rate:0.318(31.76%)
Running tiny.en, run 14
Transcription saved to reproducibility_results/idr/tiny.en/idr_tech.wav_whisper.txt
Debug saved to the debug file
Word Error Rate:0.318(31.76%)
Running tiny.en, run 15
Transcription saved to reproducibility_results/idr/tiny.en/idr_tech.wav_whisper.txt
Debug saved to the debug file
Word Error Rate:0.318(31.76%)
Running tiny.en, run 16
Transcription saved to reproducibility_results/idr/tiny.en/idr_tech.wav_whisper.txt
Debug saved to the debug file
Word Error Rate:0.318(31.76%)
Running tiny.en, run 17
Transcription saved to reproducibility_results/idr/tiny.en/idr_tech.wav_whisper.txt
Debug saved to the debug file
Word Error Rate:0.318(31.76%)
Running tiny.en, run 18
Transcription saved to reproducibility_results/idr/tiny.en/idr_tech.wav_whisper.txt
Debug saved to the debug file
Word Error Rate:0.318(31.76%)
Running tiny.en, run 19
Transcription saved to reproducibility_results/idr/tiny.en/idr_tech.wav_whisper.txt
Debug saved to the debug file
Word Error Rate:0.318(31.76%)
Running tiny.en, run 20
Transcription saved to reproducibility_results/idr/tiny.en/idr_tech.wav_whisper.txt
Debug saved to the debug file
Word Error Rate:0.318(31.76%)
Running tiny.en, run 21
Transcription saved to reproducibility_results/idr/tiny.en/idr_tech.wav_whisper.txt
Debug saved to the debug file
Word Error Rate:0.318(31.76%)
Running tiny.en, run 22
Transcription saved to reproducibility_results/idr/tiny.en/idr_tech.wav_whisper.txt
Debug saved to the debug file
Word Error Rate:0.318(31.76%)
Running tiny.en, run 23
Transcription saved to reproducibility_results/idr/tiny.en/idr_tech.wav_whisper.txt
Debug saved to the debug file
Word Error Rate:0.318(31.76%)
Running tiny.en, run 24
Transcription saved to reproducibility_results/idr/tiny.en/idr_tech.wav_whisper.txt
Debug saved to the debug file
Word Error Rate:0.318(31.76%)
Running tiny.en, run 25
Transcription saved to reproducibility_results/idr/tiny.en/idr_tech.wav_whisper.txt
Debug saved to the debug file
Word Error Rate:0.318(31.76%)
Running base, run 01
Transcription saved to reproducibility_results/idr/base/idr_tech.wav_whisper.txt
Debug saved to the debug file
Word Error Rate:0.307(30.74%)
Running base, run 02
Transcription saved to reproducibility_results/idr/base/idr_tech.wav_whisper.txt
Debug saved to the debug file
Word Error Rate:0.307(30.74%)
Running base, run 03
Transcription saved to reproducibility_results/idr/base/idr_tech.wav_whisper.txt
Debug saved to the debug file
Word Error Rate:0.307(30.74%)
Running base, run 04
Transcription saved to reproducibility_results/idr/base/idr_tech.wav_whisper.txt
Debug saved to the debug file
Word Error Rate:0.307(30.74%)
Running base, run 05
Transcription saved to reproducibility_results/idr/base/idr_tech.wav_whisper.txt
Debug saved to the debug file
Word Error Rate:0.307(30.74%)
Running base, run 06
Transcription saved to reproducibility_results/idr/base/idr_tech.wav_whisper.txt
Debug saved to the debug file
Word Error Rate:0.307(30.74%)
Running base, run 07
Transcription saved to reproducibility_results/idr/base/idr_tech.wav_whisper.txt
Debug saved to the debug file
Word Error Rate:0.307(30.74%)
Running base, run 08
Transcription saved to reproducibility_results/idr/base/idr_tech.wav_whisper.txt
Debug saved to the debug file
Word Error Rate:0.307(30.74%)
Running base, run 09
Transcription saved to reproducibility_results/idr/base/idr_tech.wav_whisper.txt
Debug saved to the debug file
Word Error Rate:0.307(30.74%)
Running base, run 10
Transcription saved to reproducibility_results/idr/base/idr_tech.wav_whisper.txt
Debug saved to the debug file
Word Error Rate:0.307(30.74%)
Running base, run 11
Transcription saved to reproducibility_results/idr/base/idr_tech.wav_whisper.txt
Debug saved to the debug file
Word Error Rate:0.307(30.74%)
Running base, run 12
Transcription saved to reproducibility_results/idr/base/idr_tech.wav_whisper.txt
Debug saved to the debug file
Word Error Rate:0.307(30.74%)
Running base, run 13
Transcription saved to reproducibility_results/idr/base/idr_tech.wav_whisper.txt
Debug saved to the debug file
Word Error Rate:0.307(30.74%)
Running base, run 14
Transcription saved to reproducibility_results/idr/base/idr_tech.wav_whisper.txt
Debug saved to the debug file
Word Error Rate:0.307(30.74%)
Running base, run 15
Transcription saved to reproducibility_results/idr/base/idr_tech.wav_whisper.txt
Debug saved to the debug file
Word Error Rate:0.307(30.74%)
Running base, run 16
Transcription saved to reproducibility_results/idr/base/idr_tech.wav_whisper.txt
Debug saved to the debug file
Word Error Rate:0.307(30.74%)
Running base, run 17
Transcription saved to reproducibility_results/idr/base/idr_tech.wav_whisper.txt
Debug saved to the debug file
Word Error Rate:0.307(30.74%)
Running base, run 18
Transcription saved to reproducibility_results/idr/base/idr_tech.wav_whisper.txt
Debug saved to the debug file
Word Error Rate:0.307(30.74%)
Running base, run 19
Transcription saved to reproducibility_results/idr/base/idr_tech.wav_whisper.txt
Debug saved to the debug file
Word Error Rate:0.307(30.74%)
Running base, run 20
Transcription saved to reproducibility_results/idr/base/idr_tech.wav_whisper.txt
Debug saved to the debug file
Word Error Rate:0.307(30.74%)
Running base, run 21
Transcription saved to reproducibility_results/idr/base/idr_tech.wav_whisper.txt
Debug saved to the debug file
Word Error Rate:0.307(30.74%)
Running base, run 22
Transcription saved to reproducibility_results/idr/base/idr_tech.wav_whisper.txt
Debug saved to the debug file
Word Error Rate:0.307(30.74%)
Running base, run 23
Transcription saved to reproducibility_results/idr/base/idr_tech.wav_whisper.txt
Debug saved to the debug file
Word Error Rate:0.307(30.74%)
Running base, run 24
Transcription saved to reproducibility_results/idr/base/idr_tech.wav_whisper.txt
Debug saved to the debug file
Word Error Rate:0.307(30.74%)
Running base, run 25
Transcription saved to reproducibility_results/idr/base/idr_tech.wav_whisper.txt
Debug saved to the debug file
Word Error Rate:0.307(30.74%)
Running base.en, run 01
Transcription saved to reproducibility_results/idr/base.en/idr_tech.wav_whisper.txt
Debug saved to the debug file
Word Error Rate:0.226(22.64%)
Running base.en, run 02
Transcription saved to reproducibility_results/idr/base.en/idr_tech.wav_whisper.txt
Debug saved to the debug file
Word Error Rate:0.226(22.64%)
Running base.en, run 03
Transcription saved to reproducibility_results/idr/base.en/idr_tech.wav_whisper.txt
Debug saved to the debug file
Word Error Rate:0.226(22.64%)
Running base.en, run 04
Transcription saved to reproducibility_results/idr/base.en/idr_tech.wav_whisper.txt
Debug saved to the debug file
Word Error Rate:0.226(22.64%)
Running base.en, run 05
Transcription saved to reproducibility_results/idr/base.en/idr_tech.wav_whisper.txt
Debug saved to the debug file
Word Error Rate:0.226(22.64%)
Running base.en, run 06
Transcription saved to reproducibility_results/idr/base.en/idr_tech.wav_whisper.txt
Debug saved to the debug file
Word Error Rate:0.226(22.64%)
Running base.en, run 07
Transcription saved to reproducibility_results/idr/base.en/idr_tech.wav_whisper.txt
Debug saved to the debug file
Word Error Rate:0.226(22.64%)
Running base.en, run 08
Transcription saved to reproducibility_results/idr/base.en/idr_tech.wav_whisper.txt
Debug saved to the debug file
Word Error Rate:0.226(22.64%)
Running base.en, run 09
Transcription saved to reproducibility_results/idr/base.en/idr_tech.wav_whisper.txt
Debug saved to the debug file
Word Error Rate:0.226(22.64%)
Running base.en, run 10
Transcription saved to reproducibility_results/idr/base.en/idr_tech.wav_whisper.txt
Debug saved to the debug file
Word Error Rate:0.226(22.64%)
Running base.en, run 11
Transcription saved to reproducibility_results/idr/base.en/idr_tech.wav_whisper.txt
Debug saved to the debug file
Word Error Rate:0.226(22.64%)
Running base.en, run 12
Transcription saved to reproducibility_results/idr/base.en/idr_tech.wav_whisper.txt
Debug saved to the debug file
Word Error Rate:0.226(22.64%)
Running base.en, run 13
Transcription saved to reproducibility_results/idr/base.en/idr_tech.wav_whisper.txt
Debug saved to the debug file
Word Error Rate:0.226(22.64%)
Running base.en, run 14
Transcription saved to reproducibility_results/idr/base.en/idr_tech.wav_whisper.txt
Debug saved to the debug file
Word Error Rate:0.226(22.64%)
Running base.en, run 15
Transcription saved to reproducibility_results/idr/base.en/idr_tech.wav_whisper.txt
Debug saved to the debug file
Word Error Rate:0.226(22.64%)
Running base.en, run 16
Transcription saved to reproducibility_results/idr/base.en/idr_tech.wav_whisper.txt
Debug saved to the debug file
Word Error Rate:0.226(22.64%)
Running base.en, run 17
Transcription saved to reproducibility_results/idr/base.en/idr_tech.wav_whisper.txt
Debug saved to the debug file
Word Error Rate:0.226(22.64%)
Running base.en, run 18
Transcription saved to reproducibility_results/idr/base.en/idr_tech.wav_whisper.txt
Debug saved to the debug file
Word Error Rate:0.226(22.64%)
Running base.en, run 19
Transcription saved to reproducibility_results/idr/base.en/idr_tech.wav_whisper.txt
Debug saved to the debug file
Word Error Rate:0.226(22.64%)
Running base.en, run 20
Transcription saved to reproducibility_results/idr/base.en/idr_tech.wav_whisper.txt
Debug saved to the debug file
Word Error Rate:0.226(22.64%)
Running base.en, run 21
Transcription saved to reproducibility_results/idr/base.en/idr_tech.wav_whisper.txt
Debug saved to the debug file
Word Error Rate:0.226(22.64%)
Running base.en, run 22
Transcription saved to reproducibility_results/idr/base.en/idr_tech.wav_whisper.txt
Debug saved to the debug file
Word Error Rate:0.226(22.64%)
Running base.en, run 23
Transcription saved to reproducibility_results/idr/base.en/idr_tech.wav_whisper.txt
Debug saved to the debug file
Word Error Rate:0.226(22.64%)
Running base.en, run 24
Transcription saved to reproducibility_results/idr/base.en/idr_tech.wav_whisper.txt
Debug saved to the debug file
Word Error Rate:0.226(22.64%)
Running base.en, run 25
Transcription saved to reproducibility_results/idr/base.en/idr_tech.wav_whisper.txt
Debug saved to the debug file
Word Error Rate:0.226(22.64%)
Running small, run 01
Transcription saved to reproducibility_results/idr/small/idr_tech.wav_whisper.txt
Debug saved to the debug file
Word Error Rate:0.169(16.89%)
Running small, run 02
Transcription saved to reproducibility_results/idr/small/idr_tech.wav_whisper.txt
Debug saved to the debug file
Word Error Rate:0.169(16.89%)
Running small, run 03
Transcription saved to reproducibility_results/idr/small/idr_tech.wav_whisper.txt
Debug saved to the debug file
Word Error Rate:0.169(16.89%)
Running small, run 04
Transcription saved to reproducibility_results/idr/small/idr_tech.wav_whisper.txt
Debug saved to the debug file
Word Error Rate:0.169(16.89%)
Running small, run 05
Transcription saved to reproducibility_results/idr/small/idr_tech.wav_whisper.txt
Debug saved to the debug file
Word Error Rate:0.169(16.89%)
Running small, run 06
Transcription saved to reproducibility_results/idr/small/idr_tech.wav_whisper.txt
Debug saved to the debug file
Word Error Rate:0.169(16.89%)
Running small, run 07
Transcription saved to reproducibility_results/idr/small/idr_tech.wav_whisper.txt
Debug saved to the debug file
Word Error Rate:0.169(16.89%)
Running small, run 08
Transcription saved to reproducibility_results/idr/small/idr_tech.wav_whisper.txt
Debug saved to the debug file
Word Error Rate:0.169(16.89%)
Running small, run 09
Transcription saved to reproducibility_results/idr/small/idr_tech.wav_whisper.txt
Debug saved to the debug file
Word Error Rate:0.169(16.89%)
Running small, run 10
Transcription saved to reproducibility_results/idr/small/idr_tech.wav_whisper.txt
Debug saved to the debug file
Word Error Rate:0.169(16.89%)
Running small, run 11
Transcription saved to reproducibility_results/idr/small/idr_tech.wav_whisper.txt
Debug saved to the debug file
Word Error Rate:0.169(16.89%)
Running small, run 12
Transcription saved to reproducibility_results/idr/small/idr_tech.wav_whisper.txt
Debug saved to the debug file
Word Error Rate:0.169(16.89%)
Running small, run 13
Transcription saved to reproducibility_results/idr/small/idr_tech.wav_whisper.txt
Debug saved to the debug file
Word Error Rate:0.169(16.89%)
Running small, run 14
Transcription saved to reproducibility_results/idr/small/idr_tech.wav_whisper.txt
Debug saved to the debug file
Word Error Rate:0.169(16.89%)
Running small, run 15
Transcription saved to reproducibility_results/idr/small/idr_tech.wav_whisper.txt
Debug saved to the debug file
Word Error Rate:0.169(16.89%)
Running small, run 16
Transcription saved to reproducibility_results/idr/small/idr_tech.wav_whisper.txt
Debug saved to the debug file
Word Error Rate:0.169(16.89%)
Running small, run 17
Transcription saved to reproducibility_results/idr/small/idr_tech.wav_whisper.txt
Debug saved to the debug file
Word Error Rate:0.169(16.89%)
Running small, run 18
Transcription saved to reproducibility_results/idr/small/idr_tech.wav_whisper.txt
Debug saved to the debug file
Word Error Rate:0.169(16.89%)
Running small, run 19
Transcription saved to reproducibility_results/idr/small/idr_tech.wav_whisper.txt
Debug saved to the debug file
Word Error Rate:0.169(16.89%)
Running small, run 20
Transcription saved to reproducibility_results/idr/small/idr_tech.wav_whisper.txt
Debug saved to the debug file
Word Error Rate:0.169(16.89%)
Running small, run 21
Transcription saved to reproducibility_results/idr/small/idr_tech.wav_whisper.txt
Debug saved to the debug file
Word Error Rate:0.169(16.89%)
Running small, run 22
Transcription saved to reproducibility_results/idr/small/idr_tech.wav_whisper.txt
Debug saved to the debug file
Word Error Rate:0.169(16.89%)
Running small, run 23
Transcription saved to reproducibility_results/idr/small/idr_tech.wav_whisper.txt
Debug saved to the debug file
Word Error Rate:0.169(16.89%)
Running small, run 24
Transcription saved to reproducibility_results/idr/small/idr_tech.wav_whisper.txt
Debug saved to the debug file
Word Error Rate:0.169(16.89%)
Running small, run 25
Transcription saved to reproducibility_results/idr/small/idr_tech.wav_whisper.txt
Debug saved to the debug file
Word Error Rate:0.169(16.89%)
Running small.en, run 01
Transcription saved to reproducibility_results/idr/small.en/idr_tech.wav_whisper.txt
Debug saved to the debug file
Word Error Rate:0.213(21.28%)
Running small.en, run 02
Transcription saved to reproducibility_results/idr/small.en/idr_tech.wav_whisper.txt
Debug saved to the debug file
Word Error Rate:0.213(21.28%)
Running small.en, run 03
Transcription saved to reproducibility_results/idr/small.en/idr_tech.wav_whisper.txt
Debug saved to the debug file
Word Error Rate:0.213(21.28%)
Running small.en, run 04
Transcription saved to reproducibility_results/idr/small.en/idr_tech.wav_whisper.txt
Debug saved to the debug file
Word Error Rate:0.213(21.28%)
Running small.en, run 05
Transcription saved to reproducibility_results/idr/small.en/idr_tech.wav_whisper.txt
Debug saved to the debug file
Word Error Rate:0.213(21.28%)
Running small.en, run 06
Transcription saved to reproducibility_results/idr/small.en/idr_tech.wav_whisper.txt
Debug saved to the debug file
Word Error Rate:0.213(21.28%)
Running small.en, run 07
Transcription saved to reproducibility_results/idr/small.en/idr_tech.wav_whisper.txt
Debug saved to the debug file
Word Error Rate:0.213(21.28%)
Running small.en, run 08
Transcription saved to reproducibility_results/idr/small.en/idr_tech.wav_whisper.txt
Debug saved to the debug file
Word Error Rate:0.213(21.28%)
Running small.en, run 09
Transcription saved to reproducibility_results/idr/small.en/idr_tech.wav_whisper.txt
Debug saved to the debug file
Word Error Rate:0.213(21.28%)
Running small.en, run 10
Transcription saved to reproducibility_results/idr/small.en/idr_tech.wav_whisper.txt
Debug saved to the debug file
Word Error Rate:0.213(21.28%)
Running small.en, run 11
Transcription saved to reproducibility_results/idr/small.en/idr_tech.wav_whisper.txt
Debug saved to the debug file
Word Error Rate:0.213(21.28%)
Running small.en, run 12
Transcription saved to reproducibility_results/idr/small.en/idr_tech.wav_whisper.txt
Debug saved to the debug file
Word Error Rate:0.213(21.28%)
Running small.en, run 13
Transcription saved to reproducibility_results/idr/small.en/idr_tech.wav_whisper.txt
Debug saved to the debug file
Word Error Rate:0.213(21.28%)
Running small.en, run 14
Transcription saved to reproducibility_results/idr/small.en/idr_tech.wav_whisper.txt
Debug saved to the debug file
Word Error Rate:0.213(21.28%)
Running small.en, run 15
Transcription saved to reproducibility_results/idr/small.en/idr_tech.wav_whisper.txt
Debug saved to the debug file
Word Error Rate:0.213(21.28%)
Running small.en, run 16
Transcription saved to reproducibility_results/idr/small.en/idr_tech.wav_whisper.txt
Debug saved to the debug file
Word Error Rate:0.213(21.28%)
Running small.en, run 17
Transcription saved to reproducibility_results/idr/small.en/idr_tech.wav_whisper.txt
Debug saved to the debug file
Word Error Rate:0.213(21.28%)
Running small.en, run 18
Transcription saved to reproducibility_results/idr/small.en/idr_tech.wav_whisper.txt
Debug saved to the debug file
Word Error Rate:0.213(21.28%)
Running small.en, run 19
Transcription saved to reproducibility_results/idr/small.en/idr_tech.wav_whisper.txt
Debug saved to the debug file
Word Error Rate:0.213(21.28%)
Running small.en, run 20
Transcription saved to reproducibility_results/idr/small.en/idr_tech.wav_whisper.txt
Debug saved to the debug file
Word Error Rate:0.213(21.28%)
Running small.en, run 21
Transcription saved to reproducibility_results/idr/small.en/idr_tech.wav_whisper.txt
Debug saved to the debug file
Word Error Rate:0.213(21.28%)
Running small.en, run 22
Transcription saved to reproducibility_results/idr/small.en/idr_tech.wav_whisper.txt
Debug saved to the debug file
Word Error Rate:0.213(21.28%)
Running small.en, run 23
Transcription saved to reproducibility_results/idr/small.en/idr_tech.wav_whisper.txt
Debug saved to the debug file
Word Error Rate:0.213(21.28%)
Running small.en, run 24
Transcription saved to reproducibility_results/idr/small.en/idr_tech.wav_whisper.txt
Debug saved to the debug file
Word Error Rate:0.213(21.28%)
Running small.en, run 25
Transcription saved to reproducibility_results/idr/small.en/idr_tech.wav_whisper.txt
Debug saved to the debug file
Word Error Rate:0.213(21.28%)
Running medium, run 01
Transcription saved to reproducibility_results/idr/medium/idr_tech.wav_whisper.txt
Debug saved to the debug file
Word Error Rate:0.144(14.36%)
Running medium, run 02
Transcription saved to reproducibility_results/idr/medium/idr_tech.wav_whisper.txt
Debug saved to the debug file
Word Error Rate:0.144(14.36%)
Running medium, run 03
Transcription saved to reproducibility_results/idr/medium/idr_tech.wav_whisper.txt
Debug saved to the debug file
Word Error Rate:0.144(14.36%)
Running medium, run 04
Transcription saved to reproducibility_results/idr/medium/idr_tech.wav_whisper.txt
Debug saved to the debug file
Word Error Rate:0.144(14.36%)
Running medium, run 05
Transcription saved to reproducibility_results/idr/medium/idr_tech.wav_whisper.txt
Debug saved to the debug file
Word Error Rate:0.144(14.36%)
Running medium, run 06
Transcription saved to reproducibility_results/idr/medium/idr_tech.wav_whisper.txt
Debug saved to the debug file
Word Error Rate:0.144(14.36%)
Running medium, run 07
Transcription saved to reproducibility_results/idr/medium/idr_tech.wav_whisper.txt
Debug saved to the debug file
Word Error Rate:0.144(14.36%)
Running medium, run 08
Transcription saved to reproducibility_results/idr/medium/idr_tech.wav_whisper.txt
Debug saved to the debug file
Word Error Rate:0.144(14.36%)
Running medium, run 09
Transcription saved to reproducibility_results/idr/medium/idr_tech.wav_whisper.txt
Debug saved to the debug file
Word Error Rate:0.144(14.36%)
Running medium, run 10
Transcription saved to reproducibility_results/idr/medium/idr_tech.wav_whisper.txt
Debug saved to the debug file
Word Error Rate:0.144(14.36%)
Running medium, run 11
Transcription saved to reproducibility_results/idr/medium/idr_tech.wav_whisper.txt
Debug saved to the debug file
Word Error Rate:0.144(14.36%)
Running medium, run 12
Transcription saved to reproducibility_results/idr/medium/idr_tech.wav_whisper.txt
Debug saved to the debug file
Word Error Rate:0.144(14.36%)
Running medium, run 13
Transcription saved to reproducibility_results/idr/medium/idr_tech.wav_whisper.txt
Debug saved to the debug file
Word Error Rate:0.144(14.36%)
Running medium, run 14
Transcription saved to reproducibility_results/idr/medium/idr_tech.wav_whisper.txt
Debug saved to the debug file
Word Error Rate:0.144(14.36%)
Running medium, run 15
Transcription saved to reproducibility_results/idr/medium/idr_tech.wav_whisper.txt
Debug saved to the debug file
Word Error Rate:0.144(14.36%)
Running medium, run 16
Transcription saved to reproducibility_results/idr/medium/idr_tech.wav_whisper.txt
Debug saved to the debug file
Word Error Rate:0.144(14.36%)
Running medium, run 17
Transcription saved to reproducibility_results/idr/medium/idr_tech.wav_whisper.txt
Debug saved to the debug file
Word Error Rate:0.144(14.36%)
Running medium, run 18
Transcription saved to reproducibility_results/idr/medium/idr_tech.wav_whisper.txt
Debug saved to the debug file
Word Error Rate:0.144(14.36%)
Running medium, run 19
Transcription saved to reproducibility_results/idr/medium/idr_tech.wav_whisper.txt
Debug saved to the debug file
Word Error Rate:0.144(14.36%)
Running medium, run 20
Transcription saved to reproducibility_results/idr/medium/idr_tech.wav_whisper.txt
Debug saved to the debug file
Word Error Rate:0.144(14.36%)
Running medium, run 21
Transcription saved to reproducibility_results/idr/medium/idr_tech.wav_whisper.txt
Debug saved to the debug file
Word Error Rate:0.144(14.36%)
Running medium, run 22
Transcription saved to reproducibility_results/idr/medium/idr_tech.wav_whisper.txt
Debug saved to the debug file
Word Error Rate:0.144(14.36%)
Running medium, run 23
Transcription saved to reproducibility_results/idr/medium/idr_tech.wav_whisper.txt
Debug saved to the debug file
Word Error Rate:0.144(14.36%)
Running medium, run 24
Transcription saved to reproducibility_results/idr/medium/idr_tech.wav_whisper.txt
Debug saved to the debug file
Word Error Rate:0.144(14.36%)
Running medium, run 25
Transcription saved to reproducibility_results/idr/medium/idr_tech.wav_whisper.txt
Debug saved to the debug file
Word Error Rate:0.144(14.36%)
Running medium.en, run 01
Transcription saved to reproducibility_results/idr/medium.en/idr_tech.wav_whisper.txt
Debug saved to the debug file
Word Error Rate:0.169(16.89%)
Running medium.en, run 02
Transcription saved to reproducibility_results/idr/medium.en/idr_tech.wav_whisper.txt
Debug saved to the debug file
Word Error Rate:0.169(16.89%)
Running medium.en, run 03
Transcription saved to reproducibility_results/idr/medium.en/idr_tech.wav_whisper.txt
Debug saved to the debug file
Word Error Rate:0.169(16.89%)
Running medium.en, run 04
Transcription saved to reproducibility_results/idr/medium.en/idr_tech.wav_whisper.txt
Debug saved to the debug file
Word Error Rate:0.169(16.89%)
Running medium.en, run 05
Transcription saved to reproducibility_results/idr/medium.en/idr_tech.wav_whisper.txt
Debug saved to the debug file
Word Error Rate:0.169(16.89%)
Running medium.en, run 06
Transcription saved to reproducibility_results/idr/medium.en/idr_tech.wav_whisper.txt
Debug saved to the debug file
Word Error Rate:0.169(16.89%)
Running medium.en, run 07
Transcription saved to reproducibility_results/idr/medium.en/idr_tech.wav_whisper.txt
Debug saved to the debug file
Word Error Rate:0.169(16.89%)
Running medium.en, run 08
Transcription saved to reproducibility_results/idr/medium.en/idr_tech.wav_whisper.txt
Debug saved to the debug file
Word Error Rate:0.169(16.89%)
Running medium.en, run 09
Transcription saved to reproducibility_results/idr/medium.en/idr_tech.wav_whisper.txt
Debug saved to the debug file
Word Error Rate:0.169(16.89%)
Running medium.en, run 10
Transcription saved to reproducibility_results/idr/medium.en/idr_tech.wav_whisper.txt
Debug saved to the debug file
Word Error Rate:0.169(16.89%)
Running medium.en, run 11
Transcription saved to reproducibility_results/idr/medium.en/idr_tech.wav_whisper.txt
Debug saved to the debug file
Word Error Rate:0.169(16.89%)
Running medium.en, run 12
Transcription saved to reproducibility_results/idr/medium.en/idr_tech.wav_whisper.txt
Debug saved to the debug file
Word Error Rate:0.169(16.89%)
Running medium.en, run 13
Transcription saved to reproducibility_results/idr/medium.en/idr_tech.wav_whisper.txt
Debug saved to the debug file
Word Error Rate:0.169(16.89%)
Running medium.en, run 14
Transcription saved to reproducibility_results/idr/medium.en/idr_tech.wav_whisper.txt
Debug saved to the debug file
Word Error Rate:0.169(16.89%)
Running medium.en, run 15
Transcription saved to reproducibility_results/idr/medium.en/idr_tech.wav_whisper.txt
Debug saved to the debug file
Word Error Rate:0.169(16.89%)
Running medium.en, run 16
Transcription saved to reproducibility_results/idr/medium.en/idr_tech.wav_whisper.txt
Debug saved to the debug file
Word Error Rate:0.169(16.89%)
Running medium.en, run 17
Transcription saved to reproducibility_results/idr/medium.en/idr_tech.wav_whisper.txt
Debug saved to the debug file
Word Error Rate:0.169(16.89%)
Running medium.en, run 18
Transcription saved to reproducibility_results/idr/medium.en/idr_tech.wav_whisper.txt
Debug saved to the debug file
Word Error Rate:0.169(16.89%)
Running medium.en, run 19
Transcription saved to reproducibility_results/idr/medium.en/idr_tech.wav_whisper.txt
Debug saved to the debug file
Word Error Rate:0.169(16.89%)
Running medium.en, run 20
Transcription saved to reproducibility_results/idr/medium.en/idr_tech.wav_whisper.txt
Debug saved to the debug file
Word Error Rate:0.169(16.89%)
Running medium.en, run 21
Transcription saved to reproducibility_results/idr/medium.en/idr_tech.wav_whisper.txt
Debug saved to the debug file
Word Error Rate:0.169(16.89%)
Running medium.en, run 22
Transcription saved to reproducibility_results/idr/medium.en/idr_tech.wav_whisper.txt
Debug saved to the debug file
Word Error Rate:0.169(16.89%)
Running medium.en, run 23
Transcription saved to reproducibility_results/idr/medium.en/idr_tech.wav_whisper.txt
Debug saved to the debug file
Word Error Rate:0.169(16.89%)
Running medium.en, run 24
Transcription saved to reproducibility_results/idr/medium.en/idr_tech.wav_whisper.txt
Debug saved to the debug file
Word Error Rate:0.169(16.89%)
Running medium.en, run 25
Transcription saved to reproducibility_results/idr/medium.en/idr_tech.wav_whisper.txt
Debug saved to the debug file
Word Error Rate:0.169(16.89%)
Running large-v3, run 01
Transcription saved to reproducibility_results/idr/large-v3/idr_tech.wav_whisper.txt
Debug saved to the debug file
Word Error Rate:0.324(32.43%)
Running large-v3, run 02
Transcription saved to reproducibility_results/idr/large-v3/idr_tech.wav_whisper.txt
Debug saved to the debug file
Word Error Rate:0.247(24.66%)
Running large-v3, run 03
Transcription saved to reproducibility_results/idr/large-v3/idr_tech.wav_whisper.txt
Debug saved to the debug file
Word Error Rate:0.312(31.25%)
Running large-v3, run 04
Transcription saved to reproducibility_results/idr/large-v3/idr_tech.wav_whisper.txt
Debug saved to the debug file
Word Error Rate:0.368(36.82%)
Running large-v3, run 05
Transcription saved to reproducibility_results/idr/large-v3/idr_tech.wav_whisper.txt
Debug saved to the debug file
Word Error Rate:0.257(25.68%)
Running large-v3, run 06
Transcription saved to reproducibility_results/idr/large-v3/idr_tech.wav_whisper.txt
Debug saved to the debug file
Word Error Rate:0.419(41.89%)
Running large-v3, run 07
Transcription saved to reproducibility_results/idr/large-v3/idr_tech.wav_whisper.txt
Debug saved to the debug file
Word Error Rate:0.334(33.45%)
Running large-v3, run 08
Transcription saved to reproducibility_results/idr/large-v3/idr_tech.wav_whisper.txt
Debug saved to the debug file
Word Error Rate:0.446(44.59%)
Running large-v3, run 09
Transcription saved to reproducibility_results/idr/large-v3/idr_tech.wav_whisper.txt
Debug saved to the debug file
Word Error Rate:0.397(39.70%)
Running large-v3, run 10
Transcription saved to reproducibility_results/idr/large-v3/idr_tech.wav_whisper.txt
Debug saved to the debug file
Word Error Rate:0.258(25.84%)
Running large-v3, run 11
Transcription saved to reproducibility_results/idr/large-v3/idr_tech.wav_whisper.txt
Debug saved to the debug file
Word Error Rate:0.356(35.64%)
Running large-v3, run 12
Transcription saved to reproducibility_results/idr/large-v3/idr_tech.wav_whisper.txt
Debug saved to the debug file
Word Error Rate:0.318(31.76%)
Running large-v3, run 13
Transcription saved to reproducibility_results/idr/large-v3/idr_tech.wav_whisper.txt
Debug saved to the debug file
Word Error Rate:0.552(55.24%)
Running large-v3, run 14
Transcription saved to reproducibility_results/idr/large-v3/idr_tech.wav_whisper.txt
Debug saved to the debug file
Word Error Rate:0.367(36.66%)
Running large-v3, run 15
Transcription saved to reproducibility_results/idr/large-v3/idr_tech.wav_whisper.txt
Debug saved to the debug file
Word Error Rate:0.363(36.32%)
Running large-v3, run 16
Transcription saved to reproducibility_results/idr/large-v3/idr_tech.wav_whisper.txt
Debug saved to the debug file
Word Error Rate:0.326(32.60%)
Running large-v3, run 17
Transcription saved to reproducibility_results/idr/large-v3/idr_tech.wav_whisper.txt
Debug saved to the debug file
Word Error Rate:0.416(41.55%)
Running large-v3, run 18
Transcription saved to reproducibility_results/idr/large-v3/idr_tech.wav_whisper.txt
Debug saved to the debug file
Word Error Rate:0.345(34.46%)
Running large-v3, run 19
Transcription saved to reproducibility_results/idr/large-v3/idr_tech.wav_whisper.txt
Debug saved to the debug file
Word Error Rate:0.282(28.21%)
Running large-v3, run 20
Transcription saved to reproducibility_results/idr/large-v3/idr_tech.wav_whisper.txt
Debug saved to the debug file
Word Error Rate:0.478(47.80%)
Running large-v3, run 21
Transcription saved to reproducibility_results/idr/large-v3/idr_tech.wav_whisper.txt
Debug saved to the debug file
Word Error Rate:0.446(44.59%)
Running large-v3, run 22
Transcription saved to reproducibility_results/idr/large-v3/idr_tech.wav_whisper.txt
Debug saved to the debug file
Word Error Rate:0.275(27.53%)
Running large-v3, run 23
Transcription saved to reproducibility_results/idr/large-v3/idr_tech.wav_whisper.txt
Debug saved to the debug file
Word Error Rate:0.355(35.47%)
Running large-v3, run 24
Transcription saved to reproducibility_results/idr/large-v3/idr_tech.wav_whisper.txt
Debug saved to the debug file
Word Error Rate:0.316(31.59%)
Running large-v3, run 25
Transcription saved to reproducibility_results/idr/large-v3/idr_tech.wav_whisper.txt
Debug saved to the debug file
Word Error Rate:0.307(30.74%)
Running turbo, run 01
Transcription saved to reproducibility_results/idr/turbo/idr_tech.wav_whisper.txt
Debug saved to the debug file
Word Error Rate:0.171(17.06%)
Running turbo, run 02
Transcription saved to reproducibility_results/idr/turbo/idr_tech.wav_whisper.txt
Debug saved to the debug file
Word Error Rate:0.171(17.06%)
Running turbo, run 03
Transcription saved to reproducibility_results/idr/turbo/idr_tech.wav_whisper.txt
Debug saved to the debug file
Word Error Rate:0.171(17.06%)
Running turbo, run 04
Transcription saved to reproducibility_results/idr/turbo/idr_tech.wav_whisper.txt
Debug saved to the debug file
Word Error Rate:0.171(17.06%)
Running turbo, run 05
Transcription saved to reproducibility_results/idr/turbo/idr_tech.wav_whisper.txt
Debug saved to the debug file
Word Error Rate:0.171(17.06%)
Running turbo, run 06
Transcription saved to reproducibility_results/idr/turbo/idr_tech.wav_whisper.txt
Debug saved to the debug file
Word Error Rate:0.171(17.06%)
Running turbo, run 07
Transcription saved to reproducibility_results/idr/turbo/idr_tech.wav_whisper.txt
Debug saved to the debug file
Word Error Rate:0.171(17.06%)
Running turbo, run 08
Transcription saved to reproducibility_results/idr/turbo/idr_tech.wav_whisper.txt
Debug saved to the debug file
Word Error Rate:0.171(17.06%)
Running turbo, run 09
Transcription saved to reproducibility_results/idr/turbo/idr_tech.wav_whisper.txt
Debug saved to the debug file
Word Error Rate:0.171(17.06%)
Running turbo, run 10
Transcription saved to reproducibility_results/idr/turbo/idr_tech.wav_whisper.txt
Debug saved to the debug file
Word Error Rate:0.171(17.06%)
Running turbo, run 11
Transcription saved to reproducibility_results/idr/turbo/idr_tech.wav_whisper.txt
Debug saved to the debug file
Word Error Rate:0.171(17.06%)
Running turbo, run 12
Transcription saved to reproducibility_results/idr/turbo/idr_tech.wav_whisper.txt
Debug saved to the debug file
Word Error Rate:0.171(17.06%)
Running turbo, run 13
Transcription saved to reproducibility_results/idr/turbo/idr_tech.wav_whisper.txt
Debug saved to the debug file
Word Error Rate:0.171(17.06%)
Running turbo, run 14
Transcription saved to reproducibility_results/idr/turbo/idr_tech.wav_whisper.txt
Debug saved to the debug file
Word Error Rate:0.171(17.06%)
Running turbo, run 15
Transcription saved to reproducibility_results/idr/turbo/idr_tech.wav_whisper.txt
Debug saved to the debug file
Word Error Rate:0.171(17.06%)
Running turbo, run 16
Transcription saved to reproducibility_results/idr/turbo/idr_tech.wav_whisper.txt
Debug saved to the debug file
Word Error Rate:0.171(17.06%)
Running turbo, run 17
Transcription saved to reproducibility_results/idr/turbo/idr_tech.wav_whisper.txt
Debug saved to the debug file
Word Error Rate:0.171(17.06%)
Running turbo, run 18
Transcription saved to reproducibility_results/idr/turbo/idr_tech.wav_whisper.txt
Debug saved to the debug file
Word Error Rate:0.171(17.06%)
Running turbo, run 19
Transcription saved to reproducibility_results/idr/turbo/idr_tech.wav_whisper.txt
Debug saved to the debug file
Word Error Rate:0.171(17.06%)
Running turbo, run 20
Transcription saved to reproducibility_results/idr/turbo/idr_tech.wav_whisper.txt
Debug saved to the debug file
Word Error Rate:0.171(17.06%)
Running turbo, run 21
Transcription saved to reproducibility_results/idr/turbo/idr_tech.wav_whisper.txt
Debug saved to the debug file
Word Error Rate:0.171(17.06%)
Running turbo, run 22
Transcription saved to reproducibility_results/idr/turbo/idr_tech.wav_whisper.txt
Debug saved to the debug file
Word Error Rate:0.171(17.06%)
Running turbo, run 23
Transcription saved to reproducibility_results/idr/turbo/idr_tech.wav_whisper.txt
Debug saved to the debug file
Word Error Rate:0.171(17.06%)
Running turbo, run 24
Transcription saved to reproducibility_results/idr/turbo/idr_tech.wav_whisper.txt
Debug saved to the debug file
Word Error Rate:0.171(17.06%)
Running turbo, run 25
Transcription saved to reproducibility_results/idr/turbo/idr_tech.wav_whisper.txt
Debug saved to the debug file
Word Error Rate:0.171(17.06%)
idr done
