Running tiny, run 01
Transcription saved to reproducibility_results/plenary_full/tiny/plenary_125.wav_whisper.txt
Debug saved to the debug file
Word Error Rate:0.207(20.67%)
Running tiny, run 02
Transcription saved to reproducibility_results/plenary_full/tiny/plenary_125.wav_whisper.txt
Debug saved to the debug file
Word Error Rate:0.209(20.85%)
Running tiny, run 03
Transcription saved to reproducibility_results/plenary_full/tiny/plenary_125.wav_whisper.txt
Debug saved to the debug file
Word Error Rate:0.199(19.93%)
Running tiny, run 04
Transcription saved to reproducibility_results/plenary_full/tiny/plenary_125.wav_whisper.txt
Debug saved to the debug file
Word Error Rate:0.208(20.78%)
Running tiny, run 05
Transcription saved to reproducibility_results/plenary_full/tiny/plenary_125.wav_whisper.txt
Debug saved to the debug file
Word Error Rate:0.212(21.19%)
Running tiny, run 06
Transcription saved to reproducibility_results/plenary_full/tiny/plenary_125.wav_whisper.txt
Debug saved to the debug file
Word Error Rate:0.215(21.48%)
Running tiny, run 07
Transcription saved to reproducibility_results/plenary_full/tiny/plenary_125.wav_whisper.txt
Debug saved to the debug file
Word Error Rate:0.210(20.98%)
Running tiny, run 08
Transcription saved to reproducibility_results/plenary_full/tiny/plenary_125.wav_whisper.txt
Debug saved to the debug file
Word Error Rate:0.216(21.57%)
Running tiny, run 09
Transcription saved to reproducibility_results/plenary_full/tiny/plenary_125.wav_whisper.txt
Debug saved to the debug file
Word Error Rate:0.209(20.88%)
Running tiny, run 10
Transcription saved to reproducibility_results/plenary_full/tiny/plenary_125.wav_whisper.txt
Debug saved to the debug file
Word Error Rate:0.210(20.98%)
Running tiny, run 11
Transcription saved to reproducibility_results/plenary_full/tiny/plenary_125.wav_whisper.txt
Debug saved to the debug file
Word Error Rate:0.206(20.58%)
Running tiny, run 12
Transcription saved to reproducibility_results/plenary_full/tiny/plenary_125.wav_whisper.txt
Debug saved to the debug file
Word Error Rate:0.200(19.96%)
Running tiny, run 13
Transcription saved to reproducibility_results/plenary_full/tiny/plenary_125.wav_whisper.txt
Debug saved to the debug file
Word Error Rate:0.215(21.54%)
Running tiny, run 14
Transcription saved to reproducibility_results/plenary_full/tiny/plenary_125.wav_whisper.txt
Debug saved to the debug file
Word Error Rate:0.202(20.23%)
Running tiny, run 15
Transcription saved to reproducibility_results/plenary_full/tiny/plenary_125.wav_whisper.txt
Debug saved to the debug file
Word Error Rate:0.212(21.20%)
Running tiny, run 16
Transcription saved to reproducibility_results/plenary_full/tiny/plenary_125.wav_whisper.txt
Debug saved to the debug file
Word Error Rate:0.217(21.70%)
Running tiny, run 17
Transcription saved to reproducibility_results/plenary_full/tiny/plenary_125.wav_whisper.txt
Debug saved to the debug file
Word Error Rate:0.217(21.70%)
Running tiny, run 18
Transcription saved to reproducibility_results/plenary_full/tiny/plenary_125.wav_whisper.txt
Debug saved to the debug file
Word Error Rate:0.206(20.61%)
Running tiny, run 19
Transcription saved to reproducibility_results/plenary_full/tiny/plenary_125.wav_whisper.txt
Debug saved to the debug file
Word Error Rate:0.210(20.98%)
Running tiny, run 20
Transcription saved to reproducibility_results/plenary_full/tiny/plenary_125.wav_whisper.txt
Debug saved to the debug file
Word Error Rate:0.208(20.80%)
Running tiny, run 21
Transcription saved to reproducibility_results/plenary_full/tiny/plenary_125.wav_whisper.txt
Debug saved to the debug file
Word Error Rate:0.215(21.47%)
Running tiny, run 22
Transcription saved to reproducibility_results/plenary_full/tiny/plenary_125.wav_whisper.txt
Debug saved to the debug file
Word Error Rate:0.212(21.21%)
Running tiny, run 23
Transcription saved to reproducibility_results/plenary_full/tiny/plenary_125.wav_whisper.txt
Debug saved to the debug file
Word Error Rate:0.214(21.39%)
Running tiny, run 24
Transcription saved to reproducibility_results/plenary_full/tiny/plenary_125.wav_whisper.txt
Debug saved to the debug file
Word Error Rate:0.210(20.96%)
Running tiny, run 25
Transcription saved to reproducibility_results/plenary_full/tiny/plenary_125.wav_whisper.txt
Debug saved to the debug file
Word Error Rate:0.217(21.75%)
Running tiny.en, run 01
Transcription saved to reproducibility_results/plenary_full/tiny.en/plenary_125.wav_whisper.txt
Debug saved to the debug file
Word Error Rate:0.187(18.73%)
Running tiny.en, run 02
Transcription saved to reproducibility_results/plenary_full/tiny.en/plenary_125.wav_whisper.txt
Debug saved to the debug file
Word Error Rate:0.198(19.80%)
Running tiny.en, run 03
Transcription saved to reproducibility_results/plenary_full/tiny.en/plenary_125.wav_whisper.txt
Debug saved to the debug file
Word Error Rate:0.178(17.83%)
Running tiny.en, run 04
Transcription saved to reproducibility_results/plenary_full/tiny.en/plenary_125.wav_whisper.txt
Debug saved to the debug file
Word Error Rate:0.189(18.90%)
Running tiny.en, run 05
Transcription saved to reproducibility_results/plenary_full/tiny.en/plenary_125.wav_whisper.txt
Debug saved to the debug file
Word Error Rate:0.196(19.64%)
Running tiny.en, run 06
Transcription saved to reproducibility_results/plenary_full/tiny.en/plenary_125.wav_whisper.txt
Debug saved to the debug file
Word Error Rate:0.189(18.89%)
Running tiny.en, run 07
Transcription saved to reproducibility_results/plenary_full/tiny.en/plenary_125.wav_whisper.txt
Debug saved to the debug file
Word Error Rate:0.189(18.95%)
Running tiny.en, run 08
Transcription saved to reproducibility_results/plenary_full/tiny.en/plenary_125.wav_whisper.txt
Debug saved to the debug file
Word Error Rate:0.194(19.43%)
Running tiny.en, run 09
Transcription saved to reproducibility_results/plenary_full/tiny.en/plenary_125.wav_whisper.txt
Debug saved to the debug file
Word Error Rate:0.178(17.84%)
Running tiny.en, run 10
Transcription saved to reproducibility_results/plenary_full/tiny.en/plenary_125.wav_whisper.txt
Debug saved to the debug file
Word Error Rate:0.192(19.15%)
Running tiny.en, run 11
Transcription saved to reproducibility_results/plenary_full/tiny.en/plenary_125.wav_whisper.txt
Debug saved to the debug file
Word Error Rate:0.191(19.11%)
Running tiny.en, run 12
Transcription saved to reproducibility_results/plenary_full/tiny.en/plenary_125.wav_whisper.txt
Debug saved to the debug file
Word Error Rate:0.196(19.56%)
Running tiny.en, run 13
Transcription saved to reproducibility_results/plenary_full/tiny.en/plenary_125.wav_whisper.txt
Debug saved to the debug file
Word Error Rate:0.179(17.89%)
Running tiny.en, run 14
Transcription saved to reproducibility_results/plenary_full/tiny.en/plenary_125.wav_whisper.txt
Debug saved to the debug file
Word Error Rate:0.188(18.81%)
Running tiny.en, run 15
Transcription saved to reproducibility_results/plenary_full/tiny.en/plenary_125.wav_whisper.txt
Debug saved to the debug file
Word Error Rate:0.191(19.09%)
Running tiny.en, run 16
Transcription saved to reproducibility_results/plenary_full/tiny.en/plenary_125.wav_whisper.txt
Debug saved to the debug file
Word Error Rate:0.202(20.20%)
Running tiny.en, run 17
Transcription saved to reproducibility_results/plenary_full/tiny.en/plenary_125.wav_whisper.txt
Debug saved to the debug file
Word Error Rate:0.178(17.76%)
Running tiny.en, run 18
Transcription saved to reproducibility_results/plenary_full/tiny.en/plenary_125.wav_whisper.txt
Debug saved to the debug file
Word Error Rate:0.193(19.29%)
Running tiny.en, run 19
Transcription saved to reproducibility_results/plenary_full/tiny.en/plenary_125.wav_whisper.txt
Debug saved to the debug file
Word Error Rate:0.190(19.00%)
Running tiny.en, run 20
Transcription saved to reproducibility_results/plenary_full/tiny.en/plenary_125.wav_whisper.txt
Debug saved to the debug file
Word Error Rate:0.201(20.06%)
Running tiny.en, run 21
Transcription saved to reproducibility_results/plenary_full/tiny.en/plenary_125.wav_whisper.txt
Debug saved to the debug file
Word Error Rate:0.188(18.80%)
Running tiny.en, run 22
Transcription saved to reproducibility_results/plenary_full/tiny.en/plenary_125.wav_whisper.txt
Debug saved to the debug file
Word Error Rate:0.192(19.19%)
Running tiny.en, run 23
Transcription saved to reproducibility_results/plenary_full/tiny.en/plenary_125.wav_whisper.txt
Debug saved to the debug file
Word Error Rate:0.209(20.93%)
Running tiny.en, run 24
Transcription saved to reproducibility_results/plenary_full/tiny.en/plenary_125.wav_whisper.txt
Debug saved to the debug file
Word Error Rate:0.207(20.67%)
Running tiny.en, run 25
Transcription saved to reproducibility_results/plenary_full/tiny.en/plenary_125.wav_whisper.txt
Debug saved to the debug file
Word Error Rate:0.189(18.94%)
Running base, run 01
Transcription saved to reproducibility_results/plenary_full/base/plenary_125.wav_whisper.txt
Debug saved to the debug file
Word Error Rate:0.180(18.04%)
Running base, run 02
Transcription saved to reproducibility_results/plenary_full/base/plenary_125.wav_whisper.txt
Debug saved to the debug file
Word Error Rate:0.199(19.87%)
Running base, run 03
Transcription saved to reproducibility_results/plenary_full/base/plenary_125.wav_whisper.txt
Debug saved to the debug file
Word Error Rate:0.197(19.71%)
Running base, run 04
Transcription saved to reproducibility_results/plenary_full/base/plenary_125.wav_whisper.txt
Debug saved to the debug file
Word Error Rate:0.196(19.60%)
Running base, run 05
Transcription saved to reproducibility_results/plenary_full/base/plenary_125.wav_whisper.txt
Debug saved to the debug file
Word Error Rate:0.202(20.22%)
Running base, run 06
Transcription saved to reproducibility_results/plenary_full/base/plenary_125.wav_whisper.txt
Debug saved to the debug file
Word Error Rate:0.189(18.87%)
Running base, run 07
Transcription saved to reproducibility_results/plenary_full/base/plenary_125.wav_whisper.txt
Debug saved to the debug file
Word Error Rate:0.191(19.07%)
Running base, run 08
Transcription saved to reproducibility_results/plenary_full/base/plenary_125.wav_whisper.txt
Debug saved to the debug file
Word Error Rate:0.197(19.70%)
Running base, run 09
Transcription saved to reproducibility_results/plenary_full/base/plenary_125.wav_whisper.txt
Debug saved to the debug file
Word Error Rate:0.198(19.80%)
Running base, run 10
Transcription saved to reproducibility_results/plenary_full/base/plenary_125.wav_whisper.txt
Debug saved to the debug file
Word Error Rate:0.198(19.75%)
Running base, run 11
Transcription saved to reproducibility_results/plenary_full/base/plenary_125.wav_whisper.txt
Debug saved to the debug file
Word Error Rate:0.188(18.79%)
Running base, run 12
Transcription saved to reproducibility_results/plenary_full/base/plenary_125.wav_whisper.txt
Debug saved to the debug file
Word Error Rate:0.201(20.09%)
Running base, run 13
Transcription saved to reproducibility_results/plenary_full/base/plenary_125.wav_whisper.txt
Debug saved to the debug file
Word Error Rate:0.192(19.19%)
Running base, run 14
Transcription saved to reproducibility_results/plenary_full/base/plenary_125.wav_whisper.txt
Debug saved to the debug file
Word Error Rate:0.196(19.55%)
Running base, run 15
Transcription saved to reproducibility_results/plenary_full/base/plenary_125.wav_whisper.txt
Debug saved to the debug file
Word Error Rate:0.196(19.62%)
Running base, run 16
Transcription saved to reproducibility_results/plenary_full/base/plenary_125.wav_whisper.txt
Debug saved to the debug file
Word Error Rate:0.193(19.30%)
Running base, run 17
Transcription saved to reproducibility_results/plenary_full/base/plenary_125.wav_whisper.txt
Debug saved to the debug file
Word Error Rate:0.186(18.56%)
Running base, run 18
Transcription saved to reproducibility_results/plenary_full/base/plenary_125.wav_whisper.txt
Debug saved to the debug file
Word Error Rate:0.198(19.84%)
Running base, run 19
Transcription saved to reproducibility_results/plenary_full/base/plenary_125.wav_whisper.txt
Debug saved to the debug file
Word Error Rate:0.193(19.32%)
Running base, run 20
Transcription saved to reproducibility_results/plenary_full/base/plenary_125.wav_whisper.txt
Debug saved to the debug file
Word Error Rate:0.188(18.83%)
Running base, run 21
Transcription saved to reproducibility_results/plenary_full/base/plenary_125.wav_whisper.txt
Debug saved to the debug file
Word Error Rate:0.201(20.08%)
Running base, run 22
Transcription saved to reproducibility_results/plenary_full/base/plenary_125.wav_whisper.txt
Debug saved to the debug file
Word Error Rate:0.190(19.03%)
Running base, run 23
Transcription saved to reproducibility_results/plenary_full/base/plenary_125.wav_whisper.txt
Debug saved to the debug file
Word Error Rate:0.193(19.28%)
Running base, run 24
Transcription saved to reproducibility_results/plenary_full/base/plenary_125.wav_whisper.txt
Debug saved to the debug file
Word Error Rate:0.421(42.13%)
Running base, run 25
Transcription saved to reproducibility_results/plenary_full/base/plenary_125.wav_whisper.txt
Debug saved to the debug file
Word Error Rate:0.192(19.20%)
Running base.en, run 01
Transcription saved to reproducibility_results/plenary_full/base.en/plenary_125.wav_whisper.txt
Debug saved to the debug file
Word Error Rate:0.164(16.36%)
Running base.en, run 02
Transcription saved to reproducibility_results/plenary_full/base.en/plenary_125.wav_whisper.txt
Debug saved to the debug file
Word Error Rate:0.172(17.17%)
Running base.en, run 03
Transcription saved to reproducibility_results/plenary_full/base.en/plenary_125.wav_whisper.txt
Debug saved to the debug file
Word Error Rate:0.183(18.34%)
Running base.en, run 04
Transcription saved to reproducibility_results/plenary_full/base.en/plenary_125.wav_whisper.txt
Debug saved to the debug file
Word Error Rate:0.162(16.22%)
Running base.en, run 05
Transcription saved to reproducibility_results/plenary_full/base.en/plenary_125.wav_whisper.txt
Debug saved to the debug file
Word Error Rate:0.179(17.88%)
Running base.en, run 06
Transcription saved to reproducibility_results/plenary_full/base.en/plenary_125.wav_whisper.txt
Debug saved to the debug file
Word Error Rate:0.191(19.13%)
Running base.en, run 07
Transcription saved to reproducibility_results/plenary_full/base.en/plenary_125.wav_whisper.txt
Debug saved to the debug file
Word Error Rate:0.172(17.20%)
Running base.en, run 08
Transcription saved to reproducibility_results/plenary_full/base.en/plenary_125.wav_whisper.txt
Debug saved to the debug file
Word Error Rate:0.175(17.46%)
Running base.en, run 09
Transcription saved to reproducibility_results/plenary_full/base.en/plenary_125.wav_whisper.txt
Debug saved to the debug file
Word Error Rate:0.165(16.49%)
Running base.en, run 10
Transcription saved to reproducibility_results/plenary_full/base.en/plenary_125.wav_whisper.txt
Debug saved to the debug file
Word Error Rate:0.180(18.04%)
Running base.en, run 11
Transcription saved to reproducibility_results/plenary_full/base.en/plenary_125.wav_whisper.txt
Debug saved to the debug file
Word Error Rate:0.179(17.91%)
Running base.en, run 12
Transcription saved to reproducibility_results/plenary_full/base.en/plenary_125.wav_whisper.txt
Debug saved to the debug file
Word Error Rate:0.175(17.49%)
Running base.en, run 13
Transcription saved to reproducibility_results/plenary_full/base.en/plenary_125.wav_whisper.txt
Debug saved to the debug file
Word Error Rate:0.178(17.77%)
Running base.en, run 14
Transcription saved to reproducibility_results/plenary_full/base.en/plenary_125.wav_whisper.txt
Debug saved to the debug file
Word Error Rate:0.172(17.20%)
Running base.en, run 15
Transcription saved to reproducibility_results/plenary_full/base.en/plenary_125.wav_whisper.txt
Debug saved to the debug file
Word Error Rate:0.190(18.99%)
Running base.en, run 16
Transcription saved to reproducibility_results/plenary_full/base.en/plenary_125.wav_whisper.txt
Debug saved to the debug file
Word Error Rate:0.178(17.76%)
Running base.en, run 17
Transcription saved to reproducibility_results/plenary_full/base.en/plenary_125.wav_whisper.txt
Debug saved to the debug file
Word Error Rate:0.160(15.98%)
Running base.en, run 18
Transcription saved to reproducibility_results/plenary_full/base.en/plenary_125.wav_whisper.txt
Debug saved to the debug file
Word Error Rate:0.189(18.87%)
Running base.en, run 19
Transcription saved to reproducibility_results/plenary_full/base.en/plenary_125.wav_whisper.txt
Debug saved to the debug file
Word Error Rate:0.163(16.28%)
Running base.en, run 20
Transcription saved to reproducibility_results/plenary_full/base.en/plenary_125.wav_whisper.txt
Debug saved to the debug file
Word Error Rate:0.182(18.17%)
Running base.en, run 21
Transcription saved to reproducibility_results/plenary_full/base.en/plenary_125.wav_whisper.txt
Debug saved to the debug file
Word Error Rate:0.189(18.91%)
Running base.en, run 22
Transcription saved to reproducibility_results/plenary_full/base.en/plenary_125.wav_whisper.txt
Debug saved to the debug file
Word Error Rate:0.174(17.35%)
Running base.en, run 23
Transcription saved to reproducibility_results/plenary_full/base.en/plenary_125.wav_whisper.txt
Debug saved to the debug file
Word Error Rate:0.181(18.14%)
Running base.en, run 24
Transcription saved to reproducibility_results/plenary_full/base.en/plenary_125.wav_whisper.txt
Debug saved to the debug file
Word Error Rate:0.167(16.75%)
Running base.en, run 25
Transcription saved to reproducibility_results/plenary_full/base.en/plenary_125.wav_whisper.txt
Debug saved to the debug file
Word Error Rate:0.182(18.22%)
Running small, run 01
Transcription saved to reproducibility_results/plenary_full/small/plenary_125.wav_whisper.txt
Debug saved to the debug file
Word Error Rate:0.164(16.37%)
Running small, run 02
Transcription saved to reproducibility_results/plenary_full/small/plenary_125.wav_whisper.txt
Debug saved to the debug file
Word Error Rate:0.160(16.01%)
Running small, run 03
Transcription saved to reproducibility_results/plenary_full/small/plenary_125.wav_whisper.txt
Debug saved to the debug file
Word Error Rate:0.149(14.90%)
Running small, run 04
Transcription saved to reproducibility_results/plenary_full/small/plenary_125.wav_whisper.txt
Debug saved to the debug file
Word Error Rate:0.160(15.97%)
Running small, run 05
Transcription saved to reproducibility_results/plenary_full/small/plenary_125.wav_whisper.txt
Debug saved to the debug file
Word Error Rate:0.181(18.11%)
Running small, run 06
Transcription saved to reproducibility_results/plenary_full/small/plenary_125.wav_whisper.txt
Debug saved to the debug file
Word Error Rate:0.154(15.43%)
Running small, run 07
Transcription saved to reproducibility_results/plenary_full/small/plenary_125.wav_whisper.txt
Debug saved to the debug file
Word Error Rate:0.563(56.31%)
Running small, run 08
Transcription saved to reproducibility_results/plenary_full/small/plenary_125.wav_whisper.txt
Debug saved to the debug file
Word Error Rate:0.155(15.53%)
Running small, run 09
Transcription saved to reproducibility_results/plenary_full/small/plenary_125.wav_whisper.txt
Debug saved to the debug file
Word Error Rate:0.177(17.68%)
Running small, run 10
Transcription saved to reproducibility_results/plenary_full/small/plenary_125.wav_whisper.txt
Debug saved to the debug file
Word Error Rate:0.153(15.29%)
Running small, run 11
Transcription saved to reproducibility_results/plenary_full/small/plenary_125.wav_whisper.txt
Debug saved to the debug file
Word Error Rate:0.152(15.20%)
Running small, run 12
Transcription saved to reproducibility_results/plenary_full/small/plenary_125.wav_whisper.txt
Debug saved to the debug file
Word Error Rate:0.159(15.87%)
Running small, run 13
Transcription saved to reproducibility_results/plenary_full/small/plenary_125.wav_whisper.txt
Debug saved to the debug file
Word Error Rate:0.175(17.52%)
Running small, run 14
Transcription saved to reproducibility_results/plenary_full/small/plenary_125.wav_whisper.txt
Debug saved to the debug file
Word Error Rate:0.165(16.49%)
Running small, run 15
Transcription saved to reproducibility_results/plenary_full/small/plenary_125.wav_whisper.txt
Debug saved to the debug file
Word Error Rate:0.155(15.50%)
Running small, run 16
Transcription saved to reproducibility_results/plenary_full/small/plenary_125.wav_whisper.txt
Debug saved to the debug file
Word Error Rate:0.176(17.64%)
Running small, run 17
Transcription saved to reproducibility_results/plenary_full/small/plenary_125.wav_whisper.txt
Debug saved to the debug file
Word Error Rate:0.172(17.15%)
Running small, run 18
Transcription saved to reproducibility_results/plenary_full/small/plenary_125.wav_whisper.txt
Debug saved to the debug file
Word Error Rate:0.177(17.69%)
Running small, run 19
Transcription saved to reproducibility_results/plenary_full/small/plenary_125.wav_whisper.txt
Debug saved to the debug file
Word Error Rate:0.161(16.11%)
Running small, run 20
Transcription saved to reproducibility_results/plenary_full/small/plenary_125.wav_whisper.txt
Debug saved to the debug file
Word Error Rate:0.177(17.67%)
Running small, run 21
Transcription saved to reproducibility_results/plenary_full/small/plenary_125.wav_whisper.txt
Debug saved to the debug file
Word Error Rate:0.164(16.44%)
Running small, run 22
Transcription saved to reproducibility_results/plenary_full/small/plenary_125.wav_whisper.txt
Debug saved to the debug file
Word Error Rate:0.156(15.57%)
Running small, run 23
Transcription saved to reproducibility_results/plenary_full/small/plenary_125.wav_whisper.txt
Debug saved to the debug file
Word Error Rate:0.173(17.30%)
Running small, run 24
Transcription saved to reproducibility_results/plenary_full/small/plenary_125.wav_whisper.txt
Debug saved to the debug file
Word Error Rate:0.180(18.04%)
Running small, run 25
Transcription saved to reproducibility_results/plenary_full/small/plenary_125.wav_whisper.txt
Debug saved to the debug file
Word Error Rate:0.159(15.90%)
Running small.en, run 01
Transcription saved to reproducibility_results/plenary_full/small.en/plenary_125.wav_whisper.txt
Debug saved to the debug file
Word Error Rate:0.168(16.83%)
Running small.en, run 02
Transcription saved to reproducibility_results/plenary_full/small.en/plenary_125.wav_whisper.txt
Debug saved to the debug file
Word Error Rate:0.151(15.10%)
Running small.en, run 03
Transcription saved to reproducibility_results/plenary_full/small.en/plenary_125.wav_whisper.txt
Debug saved to the debug file
Word Error Rate:0.162(16.24%)
Running small.en, run 04
Transcription saved to reproducibility_results/plenary_full/small.en/plenary_125.wav_whisper.txt
Debug saved to the debug file
Word Error Rate:0.165(16.53%)
Running small.en, run 05
Transcription saved to reproducibility_results/plenary_full/small.en/plenary_125.wav_whisper.txt
Debug saved to the debug file
Word Error Rate:0.156(15.64%)
Running small.en, run 06
Transcription saved to reproducibility_results/plenary_full/small.en/plenary_125.wav_whisper.txt
Debug saved to the debug file
Word Error Rate:0.161(16.15%)
Running small.en, run 07
Transcription saved to reproducibility_results/plenary_full/small.en/plenary_125.wav_whisper.txt
Debug saved to the debug file
Word Error Rate:0.177(17.72%)
Running small.en, run 08
Transcription saved to reproducibility_results/plenary_full/small.en/plenary_125.wav_whisper.txt
Debug saved to the debug file
Word Error Rate:0.155(15.47%)
Running small.en, run 09
Transcription saved to reproducibility_results/plenary_full/small.en/plenary_125.wav_whisper.txt
Debug saved to the debug file
Word Error Rate:0.153(15.35%)
Running small.en, run 10
Transcription saved to reproducibility_results/plenary_full/small.en/plenary_125.wav_whisper.txt
Debug saved to the debug file
Word Error Rate:0.161(16.08%)
Running small.en, run 11
Transcription saved to reproducibility_results/plenary_full/small.en/plenary_125.wav_whisper.txt
Debug saved to the debug file
Word Error Rate:0.165(16.53%)
Running small.en, run 12
Transcription saved to reproducibility_results/plenary_full/small.en/plenary_125.wav_whisper.txt
Debug saved to the debug file
Word Error Rate:0.170(16.99%)
Running small.en, run 13
Transcription saved to reproducibility_results/plenary_full/small.en/plenary_125.wav_whisper.txt
Debug saved to the debug file
Word Error Rate:0.170(17.02%)
Running small.en, run 14
Transcription saved to reproducibility_results/plenary_full/small.en/plenary_125.wav_whisper.txt
Debug saved to the debug file
Word Error Rate:0.162(16.15%)
Running small.en, run 15
Transcription saved to reproducibility_results/plenary_full/small.en/plenary_125.wav_whisper.txt
Debug saved to the debug file
Word Error Rate:0.158(15.79%)
Running small.en, run 16
Transcription saved to reproducibility_results/plenary_full/small.en/plenary_125.wav_whisper.txt
Debug saved to the debug file
Word Error Rate:0.161(16.09%)
Running small.en, run 17
Transcription saved to reproducibility_results/plenary_full/small.en/plenary_125.wav_whisper.txt
Debug saved to the debug file
Word Error Rate:0.163(16.27%)
Running small.en, run 18
Transcription saved to reproducibility_results/plenary_full/small.en/plenary_125.wav_whisper.txt
Debug saved to the debug file
Word Error Rate:0.156(15.63%)
Running small.en, run 19
Transcription saved to reproducibility_results/plenary_full/small.en/plenary_125.wav_whisper.txt
Debug saved to the debug file
Word Error Rate:0.162(16.21%)
Running small.en, run 20
Transcription saved to reproducibility_results/plenary_full/small.en/plenary_125.wav_whisper.txt
Debug saved to the debug file
Word Error Rate:0.148(14.80%)
Running small.en, run 21
Transcription saved to reproducibility_results/plenary_full/small.en/plenary_125.wav_whisper.txt
Debug saved to the debug file
Word Error Rate:0.153(15.26%)
Running small.en, run 22
Transcription saved to reproducibility_results/plenary_full/small.en/plenary_125.wav_whisper.txt
Debug saved to the debug file
Word Error Rate:0.160(15.98%)
Running small.en, run 23
Transcription saved to reproducibility_results/plenary_full/small.en/plenary_125.wav_whisper.txt
Debug saved to the debug file
Word Error Rate:0.164(16.42%)
Running small.en, run 24
Transcription saved to reproducibility_results/plenary_full/small.en/plenary_125.wav_whisper.txt
Debug saved to the debug file
Word Error Rate:0.155(15.47%)
Running small.en, run 25
Transcription saved to reproducibility_results/plenary_full/small.en/plenary_125.wav_whisper.txt
Debug saved to the debug file
Word Error Rate:0.158(15.78%)
Running medium, run 01
Transcription saved to reproducibility_results/plenary_full/medium/plenary_125.wav_whisper.txt
Debug saved to the debug file
Word Error Rate:0.153(15.34%)
Running medium, run 02
Transcription saved to reproducibility_results/plenary_full/medium/plenary_125.wav_whisper.txt
Debug saved to the debug file
Word Error Rate:0.157(15.71%)
Running medium, run 03
Transcription saved to reproducibility_results/plenary_full/medium/plenary_125.wav_whisper.txt
Debug saved to the debug file
Word Error Rate:0.144(14.44%)
Running medium, run 04
Transcription saved to reproducibility_results/plenary_full/medium/plenary_125.wav_whisper.txt
Debug saved to the debug file
Word Error Rate:0.144(14.39%)
Running medium, run 05
Transcription saved to reproducibility_results/plenary_full/medium/plenary_125.wav_whisper.txt
Debug saved to the debug file
Word Error Rate:0.165(16.47%)
Running medium, run 06
Transcription saved to reproducibility_results/plenary_full/medium/plenary_125.wav_whisper.txt
Debug saved to the debug file
Word Error Rate:0.156(15.56%)
Running medium, run 07
Transcription saved to reproducibility_results/plenary_full/medium/plenary_125.wav_whisper.txt
Debug saved to the debug file
Word Error Rate:0.163(16.33%)
Running medium, run 08
Transcription saved to reproducibility_results/plenary_full/medium/plenary_125.wav_whisper.txt
Debug saved to the debug file
Word Error Rate:0.143(14.27%)
Running medium, run 09
Transcription saved to reproducibility_results/plenary_full/medium/plenary_125.wav_whisper.txt
Debug saved to the debug file
Word Error Rate:0.142(14.20%)
Running medium, run 10
Transcription saved to reproducibility_results/plenary_full/medium/plenary_125.wav_whisper.txt
Debug saved to the debug file
Word Error Rate:0.135(13.54%)
Running medium, run 11
Transcription saved to reproducibility_results/plenary_full/medium/plenary_125.wav_whisper.txt
Debug saved to the debug file
Word Error Rate:0.136(13.59%)
Running medium, run 12
Transcription saved to reproducibility_results/plenary_full/medium/plenary_125.wav_whisper.txt
Debug saved to the debug file
Word Error Rate:0.145(14.48%)
Running medium, run 13
Transcription saved to reproducibility_results/plenary_full/medium/plenary_125.wav_whisper.txt
Debug saved to the debug file
Word Error Rate:0.137(13.68%)
Running medium, run 14
Transcription saved to reproducibility_results/plenary_full/medium/plenary_125.wav_whisper.txt
Debug saved to the debug file
Word Error Rate:0.136(13.59%)
Running medium, run 15
Transcription saved to reproducibility_results/plenary_full/medium/plenary_125.wav_whisper.txt
Debug saved to the debug file
Word Error Rate:0.162(16.25%)
Running medium, run 16
Transcription saved to reproducibility_results/plenary_full/medium/plenary_125.wav_whisper.txt
Debug saved to the debug file
Word Error Rate:0.141(14.09%)
Running medium, run 17
Transcription saved to reproducibility_results/plenary_full/medium/plenary_125.wav_whisper.txt
Debug saved to the debug file
Word Error Rate:0.146(14.61%)
Running medium, run 18
Transcription saved to reproducibility_results/plenary_full/medium/plenary_125.wav_whisper.txt
Debug saved to the debug file
Word Error Rate:0.145(14.50%)
Running medium, run 19
Transcription saved to reproducibility_results/plenary_full/medium/plenary_125.wav_whisper.txt
Debug saved to the debug file
Word Error Rate:0.152(15.20%)
Running medium, run 20
Transcription saved to reproducibility_results/plenary_full/medium/plenary_125.wav_whisper.txt
Debug saved to the debug file
Word Error Rate:0.141(14.05%)
Running medium, run 21
Transcription saved to reproducibility_results/plenary_full/medium/plenary_125.wav_whisper.txt
Debug saved to the debug file
Word Error Rate:0.151(15.11%)
Running medium, run 22
Transcription saved to reproducibility_results/plenary_full/medium/plenary_125.wav_whisper.txt
Debug saved to the debug file
Word Error Rate:0.149(14.92%)
Running medium, run 23
Transcription saved to reproducibility_results/plenary_full/medium/plenary_125.wav_whisper.txt
Debug saved to the debug file
Word Error Rate:0.139(13.86%)
Running medium, run 24
Transcription saved to reproducibility_results/plenary_full/medium/plenary_125.wav_whisper.txt
Debug saved to the debug file
Word Error Rate:0.153(15.34%)
Running medium, run 25
Transcription saved to reproducibility_results/plenary_full/medium/plenary_125.wav_whisper.txt
Debug saved to the debug file
Word Error Rate:0.150(15.01%)
Running medium.en, run 01
Transcription saved to reproducibility_results/plenary_full/medium.en/plenary_125.wav_whisper.txt
Debug saved to the debug file
Word Error Rate:0.140(14.04%)
Running medium.en, run 02
Transcription saved to reproducibility_results/plenary_full/medium.en/plenary_125.wav_whisper.txt
Debug saved to the debug file
Word Error Rate:0.148(14.80%)
Running medium.en, run 03
Transcription saved to reproducibility_results/plenary_full/medium.en/plenary_125.wav_whisper.txt
Debug saved to the debug file
Word Error Rate:0.137(13.74%)
Running medium.en, run 04
Transcription saved to reproducibility_results/plenary_full/medium.en/plenary_125.wav_whisper.txt
Debug saved to the debug file
Word Error Rate:0.143(14.32%)
Running medium.en, run 05
Transcription saved to reproducibility_results/plenary_full/medium.en/plenary_125.wav_whisper.txt
Debug saved to the debug file
Word Error Rate:0.160(15.96%)
Running medium.en, run 06
Transcription saved to reproducibility_results/plenary_full/medium.en/plenary_125.wav_whisper.txt
Debug saved to the debug file
Word Error Rate:0.147(14.67%)
Running medium.en, run 07
Transcription saved to reproducibility_results/plenary_full/medium.en/plenary_125.wav_whisper.txt
Debug saved to the debug file
Word Error Rate:0.153(15.29%)
Running medium.en, run 08
Transcription saved to reproducibility_results/plenary_full/medium.en/plenary_125.wav_whisper.txt
Debug saved to the debug file
Word Error Rate:0.144(14.41%)
Running medium.en, run 09
Transcription saved to reproducibility_results/plenary_full/medium.en/plenary_125.wav_whisper.txt
Debug saved to the debug file
Word Error Rate:0.140(14.02%)
Running medium.en, run 10
Transcription saved to reproducibility_results/plenary_full/medium.en/plenary_125.wav_whisper.txt
Debug saved to the debug file
Word Error Rate:0.145(14.53%)
Running medium.en, run 11
Transcription saved to reproducibility_results/plenary_full/medium.en/plenary_125.wav_whisper.txt
Debug saved to the debug file
Word Error Rate:0.146(14.58%)
Running medium.en, run 12
Transcription saved to reproducibility_results/plenary_full/medium.en/plenary_125.wav_whisper.txt
Debug saved to the debug file
Word Error Rate:0.137(13.74%)
Running medium.en, run 13
Transcription saved to reproducibility_results/plenary_full/medium.en/plenary_125.wav_whisper.txt
Debug saved to the debug file
Word Error Rate:0.146(14.64%)
Running medium.en, run 14
Transcription saved to reproducibility_results/plenary_full/medium.en/plenary_125.wav_whisper.txt
Debug saved to the debug file
Word Error Rate:0.141(14.06%)
Running medium.en, run 15
Transcription saved to reproducibility_results/plenary_full/medium.en/plenary_125.wav_whisper.txt
Debug saved to the debug file
Word Error Rate:0.143(14.29%)
Running medium.en, run 16
Transcription saved to reproducibility_results/plenary_full/medium.en/plenary_125.wav_whisper.txt
Debug saved to the debug file
Word Error Rate:0.145(14.46%)
Running medium.en, run 17
Transcription saved to reproducibility_results/plenary_full/medium.en/plenary_125.wav_whisper.txt
Debug saved to the debug file
Word Error Rate:0.134(13.35%)
Running medium.en, run 18
Transcription saved to reproducibility_results/plenary_full/medium.en/plenary_125.wav_whisper.txt
Debug saved to the debug file
Word Error Rate:0.125(12.52%)
Running medium.en, run 19
Transcription saved to reproducibility_results/plenary_full/medium.en/plenary_125.wav_whisper.txt
Debug saved to the debug file
Word Error Rate:0.137(13.74%)
Running medium.en, run 20
Transcription saved to reproducibility_results/plenary_full/medium.en/plenary_125.wav_whisper.txt
Debug saved to the debug file
Word Error Rate:0.133(13.31%)
Running medium.en, run 21
Transcription saved to reproducibility_results/plenary_full/medium.en/plenary_125.wav_whisper.txt
Debug saved to the debug file
Word Error Rate:0.131(13.07%)
Running medium.en, run 22
Transcription saved to reproducibility_results/plenary_full/medium.en/plenary_125.wav_whisper.txt
Debug saved to the debug file
Word Error Rate:0.148(14.76%)
Running medium.en, run 23
Transcription saved to reproducibility_results/plenary_full/medium.en/plenary_125.wav_whisper.txt
Debug saved to the debug file
Word Error Rate:0.143(14.29%)
Running medium.en, run 24
Transcription saved to reproducibility_results/plenary_full/medium.en/plenary_125.wav_whisper.txt
Debug saved to the debug file
Word Error Rate:0.143(14.34%)
Running medium.en, run 25
Transcription saved to reproducibility_results/plenary_full/medium.en/plenary_125.wav_whisper.txt
Debug saved to the debug file
Word Error Rate:0.142(14.19%)
Running large-v3, run 01
Transcription saved to reproducibility_results/plenary_full/large-v3/plenary_125.wav_whisper.txt
Debug saved to the debug file
Word Error Rate:0.768(76.82%)
Running large-v3, run 02
Transcription saved to reproducibility_results/plenary_full/large-v3/plenary_125.wav_whisper.txt
Debug saved to the debug file
Word Error Rate:0.266(26.59%)
Running large-v3, run 03
Transcription saved to reproducibility_results/plenary_full/large-v3/plenary_125.wav_whisper.txt
Debug saved to the debug file
Word Error Rate:0.273(27.27%)
Running large-v3, run 04
Transcription saved to reproducibility_results/plenary_full/large-v3/plenary_125.wav_whisper.txt
Debug saved to the debug file
Word Error Rate:0.313(31.30%)
Running large-v3, run 05
Transcription saved to reproducibility_results/plenary_full/large-v3/plenary_125.wav_whisper.txt
Debug saved to the debug file
Word Error Rate:0.263(26.30%)
Running large-v3, run 06
Transcription saved to reproducibility_results/plenary_full/large-v3/plenary_125.wav_whisper.txt
Debug saved to the debug file
Word Error Rate:0.470(47.01%)
Running large-v3, run 07
Transcription saved to reproducibility_results/plenary_full/large-v3/plenary_125.wav_whisper.txt
Debug saved to the debug file
Word Error Rate:0.746(74.62%)
Running large-v3, run 08
Transcription saved to reproducibility_results/plenary_full/large-v3/plenary_125.wav_whisper.txt
Debug saved to the debug file
Word Error Rate:0.275(27.49%)
Running large-v3, run 09
Transcription saved to reproducibility_results/plenary_full/large-v3/plenary_125.wav_whisper.txt
Debug saved to the debug file
Word Error Rate:0.279(27.93%)
Running large-v3, run 10
Transcription saved to reproducibility_results/plenary_full/large-v3/plenary_125.wav_whisper.txt
Debug saved to the debug file
Word Error Rate:0.254(25.40%)
Running large-v3, run 11
Transcription saved to reproducibility_results/plenary_full/large-v3/plenary_125.wav_whisper.txt
Debug saved to the debug file
Word Error Rate:0.346(34.65%)
Running large-v3, run 12
Transcription saved to reproducibility_results/plenary_full/large-v3/plenary_125.wav_whisper.txt
Debug saved to the debug file
Word Error Rate:0.355(35.54%)
Running large-v3, run 13
Transcription saved to reproducibility_results/plenary_full/large-v3/plenary_125.wav_whisper.txt
Debug saved to the debug file
Word Error Rate:0.269(26.89%)
Running large-v3, run 14
Transcription saved to reproducibility_results/plenary_full/large-v3/plenary_125.wav_whisper.txt
Debug saved to the debug file
Word Error Rate:0.271(27.05%)
Running large-v3, run 15
Transcription saved to reproducibility_results/plenary_full/large-v3/plenary_125.wav_whisper.txt
Debug saved to the debug file
Word Error Rate:0.297(29.74%)
Running large-v3, run 16
Transcription saved to reproducibility_results/plenary_full/large-v3/plenary_125.wav_whisper.txt
Debug saved to the debug file
Word Error Rate:0.249(24.85%)
Running large-v3, run 17
Transcription saved to reproducibility_results/plenary_full/large-v3/plenary_125.wav_whisper.txt
Debug saved to the debug file
Word Error Rate:0.283(28.28%)
Running large-v3, run 18
Transcription saved to reproducibility_results/plenary_full/large-v3/plenary_125.wav_whisper.txt
Debug saved to the debug file
Word Error Rate:0.313(31.29%)
Running large-v3, run 19
Transcription saved to reproducibility_results/plenary_full/large-v3/plenary_125.wav_whisper.txt
Debug saved to the debug file
Word Error Rate:0.268(26.81%)
Running large-v3, run 20
Transcription saved to reproducibility_results/plenary_full/large-v3/plenary_125.wav_whisper.txt
Debug saved to the debug file
Word Error Rate:0.268(26.84%)
Running large-v3, run 21
Transcription saved to reproducibility_results/plenary_full/large-v3/plenary_125.wav_whisper.txt
Debug saved to the debug file
Word Error Rate:0.303(30.33%)
Running large-v3, run 22
Transcription saved to reproducibility_results/plenary_full/large-v3/plenary_125.wav_whisper.txt
Debug saved to the debug file
Word Error Rate:0.259(25.89%)
Running large-v3, run 23
Transcription saved to reproducibility_results/plenary_full/large-v3/plenary_125.wav_whisper.txt
Debug saved to the debug file
Word Error Rate:0.294(29.41%)
Running large-v3, run 24
Transcription saved to reproducibility_results/plenary_full/large-v3/plenary_125.wav_whisper.txt
Debug saved to the debug file
Word Error Rate:0.674(67.39%)
Running large-v3, run 25
Transcription saved to reproducibility_results/plenary_full/large-v3/plenary_125.wav_whisper.txt
Debug saved to the debug file
Word Error Rate:0.274(27.41%)
Running turbo, run 01
Transcription saved to reproducibility_results/plenary_full/turbo/plenary_125.wav_whisper.txt
Debug saved to the debug file
Word Error Rate:0.180(17.97%)
Running turbo, run 02
Transcription saved to reproducibility_results/plenary_full/turbo/plenary_125.wav_whisper.txt
Debug saved to the debug file
Word Error Rate:0.165(16.52%)
Running turbo, run 03
Transcription saved to reproducibility_results/plenary_full/turbo/plenary_125.wav_whisper.txt
Debug saved to the debug file
Word Error Rate:0.186(18.57%)
Running turbo, run 04
Transcription saved to reproducibility_results/plenary_full/turbo/plenary_125.wav_whisper.txt
Debug saved to the debug file
Word Error Rate:0.204(20.39%)
Running turbo, run 05
Transcription saved to reproducibility_results/plenary_full/turbo/plenary_125.wav_whisper.txt
Debug saved to the debug file
Word Error Rate:0.177(17.69%)
Running turbo, run 06
Transcription saved to reproducibility_results/plenary_full/turbo/plenary_125.wav_whisper.txt
Debug saved to the debug file
Word Error Rate:0.206(20.64%)
Running turbo, run 07
Transcription saved to reproducibility_results/plenary_full/turbo/plenary_125.wav_whisper.txt
Debug saved to the debug file
Word Error Rate:0.173(17.31%)
Running turbo, run 08
Transcription saved to reproducibility_results/plenary_full/turbo/plenary_125.wav_whisper.txt
Debug saved to the debug file
Word Error Rate:0.203(20.30%)
Running turbo, run 09
Transcription saved to reproducibility_results/plenary_full/turbo/plenary_125.wav_whisper.txt
Debug saved to the debug file
Word Error Rate:0.196(19.63%)
Running turbo, run 10
Transcription saved to reproducibility_results/plenary_full/turbo/plenary_125.wav_whisper.txt
Debug saved to the debug file
Word Error Rate:0.165(16.49%)
Running turbo, run 11
Transcription saved to reproducibility_results/plenary_full/turbo/plenary_125.wav_whisper.txt
Debug saved to the debug file
Word Error Rate:0.165(16.46%)
Running turbo, run 12
Transcription saved to reproducibility_results/plenary_full/turbo/plenary_125.wav_whisper.txt
Debug saved to the debug file
Word Error Rate:0.181(18.10%)
Running turbo, run 13
Transcription saved to reproducibility_results/plenary_full/turbo/plenary_125.wav_whisper.txt
Debug saved to the debug file
Word Error Rate:0.158(15.84%)
Running turbo, run 14
Transcription saved to reproducibility_results/plenary_full/turbo/plenary_125.wav_whisper.txt
Debug saved to the debug file
Word Error Rate:0.168(16.78%)
Running turbo, run 15
Transcription saved to reproducibility_results/plenary_full/turbo/plenary_125.wav_whisper.txt
Debug saved to the debug file
Word Error Rate:0.170(17.01%)
Running turbo, run 16
Transcription saved to reproducibility_results/plenary_full/turbo/plenary_125.wav_whisper.txt
Debug saved to the debug file
Word Error Rate:0.171(17.14%)
Running turbo, run 17
Transcription saved to reproducibility_results/plenary_full/turbo/plenary_125.wav_whisper.txt
Debug saved to the debug file
Word Error Rate:0.201(20.08%)
Running turbo, run 18
Transcription saved to reproducibility_results/plenary_full/turbo/plenary_125.wav_whisper.txt
Debug saved to the debug file
Word Error Rate:0.193(19.28%)
Running turbo, run 19
Transcription saved to reproducibility_results/plenary_full/turbo/plenary_125.wav_whisper.txt
Debug saved to the debug file
Word Error Rate:0.165(16.48%)
Running turbo, run 20
Transcription saved to reproducibility_results/plenary_full/turbo/plenary_125.wav_whisper.txt
Debug saved to the debug file
Word Error Rate:0.185(18.53%)
Running turbo, run 21
Transcription saved to reproducibility_results/plenary_full/turbo/plenary_125.wav_whisper.txt
Debug saved to the debug file
Word Error Rate:0.169(16.92%)
Running turbo, run 22
Transcription saved to reproducibility_results/plenary_full/turbo/plenary_125.wav_whisper.txt
Debug saved to the debug file
Word Error Rate:0.194(19.41%)
Running turbo, run 23
Transcription saved to reproducibility_results/plenary_full/turbo/plenary_125.wav_whisper.txt
Debug saved to the debug file
Word Error Rate:0.169(16.92%)
Running turbo, run 24
Transcription saved to reproducibility_results/plenary_full/turbo/plenary_125.wav_whisper.txt
Debug saved to the debug file
Word Error Rate:0.178(17.83%)
Running turbo, run 25
Transcription saved to reproducibility_results/plenary_full/turbo/plenary_125.wav_whisper.txt
Debug saved to the debug file
Word Error Rate:0.201(20.11%)
plenary complete done
